Archive member included to satisfy reference by file (symbol)

c:/st/stm32cubeide_1.9.0/stm32cubeide/plugins/com.st.stm32cube.ide.mcu.externaltools.gnu-tools-for-stm32.10.3-2021.10.win32_1.0.0.202111181127/tools/bin/../lib/gcc/arm-none-eabi/10.3.1/../../../../arm-none-eabi/lib/thumb/v7-m/nofp\libc_nano.a(lib_a-errno.o)
                              ./Core/Src/syscalls.o (__errno)
c:/st/stm32cubeide_1.9.0/stm32cubeide/plugins/com.st.stm32cube.ide.mcu.externaltools.gnu-tools-for-stm32.10.3-2021.10.win32_1.0.0.202111181127/tools/bin/../lib/gcc/arm-none-eabi/10.3.1/../../../../arm-none-eabi/lib/thumb/v7-m/nofp\libc_nano.a(lib_a-exit.o)
                              c:/st/stm32cubeide_1.9.0/stm32cubeide/plugins/com.st.stm32cube.ide.mcu.externaltools.gnu-tools-for-stm32.10.3-2021.10.win32_1.0.0.202111181127/tools/bin/../lib/gcc/arm-none-eabi/10.3.1/../../../../arm-none-eabi/lib/thumb/v7-m/nofp/crt0.o (exit)
c:/st/stm32cubeide_1.9.0/stm32cubeide/plugins/com.st.stm32cube.ide.mcu.externaltools.gnu-tools-for-stm32.10.3-2021.10.win32_1.0.0.202111181127/tools/bin/../lib/gcc/arm-none-eabi/10.3.1/../../../../arm-none-eabi/lib/thumb/v7-m/nofp\libc_nano.a(lib_a-impure.o)
                              c:/st/stm32cubeide_1.9.0/stm32cubeide/plugins/com.st.stm32cube.ide.mcu.externaltools.gnu-tools-for-stm32.10.3-2021.10.win32_1.0.0.202111181127/tools/bin/../lib/gcc/arm-none-eabi/10.3.1/../../../../arm-none-eabi/lib/thumb/v7-m/nofp\libc_nano.a(lib_a-exit.o) (_global_impure_ptr)
c:/st/stm32cubeide_1.9.0/stm32cubeide/plugins/com.st.stm32cube.ide.mcu.externaltools.gnu-tools-for-stm32.10.3-2021.10.win32_1.0.0.202111181127/tools/bin/../lib/gcc/arm-none-eabi/10.3.1/../../../../arm-none-eabi/lib/thumb/v7-m/nofp\libc_nano.a(lib_a-init.o)
                              c:/st/stm32cubeide_1.9.0/stm32cubeide/plugins/com.st.stm32cube.ide.mcu.externaltools.gnu-tools-for-stm32.10.3-2021.10.win32_1.0.0.202111181127/tools/bin/../lib/gcc/arm-none-eabi/10.3.1/../../../../arm-none-eabi/lib/thumb/v7-m/nofp/crt0.o (__libc_init_array)
c:/st/stm32cubeide_1.9.0/stm32cubeide/plugins/com.st.stm32cube.ide.mcu.externaltools.gnu-tools-for-stm32.10.3-2021.10.win32_1.0.0.202111181127/tools/bin/../lib/gcc/arm-none-eabi/10.3.1/../../../../arm-none-eabi/lib/thumb/v7-m/nofp\libc_nano.a(lib_a-memcpy-stub.o)
                              ./Middlewares/Third_Party/FreeRTOS/Source/queue.o (memcpy)
c:/st/stm32cubeide_1.9.0/stm32cubeide/plugins/com.st.stm32cube.ide.mcu.externaltools.gnu-tools-for-stm32.10.3-2021.10.win32_1.0.0.202111181127/tools/bin/../lib/gcc/arm-none-eabi/10.3.1/../../../../arm-none-eabi/lib/thumb/v7-m/nofp\libc_nano.a(lib_a-memset.o)
                              c:/st/stm32cubeide_1.9.0/stm32cubeide/plugins/com.st.stm32cube.ide.mcu.externaltools.gnu-tools-for-stm32.10.3-2021.10.win32_1.0.0.202111181127/tools/bin/../lib/gcc/arm-none-eabi/10.3.1/../../../../arm-none-eabi/lib/thumb/v7-m/nofp/crt0.o (memset)
c:/st/stm32cubeide_1.9.0/stm32cubeide/plugins/com.st.stm32cube.ide.mcu.externaltools.gnu-tools-for-stm32.10.3-2021.10.win32_1.0.0.202111181127/tools/bin/../lib/gcc/arm-none-eabi/10.3.1/../../../../arm-none-eabi/lib/thumb/v7-m/nofp\libc_nano.a(lib_a-printf.o)
                              ./Core/Src/ads1256.o (printf)
c:/st/stm32cubeide_1.9.0/stm32cubeide/plugins/com.st.stm32cube.ide.mcu.externaltools.gnu-tools-for-stm32.10.3-2021.10.win32_1.0.0.202111181127/tools/bin/../lib/gcc/arm-none-eabi/10.3.1/../../../../arm-none-eabi/lib/thumb/v7-m/nofp\libc_nano.a(lib_a-puts.o)
                              ./Core/Src/ads1256.o (puts)
c:/st/stm32cubeide_1.9.0/stm32cubeide/plugins/com.st.stm32cube.ide.mcu.externaltools.gnu-tools-for-stm32.10.3-2021.10.win32_1.0.0.202111181127/tools/bin/../lib/gcc/arm-none-eabi/10.3.1/../../../../arm-none-eabi/lib/thumb/v7-m/nofp\libc_nano.a(lib_a-wbuf.o)
                              c:/st/stm32cubeide_1.9.0/stm32cubeide/plugins/com.st.stm32cube.ide.mcu.externaltools.gnu-tools-for-stm32.10.3-2021.10.win32_1.0.0.202111181127/tools/bin/../lib/gcc/arm-none-eabi/10.3.1/../../../../arm-none-eabi/lib/thumb/v7-m/nofp\libc_nano.a(lib_a-puts.o) (__swbuf_r)
c:/st/stm32cubeide_1.9.0/stm32cubeide/plugins/com.st.stm32cube.ide.mcu.externaltools.gnu-tools-for-stm32.10.3-2021.10.win32_1.0.0.202111181127/tools/bin/../lib/gcc/arm-none-eabi/10.3.1/../../../../arm-none-eabi/lib/thumb/v7-m/nofp\libc_nano.a(lib_a-wsetup.o)
                              c:/st/stm32cubeide_1.9.0/stm32cubeide/plugins/com.st.stm32cube.ide.mcu.externaltools.gnu-tools-for-stm32.10.3-2021.10.win32_1.0.0.202111181127/tools/bin/../lib/gcc/arm-none-eabi/10.3.1/../../../../arm-none-eabi/lib/thumb/v7-m/nofp\libc_nano.a(lib_a-puts.o) (__swsetup_r)
c:/st/stm32cubeide_1.9.0/stm32cubeide/plugins/com.st.stm32cube.ide.mcu.externaltools.gnu-tools-for-stm32.10.3-2021.10.win32_1.0.0.202111181127/tools/bin/../lib/gcc/arm-none-eabi/10.3.1/../../../../arm-none-eabi/lib/thumb/v7-m/nofp\libc_nano.a(lib_a-fflush.o)
[...]
Memory Configuration

Name             Origin             Length             Attributes
RAM              0x0000000020000000 0x0000000000005000 xrw
FLASH            0x0000000008000000 0x0000000000010000 xr
*default*        0x0000000000000000 0xffffffffffffffff

Linker script and memory map

LOAD c:/st/stm32cubeide_1.9.0/stm32cubeide/plugins/com.st.stm32cube.ide.mcu.externaltools.gnu-tools-for-stm32.10.3-2021.10.win32_1.0.0.202111181127/tools/bin/../lib/gcc/arm-none-eabi/10.3.1/thumb/v7-m/nofp/crti.o
LOAD c:/st/stm32cubeide_1.9.0/stm32cubeide/plugins/com.st.stm32cube.ide.mcu.externaltools.gnu-tools-for-stm32.10.3-2021.10.win32_1.0.0.202111181127/tools/bin/../lib/gcc/arm-none-eabi/10.3.1/thumb/v7-m/nofp/crtbegin.o
LOAD c:/st/stm32cubeide_1.9.0/stm32cubeide/plugins/com.st.stm32cube.ide.mcu.externaltools.gnu-tools-for-stm32.10.3-2021.10.win32_1.0.0.202111181127/tools/bin/../lib/gcc/arm-none-eabi/10.3.1/../../../../arm-none-eabi/lib/thumb/v7-m/nofp/crt0.o
LOAD ./Core/Src/LCD.o
LOAD ./Core/Src/adc_stat.o
LOAD ./Core/Src/ads1256.o
LOAD ./Core/Src/ads1256_InterruptHandlersConnector.o
LOAD ./Core/Src/freertos.o
LOAD ./Core/Src/gpio.o
LOAD ./Core/Src/main.o
LOAD ./Core/Src/spi.o
LOAD ./Core/Src/stm32f1xx_hal_msp.o
LOAD ./Core/Src/stm32f1xx_it.o
LOAD ./Core/Src/syscalls.o
LOAD ./Core/Src/sysmem.o
LOAD ./Core/Src/system_stm32f1xx.o
LOAD ./Core/Src/tim.o
LOAD ./Core/Src/usart.o
LOAD ./Core/Startup/startup_stm32f103c8tx.o
LOAD ./Drivers/STM32F1xx_HAL_Driver/Src/stm32f1xx_hal.o
LOAD ./Drivers/STM32F1xx_HAL_Driver/Src/stm32f1xx_hal_cortex.o
LOAD ./Drivers/STM32F1xx_HAL_Driver/Src/stm32f1xx_hal_dma.o
LOAD ./Drivers/STM32F1xx_HAL_Driver/Src/stm32f1xx_hal_exti.o
LOAD ./Drivers/STM32F1xx_HAL_Driver/Src/stm32f1xx_hal_flash.o
LOAD ./Drivers/STM32F1xx_HAL_Driver/Src/stm32f1xx_hal_flash_ex.o
LOAD ./Drivers/STM32F1xx_HAL_Driver/Src/stm32f1xx_hal_gpio.o
LOAD ./Drivers/STM32F1xx_HAL_Driver/Src/stm32f1xx_hal_gpio_ex.o
LOAD ./Drivers/STM32F1xx_HAL_Driver/Src/stm32f1xx_hal_pwr.o
LOAD ./Drivers/STM32F1xx_HAL_Driver/Src/stm32f1xx_hal_rcc.o
LOAD ./Drivers/STM32F1xx_HAL_Driver/Src/stm32f1xx_hal_rcc_ex.o
LOAD ./Drivers/STM32F1xx_HAL_Driver/Src/stm32f1xx_hal_spi.o
LOAD ./Drivers/STM32F1xx_HAL_Driver/Src/stm32f1xx_hal_tim.o
LOAD ./Drivers/STM32F1xx_HAL_Driver/Src/stm32f1xx_hal_tim_ex.o
LOAD ./Drivers/STM32F1xx_HAL_Driver/Src/stm32f1xx_hal_uart.o
LOAD ./Middlewares/Third_Party/FreeRTOS/Source/CMSIS_RTOS/cmsis_os.o
LOAD ./Middlewares/Third_Party/FreeRTOS/Source/croutine.o
LOAD ./Middlewares/Third_Party/FreeRTOS/Source/event_groups.o
LOAD ./Middlewares/Third_Party/FreeRTOS/Source/list.o
LOAD ./Middlewares/Third_Party/FreeRTOS/Source/queue.o
LOAD ./Middlewares/Third_Party/FreeRTOS/Source/stream_buffer.o
LOAD ./Middlewares/Third_Party/FreeRTOS/Source/tasks.o
LOAD ./Middlewares/Third_Party/FreeRTOS/Source/timers.o
LOAD ./Middlewares/Third_Party/FreeRTOS/Source/portable/GCC/ARM_CM3/port.o
LOAD ./Middlewares/Third_Party/FreeRTOS/Source/portable/MemMang/heap_4.o
START GROUP
LOAD c:/st/stm32cubeide_1.9.0/stm32cubeide/plugins/com.st.stm32cube.ide.mcu.externaltools.gnu-tools-for-stm32.10.3-2021.10.win32_1.0.0.202111181127/tools/bin/../lib/gcc/arm-none-eabi/10.3.1/../../../../arm-none-eabi/lib/thumb/v7-m/nofp\libc_nano.a
LOAD c:/st/stm32cubeide_1.9.0/stm32cubeide/plugins/com.st.stm32cube.ide.mcu.externaltools.gnu-tools-for-stm32.10.3-2021.10.win32_1.0.0.202111181127/tools/bin/../lib/gcc/arm-none-eabi/10.3.1/../../../../arm-none-eabi/lib/thumb/v7-m/nofp\libm.a
END GROUP
START GROUP
LOAD c:/st/stm32cubeide_1.9.0/stm32cubeide/plugins/com.st.stm32cube.ide.mcu.externaltools.gnu-tools-for-stm32.10.3-2021.10.win32_1.0.0.202111181127/tools/bin/../lib/gcc/arm-none-eabi/10.3.1/thumb/v7-m/nofp\libgcc.a
LOAD c:/st/stm32cubeide_1.9.0/stm32cubeide/plugins/com.st.stm32cube.ide.mcu.externaltools.gnu-tools-for-stm32.10.3-2021.10.win32_1.0.0.202111181127/tools/bin/../lib/gcc/arm-none-eabi/10.3.1/../../../../arm-none-eabi/lib/thumb/v7-m/nofp\libc_nano.a
END GROUP
START GROUP
LOAD c:/st/stm32cubeide_1.9.0/stm32cubeide/plugins/com.st.stm32cube.ide.mcu.externaltools.gnu-tools-for-stm32.10.3-2021.10.win32_1.0.0.202111181127/tools/bin/../lib/gcc/arm-none-eabi/10.3.1/thumb/v7-m/nofp\libgcc.a
LOAD c:/st/stm32cubeide_1.9.0/stm32cubeide/plugins/com.st.stm32cube.ide.mcu.externaltools.gnu-tools-for-stm32.10.3-2021.10.win32_1.0.0.202111181127/tools/bin/../lib/gcc/arm-none-eabi/10.3.1/../../../../arm-none-eabi/lib/thumb/v7-m/nofp\libc_nano.a
LOAD c:/st/stm32cubeide_1.9.0/stm32cubeide/plugins/com.st.stm32cube.ide.mcu.externaltools.gnu-tools-for-stm32.10.3-2021.10.win32_1.0.0.202111181127/tools/bin/../lib/gcc/arm-none-eabi/10.3.1/../../../../arm-none-eabi/lib/thumb/v7-m/nofp\libnosys.a
END GROUP
START GROUP
LOAD c:/st/stm32cubeide_1.9.0/stm32cubeide/plugins/com.st.stm32cube.ide.mcu.externaltools.gnu-tools-for-stm32.10.3-2021.10.win32_1.0.0.202111181127/tools/bin/../lib/gcc/arm-none-eabi/10.3.1/thumb/v7-m/nofp\libgcc.a
LOAD c:/st/stm32cubeide_1.9.0/stm32cubeide/plugins/com.st.stm32cube.ide.mcu.externaltools.gnu-tools-for-stm32.10.3-2021.10.win32_1.0.0.202111181127/tools/bin/../lib/gcc/arm-none-eabi/10.3.1/../../../../arm-none-eabi/lib/thumb/v7-m/nofp\libc_nano.a
LOAD c:/st/stm32cubeide_1.9.0/stm32cubeide/plugins/com.st.stm32cube.ide.mcu.externaltools.gnu-tools-for-stm32.10.3-2021.10.win32_1.0.0.202111181127/tools/bin/../lib/gcc/arm-none-eabi/10.3.1/../../../../arm-none-eabi/lib/thumb/v7-m/nofp\libnosys.a
END GROUP
LOAD c:/st/stm32cubeide_1.9.0/stm32cubeide/plugins/com.st.stm32cube.ide.mcu.externaltools.gnu-tools-for-stm32.10.3-2021.10.win32_1.0.0.202111181127/tools/bin/../lib/gcc/arm-none-eabi/10.3.1/thumb/v7-m/nofp/crtend.o
LOAD c:/st/stm32cubeide_1.9.0/stm32cubeide/plugins/com.st.stm32cube.ide.mcu.externaltools.gnu-tools-for-stm32.10.3-2021.10.win32_1.0.0.202111181127/tools/bin/../lib/gcc/arm-none-eabi/10.3.1/thumb/v7-m/nofp/crtn.o
                0x0000000020005000                _estack = (ORIGIN (RAM) + LENGTH (RAM))
                0x0000000000000200                _Min_Heap_Size = 0x200
                0x0000000000000400                _Min_Stack_Size = 0x400

.isr_vector     0x0000000008000000      0x10c
                0x0000000008000000                . = ALIGN (0x4)
 *(.isr_vector)
 .isr_vector    0x0000000008000000      0x10c ./Core/Startup/startup_stm32f103c8tx.o
                0x0000000008000000                g_pfnVectors
                0x000000000800010c                . = ALIGN (0x4)

.text           0x0000000008000110     0x747c
                0x0000000008000110                . = ALIGN (0x4)
 *(.text)
 .text          0x0000000008000110       0x40 c:/st/stm32cubeide_1.9.0/stm32cubeide/plugins/com.st.stm32cube.ide.mcu.externaltools.gnu-tools-for-stm32.10.3-2021.10.win32_1.0.0.202111181127/tools/bin/../lib/gcc/arm-none-eabi/10.3.1/thumb/v7-m/nofp/crtbegin.o
 *(.text*)
 .text.LCD_Delay_us
                0x0000000008000150       0x78 ./Core/Src/LCD.o
                0x0000000008000150                LCD_Delay_us
 .text.LCD_Delay_ms
                0x00000000080001c8       0x1a ./Core/Src/LCD.o
                0x00000000080001c8                LCD_Delay_ms
 *fill*         0x00000000080001e2        0x2 
 .text.LCD_Init_High
                0x00000000080001e4       0xa8 ./Core/Src/LCD.o
                0x00000000080001e4                LCD_Init_High
 .text.LCD_Clear_High
                0x000000000800028c       0x14 ./Core/Src/LCD.o
                0x000000000800028c                LCD_Clear_High
 .text.LCD_Puts_High
                0x00000000080002a0       0xb8 ./Core/Src/LCD.o
                0x00000000080002a0                LCD_Puts_High
 .text.LCD_DisplayOn_High
                0x0000000008000358       0x2c ./Core/Src/LCD.o
                0x0000000008000358                LCD_DisplayOn_High
 .text.LCD_Cmd_High
                0x0000000008000384       0x3c ./Core/Src/LCD.o
 .text.LCD_Data_High
                0x00000000080003c0       0x3c ./Core/Src/LCD.o
 .text.LCD_Cmd4bit_High
                0x00000000080003fc       0x88 ./Core/Src/LCD.o
 .text.LCD_CursorSet_High
                0x0000000008000484       0x5c ./Core/Src/LCD.o
 .text.LCD_Init_Port
                0x00000000080004e0       0x98 ./Core/Src/LCD.o
                0x00000000080004e0                LCD_Init_Port
 .text.LCD_Init_Low
                0x0000000008000578       0xa8 ./Core/Src/LCD.o
                0x0000000008000578                LCD_Init_Low
 .text.LCD_Clear_Low
                0x0000000008000620       0x14 ./Core/Src/LCD.o
                0x0000000008000620                LCD_Clear_Low
 .text.LCD_Puts_Low
                0x0000000008000634       0xb8 ./Core/Src/LCD.o
                0x0000000008000634                LCD_Puts_Low
 .text.LCD_DisplayOn_Low
                0x00000000080006ec       0x2c ./Core/Src/LCD.o
                0x00000000080006ec                LCD_DisplayOn_Low
 .text.LCD_Cmd_Low
                0x0000000008000718       0x3c ./Core/Src/LCD.o
 .text.LCD_Data_Low
                0x0000000008000754       0x3c ./Core/Src/LCD.o
 .text.LCD_Cmd4bit_Low
                0x0000000008000790       0x88 ./Core/Src/LCD.o
 .text.LCD_CursorSet_Low
                0x0000000008000818       0x5c ./Core/Src/LCD.o
 .text.LCD_Init
                0x0000000008000874       0x14 ./Core/Src/LCD.o
                0x0000000008000874                LCD_Init
 .text.delay_us
                0x0000000008000888       0x30 ./Core/Src/ads1256.o
                0x0000000008000888                delay_us
 .text.ADS1256_Log_DumpRegisters
                0x00000000080008b8      0x7cc ./Core/Src/ads1256.o
                0x00000000080008b8                ADS1256_Log_DumpRegisters
 .text.ADS1256_Command_Reset
                0x0000000008001084       0x68 ./Core/Src/ads1256.o
                0x0000000008001084                ADS1256_Command_Reset
 .text.ADS1256_Command_ReadFromRegister
                0x00000000080010ec       0xa0 ./Core/Src/ads1256.o
                0x00000000080010ec                ADS1256_Command_ReadFromRegister
 .text.ADS1256_Command_WriteToRegister
                0x000000000800118c       0xb4 ./Core/Src/ads1256.o
                0x000000000800118c                ADS1256_Command_WriteToRegister
 .text.ADS1256_Command_SelfCalibration
                0x0000000008001240       0x68 ./Core/Src/ads1256.o
                0x0000000008001240                ADS1256_Command_SelfCalibration
 .text.ADS1256_Command_Synchronize
                0x00000000080012a8       0x54 ./Core/Src/ads1256.o
                0x00000000080012a8                ADS1256_Command_Synchronize
 .text.ADS1256_Command_WakeUp
                0x00000000080012fc       0x3c ./Core/Src/ads1256.o
                0x00000000080012fc                ADS1256_Command_WakeUp
 .text.ADS1256_API_Reset
                0x0000000008001338       0x34 ./Core/Src/ads1256.o
                0x0000000008001338                ADS1256_API_Reset
 .text.ADS1256_API_SetBitOrderMode
                0x000000000800136c       0x68 ./Core/Src/ads1256.o
                0x000000000800136c                ADS1256_API_SetBitOrderMode
 .text.ADS1256_API_SetAutoCalibrationMode
                0x00000000080013d4       0x68 ./Core/Src/ads1256.o
                0x00000000080013d4                ADS1256_API_SetAutoCalibrationMode
 .text.ADS1256_API_SetInputBufferMode
                0x000000000800143c       0x74 ./Core/Src/ads1256.o
                0x000000000800143c                ADS1256_API_SetInputBufferMode
 .text.ADS1256_API_SetMultiplexerSingleP
                0x00000000080014b0       0x1c ./Core/Src/ads1256.o
                0x00000000080014b0                ADS1256_API_SetMultiplexerSingleP
 .text.ADS1256_API_SetMultiplexerDifferential
                0x00000000080014cc      0x11c ./Core/Src/ads1256.o
                0x00000000080014cc                ADS1256_API_SetMultiplexerDifferential
 .text.ADS1256_API_SetClockOutMode
                0x00000000080015e8       0x6c ./Core/Src/ads1256.o
                0x00000000080015e8                ADS1256_API_SetClockOutMode
 .text.ADS1256_API_SetProgrammableGainAmplifierMode
                0x0000000008001654       0x78 ./Core/Src/ads1256.o
                0x0000000008001654                ADS1256_API_SetProgrammableGainAmplifierMode
 .text.ADS1256_Convert_SPS2DRATE
                0x00000000080016cc       0xbe ./Core/Src/ads1256.o
                0x00000000080016cc                ADS1256_Convert_SPS2DRATE
 .text.ADS1256_Convert_DRATE2SPS
                0x000000000800178a       0xe2 ./Core/Src/ads1256.o
                0x000000000800178a                ADS1256_Convert_DRATE2SPS
 .text.ADS1256_API_SetDataRateMode
                0x000000000800186c       0x68 ./Core/Src/ads1256.o
                0x000000000800186c                ADS1256_API_SetDataRateMode
 .text.ADS1256_API_SetDataRateModeSPS
                0x00000000080018d4       0x22 ./Core/Src/ads1256.o
                0x00000000080018d4                ADS1256_API_SetDataRateModeSPS
 *fill*         0x00000000080018f6        0x2 
 .text.ADS1256_API_DoSelfCalibration
                0x00000000080018f8       0x3c ./Core/Src/ads1256.o
                0x00000000080018f8                ADS1256_API_DoSelfCalibration
 .text.ADS1256_Init
                0x0000000008001934       0x68 ./Core/Src/ads1256.o
                0x0000000008001934                ADS1256_Init
 .text.ADS1256_Command_ReadData
                0x000000000800199c       0xb4 ./Core/Src/ads1256.o
                0x000000000800199c                ADS1256_Command_ReadData
 .text.ADS1256_API_ConvertDataOnce
                0x0000000008001a50       0x48 ./Core/Src/ads1256.o
                0x0000000008001a50                ADS1256_API_ConvertDataOnce
 .text.ADS1256_API_ReadLastData
                0x0000000008001a98       0x40 ./Core/Src/ads1256.o
                0x0000000008001a98                ADS1256_API_ReadLastData
 .text.ADS1256_API_IfDataContinuousMode
                0x0000000008001ad8       0x20 ./Core/Src/ads1256.o
                0x0000000008001ad8                ADS1256_API_IfDataContinuousMode
 .text.ADS1256_INTERRUPT_OnDRDY
                0x0000000008001af8      0x110 ./Core/Src/ads1256.o
                0x0000000008001af8                ADS1256_INTERRUPT_OnDRDY
 .text.ADS1256_INTERRUPT_OnSPI
                0x0000000008001c08       0xa0 ./Core/Src/ads1256.o
                0x0000000008001c08                ADS1256_INTERRUPT_OnSPI
 .text.HAL_SPI_TxRxCpltCallback
                0x0000000008001ca8       0x16 ./Core/Src/ads1256_InterruptHandlersConnector.o
                0x0000000008001ca8                HAL_SPI_TxRxCpltCallback
 *fill*         0x0000000008001cbe        0x2 
 .text.HAL_SPI_ErrorCallback
                0x0000000008001cc0       0x1c ./Core/Src/ads1256_InterruptHandlersConnector.o
                0x0000000008001cc0                HAL_SPI_ErrorCallback
 .text.HAL_GPIO_EXTI_Callback
                0x0000000008001cdc       0x1a ./Core/Src/ads1256_InterruptHandlersConnector.o
                0x0000000008001cdc                HAL_GPIO_EXTI_Callback
 *fill*         0x0000000008001cf6        0x2 
 .text.MX_GPIO_Init
                0x0000000008001cf8      0x134 ./Core/Src/gpio.o
                0x0000000008001cf8                MX_GPIO_Init
 .text.main     0x0000000008001e2c       0x98 ./Core/Src/main.o
                0x0000000008001e2c                main
 .text.SystemClock_Config
                0x0000000008001ec4       0x8a ./Core/Src/main.o
                0x0000000008001ec4                SystemClock_Config
 .text.Error_Handler
                0x0000000008001f4e        0xa ./Core/Src/main.o
                0x0000000008001f4e                Error_Handler
 .text.assert_failed
                0x0000000008001f58       0x14 ./Core/Src/main.o
                0x0000000008001f58                assert_failed
 .text._write   0x0000000008001f6c       0x2c ./Core/Src/main.o
                0x0000000008001f6c                _write
 .text.MX_SPI2_Init
                0x0000000008001f98       0x6c ./Core/Src/spi.o
                0x0000000008001f98                MX_SPI2_Init
 .text.HAL_SPI_MspInit
                0x0000000008002004       0xa8 ./Core/Src/spi.o
                0x0000000008002004                HAL_SPI_MspInit
 .text.HAL_MspInit
                0x00000000080020ac       0x68 ./Core/Src/stm32f1xx_hal_msp.o
                0x00000000080020ac                HAL_MspInit
 .text.NMI_Handler
                0x0000000008002114        0x6 ./Core/Src/stm32f1xx_it.o
                0x0000000008002114                NMI_Handler
 .text.HardFault_Handler
                0x000000000800211a        0x6 ./Core/Src/stm32f1xx_it.o
                0x000000000800211a                HardFault_Handler
 .text.MemManage_Handler
                0x0000000008002120        0x6 ./Core/Src/stm32f1xx_it.o
                0x0000000008002120                MemManage_Handler
 .text.BusFault_Handler
                0x0000000008002126        0x6 ./Core/Src/stm32f1xx_it.o
                0x0000000008002126                BusFault_Handler
 .text.UsageFault_Handler
                0x000000000800212c        0x6 ./Core/Src/stm32f1xx_it.o
                0x000000000800212c                UsageFault_Handler
 .text.DebugMon_Handler
                0x0000000008002132        0xc ./Core/Src/stm32f1xx_it.o
                0x0000000008002132                DebugMon_Handler
 .text.SysTick_Handler
                0x000000000800213e       0x1a ./Core/Src/stm32f1xx_it.o
                0x000000000800213e                SysTick_Handler
 .text.SPI2_IRQHandler
                0x0000000008002158       0x14 ./Core/Src/stm32f1xx_it.o
                0x0000000008002158                SPI2_IRQHandler
 .text.EXTI15_10_IRQHandler
                0x000000000800216c       0x10 ./Core/Src/stm32f1xx_it.o
                0x000000000800216c                EXTI15_10_IRQHandler
 .text._read    0x000000000800217c       0x3a ./Core/Src/syscalls.o
                0x000000000800217c                _read
 .text._close   0x00000000080021b6       0x16 ./Core/Src/syscalls.o
                0x00000000080021b6                _close
 .text._fstat   0x00000000080021cc       0x1e ./Core/Src/syscalls.o
                0x00000000080021cc                _fstat
 .text._isatty  0x00000000080021ea       0x14 ./Core/Src/syscalls.o
                0x00000000080021ea                _isatty
 .text._lseek   0x00000000080021fe       0x18 ./Core/Src/syscalls.o
                0x00000000080021fe                _lseek
 *fill*         0x0000000008002216        0x2 
 .text._sbrk    0x0000000008002218       0x6c ./Core/Src/sysmem.o
                0x0000000008002218                _sbrk
 .text.SystemInit
                0x0000000008002284        0xc ./Core/Src/system_stm32f1xx.o
                0x0000000008002284                SystemInit
 .text.MX_TIM1_Init
                0x0000000008002290       0xa0 ./Core/Src/tim.o
                0x0000000008002290                MX_TIM1_Init
 .text.HAL_TIM_Base_MspInit
                0x0000000008002330       0x3c ./Core/Src/tim.o
                0x0000000008002330                HAL_TIM_Base_MspInit
 .text.MX_USART1_UART_Init
                0x000000000800236c       0x54 ./Core/Src/usart.o
                0x000000000800236c                MX_USART1_UART_Init
 .text.HAL_UART_MspInit
                0x00000000080023c0       0x98 ./Core/Src/usart.o
                0x00000000080023c0                HAL_UART_MspInit
 .text.Reset_Handler
                0x0000000008002458       0x48 ./Core/Startup/startup_stm32f103c8tx.o
                0x0000000008002458                Reset_Handler
 .text.Default_Handler
                0x00000000080024a0        0x2 ./Core/Startup/startup_stm32f103c8tx.o
                0x00000000080024a0                RTC_Alarm_IRQHandler
                0x00000000080024a0                EXTI2_IRQHandler
                0x00000000080024a0                TIM1_CC_IRQHandler
                0x00000000080024a0                PVD_IRQHandler
                0x00000000080024a0                EXTI3_IRQHandler
                0x00000000080024a0                EXTI0_IRQHandler
                0x00000000080024a0                I2C2_EV_IRQHandler
                0x00000000080024a0                ADC1_2_IRQHandler
                0x00000000080024a0                SPI1_IRQHandler
                0x00000000080024a0                TAMPER_IRQHandler
                0x00000000080024a0                DMA1_Channel4_IRQHandler
                0x00000000080024a0                USART3_IRQHandler
                0x00000000080024a0                RTC_IRQHandler
                0x00000000080024a0                DMA1_Channel7_IRQHandler
                0x00000000080024a0                CAN1_RX1_IRQHandler
                0x00000000080024a0                TIM4_IRQHandler
                0x00000000080024a0                I2C1_EV_IRQHandler
                0x00000000080024a0                DMA1_Channel6_IRQHandler
                0x00000000080024a0                TIM3_IRQHandler
                0x00000000080024a0                RCC_IRQHandler
                0x00000000080024a0                TIM1_TRG_COM_IRQHandler
                0x00000000080024a0                DMA1_Channel1_IRQHandler
                0x00000000080024a0                Default_Handler
                0x00000000080024a0                EXTI9_5_IRQHandler
                0x00000000080024a0                DMA1_Channel5_IRQHandler
                0x00000000080024a0                EXTI4_IRQHandler
                0x00000000080024a0                USB_LP_CAN1_RX0_IRQHandler
                0x00000000080024a0                USB_HP_CAN1_TX_IRQHandler
                0x00000000080024a0                DMA1_Channel3_IRQHandler
                0x00000000080024a0                TIM1_UP_IRQHandler
                0x00000000080024a0                WWDG_IRQHandler
                0x00000000080024a0                TIM2_IRQHandler
                0x00000000080024a0                TIM1_BRK_IRQHandler
                0x00000000080024a0                EXTI1_IRQHandler
                0x00000000080024a0                USART2_IRQHandler
                0x00000000080024a0                I2C2_ER_IRQHandler
                0x00000000080024a0                DMA1_Channel2_IRQHandler
                0x00000000080024a0                CAN1_SCE_IRQHandler
                0x00000000080024a0                FLASH_IRQHandler
                0x00000000080024a0                USART1_IRQHandler
                0x00000000080024a0                I2C1_ER_IRQHandler
                0x00000000080024a0                USBWakeUp_IRQHandler
 *fill*         0x00000000080024a2        0x2 
 .text.HAL_Init
                0x00000000080024a4       0x2c ./Drivers/STM32F1xx_HAL_Driver/Src/stm32f1xx_hal.o
                0x00000000080024a4                HAL_Init
 .text.HAL_InitTick
                0x00000000080024d0       0x60 ./Drivers/STM32F1xx_HAL_Driver/Src/stm32f1xx_hal.o
                0x00000000080024d0                HAL_InitTick
 .text.HAL_IncTick
                0x0000000008002530       0x24 ./Drivers/STM32F1xx_HAL_Driver/Src/stm32f1xx_hal.o
                0x0000000008002530                HAL_IncTick
 .text.HAL_GetTick
                0x0000000008002554       0x14 ./Drivers/STM32F1xx_HAL_Driver/Src/stm32f1xx_hal.o
                0x0000000008002554                HAL_GetTick
 .text.HAL_Delay
                0x0000000008002568       0x48 ./Drivers/STM32F1xx_HAL_Driver/Src/stm32f1xx_hal.o
                0x0000000008002568                HAL_Delay
 .text.__NVIC_SetPriorityGrouping
                0x00000000080025b0       0x48 ./Drivers/STM32F1xx_HAL_Driver/Src/stm32f1xx_hal_cortex.o
 .text.__NVIC_GetPriorityGrouping
                0x00000000080025f8       0x1c ./Drivers/STM32F1xx_HAL_Driver/Src/stm32f1xx_hal_cortex.o
 .text.__NVIC_EnableIRQ
                0x0000000008002614       0x38 ./Drivers/STM32F1xx_HAL_Driver/Src/stm32f1xx_hal_cortex.o
 .text.__NVIC_SetPriority
                0x000000000800264c       0x54 ./Drivers/STM32F1xx_HAL_Driver/Src/stm32f1xx_hal_cortex.o
 .text.NVIC_EncodePriority
                0x00000000080026a0       0x64 ./Drivers/STM32F1xx_HAL_Driver/Src/stm32f1xx_hal_cortex.o
 .text.SysTick_Config
                0x0000000008002704       0x44 ./Drivers/STM32F1xx_HAL_Driver/Src/stm32f1xx_hal_cortex.o
 .text.HAL_NVIC_SetPriorityGrouping
                0x0000000008002748       0x40 ./Drivers/STM32F1xx_HAL_Driver/Src/stm32f1xx_hal_cortex.o
                0x0000000008002748                HAL_NVIC_SetPriorityGrouping
 .text.HAL_NVIC_SetPriority
                0x0000000008002788       0x58 ./Drivers/STM32F1xx_HAL_Driver/Src/stm32f1xx_hal_cortex.o
                0x0000000008002788                HAL_NVIC_SetPriority
 .text.HAL_NVIC_EnableIRQ
                0x00000000080027e0       0x30 ./Drivers/STM32F1xx_HAL_Driver/Src/stm32f1xx_hal_cortex.o
                0x00000000080027e0                HAL_NVIC_EnableIRQ
 .text.HAL_SYSTICK_Config
                0x0000000008002810       0x18 ./Drivers/STM32F1xx_HAL_Driver/Src/stm32f1xx_hal_cortex.o
                0x0000000008002810                HAL_SYSTICK_Config
 .text.HAL_DMA_Abort_IT
                0x0000000008002828       0xf0 ./Drivers/STM32F1xx_HAL_Driver/Src/stm32f1xx_hal_dma.o
                0x0000000008002828                HAL_DMA_Abort_IT
 .text.HAL_GPIO_Init
                0x0000000008002918      0x4dc ./Drivers/STM32F1xx_HAL_Driver/Src/stm32f1xx_hal_gpio.o
                0x0000000008002918                HAL_GPIO_Init
 .text.HAL_GPIO_ReadPin
                0x0000000008002df4       0x4c ./Drivers/STM32F1xx_HAL_Driver/Src/stm32f1xx_hal_gpio.o
                0x0000000008002df4                HAL_GPIO_ReadPin
 .text.HAL_GPIO_WritePin
                0x0000000008002e40       0x64 ./Drivers/STM32F1xx_HAL_Driver/Src/stm32f1xx_hal_gpio.o
                0x0000000008002e40                HAL_GPIO_WritePin
 .text.HAL_GPIO_EXTI_IRQHandler
                0x0000000008002ea4       0x30 ./Drivers/STM32F1xx_HAL_Driver/Src/stm32f1xx_hal_gpio.o
                0x0000000008002ea4                HAL_GPIO_EXTI_IRQHandler
 .text.HAL_RCC_OscConfig
                0x0000000008002ed4      0x6dc ./Drivers/STM32F1xx_HAL_Driver/Src/stm32f1xx_hal_rcc.o
                0x0000000008002ed4                HAL_RCC_OscConfig
 .text.HAL_RCC_ClockConfig
                0x00000000080035b0      0x320 ./Drivers/STM32F1xx_HAL_Driver/Src/stm32f1xx_hal_rcc.o
                0x00000000080035b0                HAL_RCC_ClockConfig
 .text.HAL_RCC_GetSysClockFreq
                0x00000000080038d0       0xa8 ./Drivers/STM32F1xx_HAL_Driver/Src/stm32f1xx_hal_rcc.o
                0x00000000080038d0                HAL_RCC_GetSysClockFreq
 .text.HAL_RCC_GetHCLKFreq
                0x0000000008003978       0x14 ./Drivers/STM32F1xx_HAL_Driver/Src/stm32f1xx_hal_rcc.o
                0x0000000008003978                HAL_RCC_GetHCLKFreq
 .text.HAL_RCC_GetPCLK1Freq
                0x000000000800398c       0x28 ./Drivers/STM32F1xx_HAL_Driver/Src/stm32f1xx_hal_rcc.o
                0x000000000800398c                HAL_RCC_GetPCLK1Freq
 .text.HAL_RCC_GetPCLK2Freq
                0x00000000080039b4       0x28 ./Drivers/STM32F1xx_HAL_Driver/Src/stm32f1xx_hal_rcc.o
                0x00000000080039b4                HAL_RCC_GetPCLK2Freq
 .text.RCC_Delay
                0x00000000080039dc       0x3c ./Drivers/STM32F1xx_HAL_Driver/Src/stm32f1xx_hal_rcc.o
 .text.HAL_SPI_Init
                0x0000000008003a18      0x2fc ./Drivers/STM32F1xx_HAL_Driver/Src/stm32f1xx_hal_spi.o
                0x0000000008003a18                HAL_SPI_Init
 .text.HAL_SPI_Transmit
                0x0000000008003d14      0x2a8 ./Drivers/STM32F1xx_HAL_Driver/Src/stm32f1xx_hal_spi.o
                0x0000000008003d14                HAL_SPI_Transmit
 .text.HAL_SPI_Receive
                0x0000000008003fbc      0x230 ./Drivers/STM32F1xx_HAL_Driver/Src/stm32f1xx_hal_spi.o
                0x0000000008003fbc                HAL_SPI_Receive
 .text.HAL_SPI_TransmitReceive
                0x00000000080041ec      0x378 ./Drivers/STM32F1xx_HAL_Driver/Src/stm32f1xx_hal_spi.o
                0x00000000080041ec                HAL_SPI_TransmitReceive
 .text.HAL_SPI_TransmitReceive_IT
                0x0000000008004564      0x13c ./Drivers/STM32F1xx_HAL_Driver/Src/stm32f1xx_hal_spi.o
                0x0000000008004564                HAL_SPI_TransmitReceive_IT
 .text.HAL_SPI_Abort_IT
                0x00000000080046a0      0x1e4 ./Drivers/STM32F1xx_HAL_Driver/Src/stm32f1xx_hal_spi.o
                0x00000000080046a0                HAL_SPI_Abort_IT
 .text.HAL_SPI_IRQHandler
                0x0000000008004884      0x1cc ./Drivers/STM32F1xx_HAL_Driver/Src/stm32f1xx_hal_spi.o
                0x0000000008004884                HAL_SPI_IRQHandler
 .text.HAL_SPI_RxCpltCallback
                0x0000000008004a50       0x12 ./Drivers/STM32F1xx_HAL_Driver/Src/stm32f1xx_hal_spi.o
                0x0000000008004a50                HAL_SPI_RxCpltCallback
 .text.HAL_SPI_AbortCpltCallback
                0x0000000008004a62       0x12 ./Drivers/STM32F1xx_HAL_Driver/Src/stm32f1xx_hal_spi.o
                0x0000000008004a62                HAL_SPI_AbortCpltCallback
 .text.SPI_DMAAbortOnError
                0x0000000008004a74       0x28 ./Drivers/STM32F1xx_HAL_Driver/Src/stm32f1xx_hal_spi.o
 .text.SPI_DMATxAbortCallback
                0x0000000008004a9c       0xc4 ./Drivers/STM32F1xx_HAL_Driver/Src/stm32f1xx_hal_spi.o
 .text.SPI_DMARxAbortCallback
                0x0000000008004b60       0xb2 ./Drivers/STM32F1xx_HAL_Driver/Src/stm32f1xx_hal_spi.o
 .text.SPI_2linesRxISR_8BIT
                0x0000000008004c12       0x64 ./Drivers/STM32F1xx_HAL_Driver/Src/stm32f1xx_hal_spi.o
 .text.SPI_2linesTxISR_8BIT
                0x0000000008004c76       0x60 ./Drivers/STM32F1xx_HAL_Driver/Src/stm32f1xx_hal_spi.o
 .text.SPI_2linesRxISR_16BIT
                0x0000000008004cd6       0x60 ./Drivers/STM32F1xx_HAL_Driver/Src/stm32f1xx_hal_spi.o
 .text.SPI_2linesTxISR_16BIT
                0x0000000008004d36       0x5e ./Drivers/STM32F1xx_HAL_Driver/Src/stm32f1xx_hal_spi.o
 .text.SPI_WaitFlagStateUntilTimeout
                0x0000000008004d94      0x110 ./Drivers/STM32F1xx_HAL_Driver/Src/stm32f1xx_hal_spi.o
 .text.SPI_EndRxTransaction
                0x0000000008004ea4       0xa4 ./Drivers/STM32F1xx_HAL_Driver/Src/stm32f1xx_hal_spi.o
 .text.SPI_EndRxTxTransaction
                0x0000000008004f48       0x3c ./Drivers/STM32F1xx_HAL_Driver/Src/stm32f1xx_hal_spi.o
 .text.SPI_CloseRxTx_ISR
                0x0000000008004f84       0xe8 ./Drivers/STM32F1xx_HAL_Driver/Src/stm32f1xx_hal_spi.o
 .text.SPI_AbortRx_ISR
                0x000000000800506c       0x8c ./Drivers/STM32F1xx_HAL_Driver/Src/stm32f1xx_hal_spi.o
 .text.SPI_AbortTx_ISR
                0x00000000080050f8       0x3a ./Drivers/STM32F1xx_HAL_Driver/Src/stm32f1xx_hal_spi.o
 *fill*         0x0000000008005132        0x2 
 .text.HAL_TIM_Base_Init
                0x0000000008005134      0x170 ./Drivers/STM32F1xx_HAL_Driver/Src/stm32f1xx_hal_tim.o
                0x0000000008005134                HAL_TIM_Base_Init
 .text.HAL_TIM_Base_Start
                0x00000000080052a4       0xc8 ./Drivers/STM32F1xx_HAL_Driver/Src/stm32f1xx_hal_tim.o
                0x00000000080052a4                HAL_TIM_Base_Start
 .text.HAL_TIM_ConfigClockSource
                0x000000000800536c      0x564 ./Drivers/STM32F1xx_HAL_Driver/Src/stm32f1xx_hal_tim.o
                0x000000000800536c                HAL_TIM_ConfigClockSource
 .text.TIM_Base_SetConfig
                0x00000000080058d0       0xc4 ./Drivers/STM32F1xx_HAL_Driver/Src/stm32f1xx_hal_tim.o
                0x00000000080058d0                TIM_Base_SetConfig
 .text.TIM_TI1_ConfigInputStage
                0x0000000008005994       0x5c ./Drivers/STM32F1xx_HAL_Driver/Src/stm32f1xx_hal_tim.o
 .text.TIM_TI2_ConfigInputStage
                0x00000000080059f0       0x5e ./Drivers/STM32F1xx_HAL_Driver/Src/stm32f1xx_hal_tim.o
 .text.TIM_ITRx_SetConfig
                0x0000000008005a4e       0x34 ./Drivers/STM32F1xx_HAL_Driver/Src/stm32f1xx_hal_tim.o
 .text.TIM_ETR_SetConfig
                0x0000000008005a82       0x3e ./Drivers/STM32F1xx_HAL_Driver/Src/stm32f1xx_hal_tim.o
                0x0000000008005a82                TIM_ETR_SetConfig
 .text.HAL_TIMEx_MasterConfigSynchronization
                0x0000000008005ac0      0x154 ./Drivers/STM32F1xx_HAL_Driver/Src/stm32f1xx_hal_tim_ex.o
                0x0000000008005ac0                HAL_TIMEx_MasterConfigSynchronization
 .text.HAL_UART_Init
                0x0000000008005c14      0x158 ./Drivers/STM32F1xx_HAL_Driver/Src/stm32f1xx_hal_uart.o
                0x0000000008005c14                HAL_UART_Init
 .text.HAL_UART_Transmit
                0x0000000008005d6c      0x106 ./Drivers/STM32F1xx_HAL_Driver/Src/stm32f1xx_hal_uart.o
                0x0000000008005d6c                HAL_UART_Transmit
 .text.UART_WaitOnFlagUntilTimeout
                0x0000000008005e72       0xdc ./Drivers/STM32F1xx_HAL_Driver/Src/stm32f1xx_hal_uart.o
 *fill*         0x0000000008005f4e        0x2 
 .text.UART_SetConfig
                0x0000000008005f50      0x19c ./Drivers/STM32F1xx_HAL_Driver/Src/stm32f1xx_hal_uart.o
 .text.vListInsertEnd
                0x00000000080060ec       0x46 ./Middlewares/Third_Party/FreeRTOS/Source/list.o
                0x00000000080060ec                vListInsertEnd
 .text.uxListRemove
                0x0000000008006132       0x52 ./Middlewares/Third_Party/FreeRTOS/Source/list.o
                0x0000000008006132                uxListRemove
 .text.xTaskIncrementTick
                0x0000000008006184      0x17c ./Middlewares/Third_Party/FreeRTOS/Source/tasks.o
                0x0000000008006184                xTaskIncrementTick
 .text.vTaskSwitchContext
                0x0000000008006300       0xb4 ./Middlewares/Third_Party/FreeRTOS/Source/tasks.o
                0x0000000008006300                vTaskSwitchContext
 .text.prvResetNextTaskUnblockTime
                0x00000000080063b4       0x48 ./Middlewares/Third_Party/FreeRTOS/Source/tasks.o
 .text.xTaskGetSchedulerState
                0x00000000080063fc       0x3c ./Middlewares/Third_Party/FreeRTOS/Source/tasks.o
                0x00000000080063fc                xTaskGetSchedulerState
 *fill*         0x0000000008006438        0x8 
 .text.SVC_Handler
                0x0000000008006440       0x28 ./Middlewares/Third_Party/FreeRTOS/Source/portable/GCC/ARM_CM3/port.o
                0x0000000008006440                SVC_Handler
 *fill*         0x0000000008006468        0x8 
 .text.PendSV_Handler
                0x0000000008006470       0x48 ./Middlewares/Third_Party/FreeRTOS/Source/portable/GCC/ARM_CM3/port.o
                0x0000000008006470                PendSV_Handler
 .text.xPortSysTickHandler
                0x00000000080064b8       0x44 ./Middlewares/Third_Party/FreeRTOS/Source/portable/GCC/ARM_CM3/port.o
                0x00000000080064b8                xPortSysTickHandler
 .text.__errno  0x00000000080064fc        0xc c:/st/stm32cubeide_1.9.0/stm32cubeide/plugins/com.st.stm32cube.ide.mcu.externaltools.gnu-tools-for-stm32.10.3-2021.10.win32_1.0.0.202111181127/tools/bin/../lib/gcc/arm-none-eabi/10.3.1/../../../../arm-none-eabi/lib/thumb/v7-m/nofp\libc_nano.a(lib_a-errno.o)
                0x00000000080064fc                __errno
 .text.__libc_init_array
                0x0000000008006508       0x48 c:/st/stm32cubeide_1.9.0/stm32cubeide/plugins/com.st.stm32cube.ide.mcu.externaltools.gnu-tools-for-stm32.10.3-2021.10.win32_1.0.0.202111181127/tools/bin/../lib/gcc/arm-none-eabi/10.3.1/../../../../arm-none-eabi/lib/thumb/v7-m/nofp\libc_nano.a(lib_a-init.o)
                0x0000000008006508                __libc_init_array
 .text.memset   0x0000000008006550       0x10 c:/st/stm32cubeide_1.9.0/stm32cubeide/plugins/com.st.stm32cube.ide.mcu.externaltools.gnu-tools-for-stm32.10.3-2021.10.win32_1.0.0.202111181127/tools/bin/../lib/gcc/arm-none-eabi/10.3.1/../../../../arm-none-eabi/lib/thumb/v7-m/nofp\libc_nano.a(lib_a-memset.o)
                0x0000000008006550                memset
 .text.printf   0x0000000008006560       0x30 c:/st/stm32cubeide_1.9.0/stm32cubeide/plugins/com.st.stm32cube.ide.mcu.externaltools.gnu-tools-for-stm32.10.3-2021.10.win32_1.0.0.202111181127/tools/bin/../lib/gcc/arm-none-eabi/10.3.1/../../../../arm-none-eabi/lib/thumb/v7-m/nofp\libc_nano.a(lib_a-printf.o)
                0x0000000008006560                iprintf
                0x0000000008006560                printf
 .text._puts_r  0x0000000008006590       0xdc c:/st/stm32cubeide_1.9.0/stm32cubeide/plugins/com.st.stm32cube.ide.mcu.externaltools.gnu-tools-for-stm32.10.3-2021.10.win32_1.0.0.202111181127/tools/bin/../lib/gcc/arm-none-eabi/10.3.1/../../../../arm-none-eabi/lib/thumb/v7-m/nofp\libc_nano.a(lib_a-puts.o)
                0x0000000008006590                _puts_r
 .text.puts     0x000000000800666c       0x10 c:/st/stm32cubeide_1.9.0/stm32cubeide/plugins/com.st.stm32cube.ide.mcu.externaltools.gnu-tools-for-stm32.10.3-2021.10.win32_1.0.0.202111181127/tools/bin/../lib/gcc/arm-none-eabi/10.3.1/../../../../arm-none-eabi/lib/thumb/v7-m/nofp\libc_nano.a(lib_a-puts.o)
                0x000000000800666c                puts
 .text.__swbuf_r
                0x000000000800667c       0xa4 c:/st/stm32cubeide_1.9.0/stm32cubeide/plugins/com.st.stm32cube.ide.mcu.externaltools.gnu-tools-for-stm32.10.3-2021.10.win32_1.0.0.202111181127/tools/bin/../lib/gcc/arm-none-eabi/10.3.1/../../../../arm-none-eabi/lib/thumb/v7-m/nofp\libc_nano.a(lib_a-wbuf.o)
                0x000000000800667c                __swbuf_r
 .text.__swsetup_r
                0x0000000008006720       0xdc c:/st/stm32cubeide_1.9.0/stm32cubeide/plugins/com.st.stm32cube.ide.mcu.externaltools.gnu-tools-for-stm32.10.3-2021.10.win32_1.0.0.202111181127/tools/bin/../lib/gcc/arm-none-eabi/10.3.1/../../../../arm-none-eabi/lib/thumb/v7-m/nofp\libc_nano.a(lib_a-wsetup.o)
                0x0000000008006720                __swsetup_r
 .text.__sflush_r
                0x00000000080067fc      0x104 c:/st/stm32cubeide_1.9.0/stm32cubeide/plugins/com.st.stm32cube.ide.mcu.externaltools.gnu-tools-for-stm32.10.3-2021.10.win32_1.0.0.202111181127/tools/bin/../lib/gcc/arm-none-eabi/10.3.1/../../../../arm-none-eabi/lib/thumb/v7-m/nofp\libc_nano.a(lib_a-fflush.o)
                0x00000000080067fc                __sflush_r
 .text._fflush_r
                0x0000000008006900       0x78 c:/st/stm32cubeide_1.9.0/stm32cubeide/plugins/com.st.stm32cube.ide.mcu.externaltools.gnu-tools-for-stm32.10.3-2021.10.win32_1.0.0.202111181127/tools/bin/../lib/gcc/arm-none-eabi/10.3.1/../../../../arm-none-eabi/lib/thumb/v7-m/nofp\libc_nano.a(lib_a-fflush.o)
                0x0000000008006900                _fflush_r
 .text.std      0x0000000008006978       0x48 c:/st/stm32cubeide_1.9.0/stm32cubeide/plugins/com.st.stm32cube.ide.mcu.externaltools.gnu-tools-for-stm32.10.3-2021.10.win32_1.0.0.202111181127/tools/bin/../lib/gcc/arm-none-eabi/10.3.1/../../../../arm-none-eabi/lib/thumb/v7-m/nofp\libc_nano.a(lib_a-findfp.o)
 .text._cleanup_r
                0x00000000080069c0        0xc c:/st/stm32cubeide_1.9.0/stm32cubeide/plugins/com.st.stm32cube.ide.mcu.externaltools.gnu-tools-for-stm32.10.3-2021.10.win32_1.0.0.202111181127/tools/bin/../lib/gcc/arm-none-eabi/10.3.1/../../../../arm-none-eabi/lib/thumb/v7-m/nofp\libc_nano.a(lib_a-findfp.o)
                0x00000000080069c0                _cleanup_r
 .text.__sfmoreglue
                0x00000000080069cc       0x2c c:/st/stm32cubeide_1.9.0/stm32cubeide/plugins/com.st.stm32cube.ide.mcu.externaltools.gnu-tools-for-stm32.10.3-2021.10.win32_1.0.0.202111181127/tools/bin/../lib/gcc/arm-none-eabi/10.3.1/../../../../arm-none-eabi/lib/thumb/v7-m/nofp\libc_nano.a(lib_a-findfp.o)
                0x00000000080069cc                __sfmoreglue
 .text.__sfp_lock_acquire
                0x00000000080069f8        0xc c:/st/stm32cubeide_1.9.0/stm32cubeide/plugins/com.st.stm32cube.ide.mcu.externaltools.gnu-tools-for-stm32.10.3-2021.10.win32_1.0.0.202111181127/tools/bin/../lib/gcc/arm-none-eabi/10.3.1/../../../../arm-none-eabi/lib/thumb/v7-m/nofp\libc_nano.a(lib_a-findfp.o)
                0x00000000080069f8                __sfp_lock_acquire
 .text.__sfp_lock_release
                0x0000000008006a04        0xc c:/st/stm32cubeide_1.9.0/stm32cubeide/plugins/com.st.stm32cube.ide.mcu.externaltools.gnu-tools-for-stm32.10.3-2021.10.win32_1.0.0.202111181127/tools/bin/../lib/gcc/arm-none-eabi/10.3.1/../../../../arm-none-eabi/lib/thumb/v7-m/nofp\libc_nano.a(lib_a-findfp.o)
                0x0000000008006a04                __sfp_lock_release
 .text.__sinit_lock_acquire
                0x0000000008006a10        0xc c:/st/stm32cubeide_1.9.0/stm32cubeide/plugins/com.st.stm32cube.ide.mcu.externaltools.gnu-tools-for-stm32.10.3-2021.10.win32_1.0.0.202111181127/tools/bin/../lib/gcc/arm-none-eabi/10.3.1/../../../../arm-none-eabi/lib/thumb/v7-m/nofp\libc_nano.a(lib_a-findfp.o)
                0x0000000008006a10                __sinit_lock_acquire
 .text.__sinit_lock_release
                0x0000000008006a1c        0xc c:/st/stm32cubeide_1.9.0/stm32cubeide/plugins/com.st.stm32cube.ide.mcu.externaltools.gnu-tools-for-stm32.10.3-2021.10.win32_1.0.0.202111181127/tools/bin/../lib/gcc/arm-none-eabi/10.3.1/../../../../arm-none-eabi/lib/thumb/v7-m/nofp\libc_nano.a(lib_a-findfp.o)
                0x0000000008006a1c                __sinit_lock_release
 .text.__sinit  0x0000000008006a28       0x70 c:/st/stm32cubeide_1.9.0/stm32cubeide/plugins/com.st.stm32cube.ide.mcu.externaltools.gnu-tools-for-stm32.10.3-2021.10.win32_1.0.0.202111181127/tools/bin/../lib/gcc/arm-none-eabi/10.3.1/../../../../arm-none-eabi/lib/thumb/v7-m/nofp\libc_nano.a(lib_a-findfp.o)
                0x0000000008006a28                __sinit
 .text.__sfp    0x0000000008006a98       0x8c c:/st/stm32cubeide_1.9.0/stm32cubeide/plugins/com.st.stm32cube.ide.mcu.externaltools.gnu-tools-for-stm32.10.3-2021.10.win32_1.0.0.202111181127/tools/bin/../lib/gcc/arm-none-eabi/10.3.1/../../../../arm-none-eabi/lib/thumb/v7-m/nofp\libc_nano.a(lib_a-findfp.o)
                0x0000000008006a98                __sfp
 .text._fwalk_reent
                0x0000000008006b24       0x3e c:/st/stm32cubeide_1.9.0/stm32cubeide/plugins/com.st.stm32cube.ide.mcu.externaltools.gnu-tools-for-stm32.10.3-2021.10.win32_1.0.0.202111181127/tools/bin/../lib/gcc/arm-none-eabi/10.3.1/../../../../arm-none-eabi/lib/thumb/v7-m/nofp\libc_nano.a(lib_a-fwalk.o)
                0x0000000008006b24                _fwalk_reent
 .text.__retarget_lock_init_recursive
                0x0000000008006b62        0x2 c:/st/stm32cubeide_1.9.0/stm32cubeide/plugins/com.st.stm32cube.ide.mcu.externaltools.gnu-tools-for-stm32.10.3-2021.10.win32_1.0.0.202111181127/tools/bin/../lib/gcc/arm-none-eabi/10.3.1/../../../../arm-none-eabi/lib/thumb/v7-m/nofp\libc_nano.a(lib_a-lock.o)
                0x0000000008006b62                __retarget_lock_init_recursive
 .text.__retarget_lock_acquire_recursive
                0x0000000008006b64        0x2 c:/st/stm32cubeide_1.9.0/stm32cubeide/plugins/com.st.stm32cube.ide.mcu.externaltools.gnu-tools-for-stm32.10.3-2021.10.win32_1.0.0.202111181127/tools/bin/../lib/gcc/arm-none-eabi/10.3.1/../../../../arm-none-eabi/lib/thumb/v7-m/nofp\libc_nano.a(lib_a-lock.o)
                0x0000000008006b64                __retarget_lock_acquire_recursive
 .text.__retarget_lock_release_recursive
                0x0000000008006b66        0x2 c:/st/stm32cubeide_1.9.0/stm32cubeide/plugins/com.st.stm32cube.ide.mcu.externaltools.gnu-tools-for-stm32.10.3-2021.10.win32_1.0.0.202111181127/tools/bin/../lib/gcc/arm-none-eabi/10.3.1/../../../../arm-none-eabi/lib/thumb/v7-m/nofp\libc_nano.a(lib_a-lock.o)
                0x0000000008006b66                __retarget_lock_release_recursive
 .text.__swhatbuf_r
                0x0000000008006b68       0x4a c:/st/stm32cubeide_1.9.0/stm32cubeide/plugins/com.st.stm32cube.ide.mcu.externaltools.gnu-tools-for-stm32.10.3-2021.10.win32_1.0.0.202111181127/tools/bin/../lib/gcc/arm-none-eabi/10.3.1/../../../../arm-none-eabi/lib/thumb/v7-m/nofp\libc_nano.a(lib_a-makebuf.o)
                0x0000000008006b68                __swhatbuf_r
 *fill*         0x0000000008006bb2        0x2 
 .text.__smakebuf_r
                0x0000000008006bb4       0x80 c:/st/stm32cubeide_1.9.0/stm32cubeide/plugins/com.st.stm32cube.ide.mcu.externaltools.gnu-tools-for-stm32.10.3-2021.10.win32_1.0.0.202111181127/tools/bin/../lib/gcc/arm-none-eabi/10.3.1/../../../../arm-none-eabi/lib/thumb/v7-m/nofp\libc_nano.a(lib_a-makebuf.o)
                0x0000000008006bb4                __smakebuf_r
 .text._free_r  0x0000000008006c34       0x90 c:/st/stm32cubeide_1.9.0/stm32cubeide/plugins/com.st.stm32cube.ide.mcu.externaltools.gnu-tools-for-stm32.10.3-2021.10.win32_1.0.0.202111181127/tools/bin/../lib/gcc/arm-none-eabi/10.3.1/../../../../arm-none-eabi/lib/thumb/v7-m/nofp\libc_nano.a(lib_a-nano-freer.o)
                0x0000000008006c34                _free_r
 .text.sbrk_aligned
                0x0000000008006cc4       0x40 c:/st/stm32cubeide_1.9.0/stm32cubeide/plugins/com.st.stm32cube.ide.mcu.externaltools.gnu-tools-for-stm32.10.3-2021.10.win32_1.0.0.202111181127/tools/bin/../lib/gcc/arm-none-eabi/10.3.1/../../../../arm-none-eabi/lib/thumb/v7-m/nofp\libc_nano.a(lib_a-nano-mallocr.o)
 .text._malloc_r
                0x0000000008006d04       0xe8 c:/st/stm32cubeide_1.9.0/stm32cubeide/plugins/com.st.stm32cube.ide.mcu.externaltools.gnu-tools-for-stm32.10.3-2021.10.win32_1.0.0.202111181127/tools/bin/../lib/gcc/arm-none-eabi/10.3.1/../../../../arm-none-eabi/lib/thumb/v7-m/nofp\libc_nano.a(lib_a-nano-mallocr.o)
                0x0000000008006d04                _malloc_r
 .text.__sfputc_r
                0x0000000008006dec       0x2a c:/st/stm32cubeide_1.9.0/stm32cubeide/plugins/com.st.stm32cube.ide.mcu.externaltools.gnu-tools-for-stm32.10.3-2021.10.win32_1.0.0.202111181127/tools/bin/../lib/gcc/arm-none-eabi/10.3.1/../../../../arm-none-eabi/lib/thumb/v7-m/nofp\libc_nano.a(lib_a-nano-vfprintf.o)
 .text.__sfputs_r
                0x0000000008006e16       0x24 c:/st/stm32cubeide_1.9.0/stm32cubeide/plugins/com.st.stm32cube.ide.mcu.externaltools.gnu-tools-for-stm32.10.3-2021.10.win32_1.0.0.202111181127/tools/bin/../lib/gcc/arm-none-eabi/10.3.1/../../../../arm-none-eabi/lib/thumb/v7-m/nofp\libc_nano.a(lib_a-nano-vfprintf.o)
                0x0000000008006e16                __sfputs_r
 *fill*         0x0000000008006e3a        0x2 
 .text._vfprintf_r
                0x0000000008006e3c      0x260 c:/st/stm32cubeide_1.9.0/stm32cubeide/plugins/com.st.stm32cube.ide.mcu.externaltools.gnu-tools-for-stm32.10.3-2021.10.win32_1.0.0.202111181127/tools/bin/../lib/gcc/arm-none-eabi/10.3.1/../../../../arm-none-eabi/lib/thumb/v7-m/nofp\libc_nano.a(lib_a-nano-vfprintf.o)
                0x0000000008006e3c                _vfprintf_r
                0x0000000008006e3c                _vfiprintf_r
 .text._printf_common
                0x000000000800709c       0xde c:/st/stm32cubeide_1.9.0/stm32cubeide/plugins/com.st.stm32cube.ide.mcu.externaltools.gnu-tools-for-stm32.10.3-2021.10.win32_1.0.0.202111181127/tools/bin/../lib/gcc/arm-none-eabi/10.3.1/../../../../arm-none-eabi/lib/thumb/v7-m/nofp\libc_nano.a(lib_a-nano-vfprintf_i.o)
                0x000000000800709c                _printf_common
 *fill*         0x000000000800717a        0x2 
 .text._printf_i
                0x000000000800717c      0x24c c:/st/stm32cubeide_1.9.0/stm32cubeide/plugins/com.st.stm32cube.ide.mcu.externaltools.gnu-tools-for-stm32.10.3-2021.10.win32_1.0.0.202111181127/tools/bin/../lib/gcc/arm-none-eabi/10.3.1/../../../../arm-none-eabi/lib/thumb/v7-m/nofp\libc_nano.a(lib_a-nano-vfprintf_i.o)
                0x000000000800717c                _printf_i
 .text._sbrk_r  0x00000000080073c8       0x20 c:/st/stm32cubeide_1.9.0/stm32cubeide/plugins/com.st.stm32cube.ide.mcu.externaltools.gnu-tools-for-stm32.10.3-2021.10.win32_1.0.0.202111181127/tools/bin/../lib/gcc/arm-none-eabi/10.3.1/../../../../arm-none-eabi/lib/thumb/v7-m/nofp\libc_nano.a(lib_a-sbrkr.o)
                0x00000000080073c8                _sbrk_r
 .text.__sread  0x00000000080073e8       0x22 c:/st/stm32cubeide_1.9.0/stm32cubeide/plugins/com.st.stm32cube.ide.mcu.externaltools.gnu-tools-for-stm32.10.3-2021.10.win32_1.0.0.202111181127/tools/bin/../lib/gcc/arm-none-eabi/10.3.1/../../../../arm-none-eabi/lib/thumb/v7-m/nofp\libc_nano.a(lib_a-stdio.o)
                0x00000000080073e8                __sread
 .text.__swrite
                0x000000000800740a       0x38 c:/st/stm32cubeide_1.9.0/stm32cubeide/plugins/com.st.stm32cube.ide.mcu.externaltools.gnu-tools-for-stm32.10.3-2021.10.win32_1.0.0.202111181127/tools/bin/../lib/gcc/arm-none-eabi/10.3.1/../../../../arm-none-eabi/lib/thumb/v7-m/nofp\libc_nano.a(lib_a-stdio.o)
                0x000000000800740a                __swrite
 .text.__sseek  0x0000000008007442       0x24 c:/st/stm32cubeide_1.9.0/stm32cubeide/plugins/com.st.stm32cube.ide.mcu.externaltools.gnu-tools-for-stm32.10.3-2021.10.win32_1.0.0.202111181127/tools/bin/../lib/gcc/arm-none-eabi/10.3.1/../../../../arm-none-eabi/lib/thumb/v7-m/nofp\libc_nano.a(lib_a-stdio.o)
                0x0000000008007442                __sseek
 .text.__sclose
                0x0000000008007466        0x8 c:/st/stm32cubeide_1.9.0/stm32cubeide/plugins/com.st.stm32cube.ide.mcu.externaltools.gnu-tools-for-stm32.10.3-2021.10.win32_1.0.0.202111181127/tools/bin/../lib/gcc/arm-none-eabi/10.3.1/../../../../arm-none-eabi/lib/thumb/v7-m/nofp\libc_nano.a(lib_a-stdio.o)
                0x0000000008007466                __sclose
 *fill*         0x000000000800746e        0x2 
 .text._write_r
                0x0000000008007470       0x24 c:/st/stm32cubeide_1.9.0/stm32cubeide/plugins/com.st.stm32cube.ide.mcu.externaltools.gnu-tools-for-stm32.10.3-2021.10.win32_1.0.0.202111181127/tools/bin/../lib/gcc/arm-none-eabi/10.3.1/../../../../arm-none-eabi/lib/thumb/v7-m/nofp\libc_nano.a(lib_a-writer.o)
                0x0000000008007470                _write_r
 .text._close_r
                0x0000000008007494       0x20 c:/st/stm32cubeide_1.9.0/stm32cubeide/plugins/com.st.stm32cube.ide.mcu.externaltools.gnu-tools-for-stm32.10.3-2021.10.win32_1.0.0.202111181127/tools/bin/../lib/gcc/arm-none-eabi/10.3.1/../../../../arm-none-eabi/lib/thumb/v7-m/nofp\libc_nano.a(lib_a-closer.o)
                0x0000000008007494                _close_r
 .text._fstat_r
                0x00000000080074b4       0x24 c:/st/stm32cubeide_1.9.0/stm32cubeide/plugins/com.st.stm32cube.ide.mcu.externaltools.gnu-tools-for-stm32.10.3-2021.10.win32_1.0.0.202111181127/tools/bin/../lib/gcc/arm-none-eabi/10.3.1/../../../../arm-none-eabi/lib/thumb/v7-m/nofp\libc_nano.a(lib_a-fstatr.o)
                0x00000000080074b4                _fstat_r
 .text._isatty_r
                0x00000000080074d8       0x20 c:/st/stm32cubeide_1.9.0/stm32cubeide/plugins/com.st.stm32cube.ide.mcu.externaltools.gnu-tools-for-stm32.10.3-2021.10.win32_1.0.0.202111181127/tools/bin/../lib/gcc/arm-none-eabi/10.3.1/../../../../arm-none-eabi/lib/thumb/v7-m/nofp\libc_nano.a(lib_a-isattyr.o)
                0x00000000080074d8                _isatty_r
 .text._lseek_r
                0x00000000080074f8       0x24 c:/st/stm32cubeide_1.9.0/stm32cubeide/plugins/com.st.stm32cube.ide.mcu.externaltools.gnu-tools-for-stm32.10.3-2021.10.win32_1.0.0.202111181127/tools/bin/../lib/gcc/arm-none-eabi/10.3.1/../../../../arm-none-eabi/lib/thumb/v7-m/nofp\libc_nano.a(lib_a-lseekr.o)
                0x00000000080074f8                _lseek_r
 .text.memchr   0x000000000800751c       0x1c c:/st/stm32cubeide_1.9.0/stm32cubeide/plugins/com.st.stm32cube.ide.mcu.externaltools.gnu-tools-for-stm32.10.3-2021.10.win32_1.0.0.202111181127/tools/bin/../lib/gcc/arm-none-eabi/10.3.1/../../../../arm-none-eabi/lib/thumb/v7-m/nofp\libc_nano.a(lib_a-memchr-stub.o)
                0x000000000800751c                memchr
 .text.__malloc_lock
                0x0000000008007538        0xc c:/st/stm32cubeide_1.9.0/stm32cubeide/plugins/com.st.stm32cube.ide.mcu.externaltools.gnu-tools-for-stm32.10.3-2021.10.win32_1.0.0.202111181127/tools/bin/../lib/gcc/arm-none-eabi/10.3.1/../../../../arm-none-eabi/lib/thumb/v7-m/nofp\libc_nano.a(lib_a-mlock.o)
                0x0000000008007538                __malloc_lock
 .text.__malloc_unlock
                0x0000000008007544        0xc c:/st/stm32cubeide_1.9.0/stm32cubeide/plugins/com.st.stm32cube.ide.mcu.externaltools.gnu-tools-for-stm32.10.3-2021.10.win32_1.0.0.202111181127/tools/bin/../lib/gcc/arm-none-eabi/10.3.1/../../../../arm-none-eabi/lib/thumb/v7-m/nofp\libc_nano.a(lib_a-mlock.o)
                0x0000000008007544                __malloc_unlock
 .text._read_r  0x0000000008007550       0x24 c:/st/stm32cubeide_1.9.0/stm32cubeide/plugins/com.st.stm32cube.ide.mcu.externaltools.gnu-tools-for-stm32.10.3-2021.10.win32_1.0.0.202111181127/tools/bin/../lib/gcc/arm-none-eabi/10.3.1/../../../../arm-none-eabi/lib/thumb/v7-m/nofp\libc_nano.a(lib_a-readr.o)
                0x0000000008007550                _read_r
 *(.glue_7)
 .glue_7        0x0000000008007574        0x0 linker stubs
 *(.glue_7t)
 .glue_7t       0x0000000008007574        0x0 linker stubs
 *(.eh_frame)
 .eh_frame      0x0000000008007574        0x0 c:/st/stm32cubeide_1.9.0/stm32cubeide/plugins/com.st.stm32cube.ide.mcu.externaltools.gnu-tools-for-stm32.10.3-2021.10.win32_1.0.0.202111181127/tools/bin/../lib/gcc/arm-none-eabi/10.3.1/thumb/v7-m/nofp/crtbegin.o
 *(.init)
 .init          0x0000000008007574        0x4 c:/st/stm32cubeide_1.9.0/stm32cubeide/plugins/com.st.stm32cube.ide.mcu.externaltools.gnu-tools-for-stm32.10.3-2021.10.win32_1.0.0.202111181127/tools/bin/../lib/gcc/arm-none-eabi/10.3.1/thumb/v7-m/nofp/crti.o
                0x0000000008007574                _init
 .init          0x0000000008007578        0x8 c:/st/stm32cubeide_1.9.0/stm32cubeide/plugins/com.st.stm32cube.ide.mcu.externaltools.gnu-tools-for-stm32.10.3-2021.10.win32_1.0.0.202111181127/tools/bin/../lib/gcc/arm-none-eabi/10.3.1/thumb/v7-m/nofp/crtn.o
 *(.fini)
 .fini          0x0000000008007580        0x4 c:/st/stm32cubeide_1.9.0/stm32cubeide/plugins/com.st.stm32cube.ide.mcu.externaltools.gnu-tools-for-stm32.10.3-2021.10.win32_1.0.0.202111181127/tools/bin/../lib/gcc/arm-none-eabi/10.3.1/thumb/v7-m/nofp/crti.o
                0x0000000008007580                _fini
 .fini          0x0000000008007584        0x8 c:/st/stm32cubeide_1.9.0/stm32cubeide/plugins/com.st.stm32cube.ide.mcu.externaltools.gnu-tools-for-stm32.10.3-2021.10.win32_1.0.0.202111181127/tools/bin/../lib/gcc/arm-none-eabi/10.3.1/thumb/v7-m/nofp/crtn.o
                0x000000000800758c                . = ALIGN (0x4)
                0x000000000800758c                _etext = .

.vfp11_veneer   0x000000000800758c        0x0
 .vfp11_veneer  0x000000000800758c        0x0 linker stubs

.v4_bx          0x000000000800758c        0x0
 .v4_bx         0x000000000800758c        0x0 linker stubs

.iplt           0x000000000800758c        0x0
 .iplt          0x000000000800758c        0x0 c:/st/stm32cubeide_1.9.0/stm32cubeide/plugins/com.st.stm32cube.ide.mcu.externaltools.gnu-tools-for-stm32.10.3-2021.10.win32_1.0.0.202111181127/tools/bin/../lib/gcc/arm-none-eabi/10.3.1/thumb/v7-m/nofp/crtbegin.o

.rodata         0x000000000800758c      0x758
                0x000000000800758c                . = ALIGN (0x4)
 *(.rodata)
 .rodata        0x000000000800758c      0x496 ./Core/Src/ads1256.o
 *fill*         0x0000000008007a22        0x2 
 .rodata        0x0000000008007a24       0x31 ./Core/Src/ads1256_InterruptHandlersConnector.o
 *fill*         0x0000000008007a55        0x3 
 .rodata        0x0000000008007a58       0x2e ./Core/Src/main.o
 *fill*         0x0000000008007a86        0x2 
 .rodata        0x0000000008007a88       0x3b ./Drivers/STM32F1xx_HAL_Driver/Src/stm32f1xx_hal_cortex.o
 *fill*         0x0000000008007ac3        0x1 
 .rodata        0x0000000008007ac4       0x39 ./Drivers/STM32F1xx_HAL_Driver/Src/stm32f1xx_hal_gpio.o
 *fill*         0x0000000008007afd        0x3 
 .rodata        0x0000000008007b00       0x38 ./Drivers/STM32F1xx_HAL_Driver/Src/stm32f1xx_hal_rcc.o
 .rodata        0x0000000008007b38       0x38 ./Drivers/STM32F1xx_HAL_Driver/Src/stm32f1xx_hal_spi.o
 .rodata        0x0000000008007b70       0x38 ./Drivers/STM32F1xx_HAL_Driver/Src/stm32f1xx_hal_tim.o
 .rodata        0x0000000008007ba8       0x3b ./Drivers/STM32F1xx_HAL_Driver/Src/stm32f1xx_hal_tim_ex.o
 *fill*         0x0000000008007be3        0x1 
 .rodata        0x0000000008007be4       0x39 ./Drivers/STM32F1xx_HAL_Driver/Src/stm32f1xx_hal_uart.o
 *(.rodata*)
 *fill*         0x0000000008007c1d        0x3 
 .rodata.AHBPrescTable
                0x0000000008007c20       0x10 ./Core/Src/system_stm32f1xx.o
                0x0000000008007c20                AHBPrescTable
 .rodata.APBPrescTable
                0x0000000008007c30        0x8 ./Core/Src/system_stm32f1xx.o
                0x0000000008007c30                APBPrescTable
 .rodata.aPLLMULFactorTable.1
                0x0000000008007c38       0x10 ./Drivers/STM32F1xx_HAL_Driver/Src/stm32f1xx_hal_rcc.o
 .rodata.aPredivFactorTable.0
                0x0000000008007c48        0x2 ./Drivers/STM32F1xx_HAL_Driver/Src/stm32f1xx_hal_rcc.o
 *fill*         0x0000000008007c4a        0x2 
 .rodata._global_impure_ptr
                0x0000000008007c4c        0x4 c:/st/stm32cubeide_1.9.0/stm32cubeide/plugins/com.st.stm32cube.ide.mcu.externaltools.gnu-tools-for-stm32.10.3-2021.10.win32_1.0.0.202111181127/tools/bin/../lib/gcc/arm-none-eabi/10.3.1/../../../../arm-none-eabi/lib/thumb/v7-m/nofp\libc_nano.a(lib_a-impure.o)
                0x0000000008007c4c                _global_impure_ptr
 .rodata.__sf_fake_stderr
                0x0000000008007c50       0x20 c:/st/stm32cubeide_1.9.0/stm32cubeide/plugins/com.st.stm32cube.ide.mcu.externaltools.gnu-tools-for-stm32.10.3-2021.10.win32_1.0.0.202111181127/tools/bin/../lib/gcc/arm-none-eabi/10.3.1/../../../../arm-none-eabi/lib/thumb/v7-m/nofp\libc_nano.a(lib_a-findfp.o)
                0x0000000008007c50                __sf_fake_stderr
 .rodata.__sf_fake_stdin
                0x0000000008007c70       0x20 c:/st/stm32cubeide_1.9.0/stm32cubeide/plugins/com.st.stm32cube.ide.mcu.externaltools.gnu-tools-for-stm32.10.3-2021.10.win32_1.0.0.202111181127/tools/bin/../lib/gcc/arm-none-eabi/10.3.1/../../../../arm-none-eabi/lib/thumb/v7-m/nofp\libc_nano.a(lib_a-findfp.o)
                0x0000000008007c70                __sf_fake_stdin
 .rodata.__sf_fake_stdout
                0x0000000008007c90       0x20 c:/st/stm32cubeide_1.9.0/stm32cubeide/plugins/com.st.stm32cube.ide.mcu.externaltools.gnu-tools-for-stm32.10.3-2021.10.win32_1.0.0.202111181127/tools/bin/../lib/gcc/arm-none-eabi/10.3.1/../../../../arm-none-eabi/lib/thumb/v7-m/nofp\libc_nano.a(lib_a-findfp.o)
                0x0000000008007c90                __sf_fake_stdout
 .rodata._vfprintf_r.str1.1
                0x0000000008007cb0       0x11 c:/st/stm32cubeide_1.9.0/stm32cubeide/plugins/com.st.stm32cube.ide.mcu.externaltools.gnu-tools-for-stm32.10.3-2021.10.win32_1.0.0.202111181127/tools/bin/../lib/gcc/arm-none-eabi/10.3.1/../../../../arm-none-eabi/lib/thumb/v7-m/nofp\libc_nano.a(lib_a-nano-vfprintf.o)
 .rodata._printf_i.str1.1
                0x0000000008007cc1       0x22 c:/st/stm32cubeide_1.9.0/stm32cubeide/plugins/com.st.stm32cube.ide.mcu.externaltools.gnu-tools-for-stm32.10.3-2021.10.win32_1.0.0.202111181127/tools/bin/../lib/gcc/arm-none-eabi/10.3.1/../../../../arm-none-eabi/lib/thumb/v7-m/nofp\libc_nano.a(lib_a-nano-vfprintf_i.o)
                0x0000000008007ce4                . = ALIGN (0x4)
 *fill*         0x0000000008007ce3        0x1 

.rel.dyn        0x0000000008007ce4        0x0
 .rel.iplt      0x0000000008007ce4        0x0 c:/st/stm32cubeide_1.9.0/stm32cubeide/plugins/com.st.stm32cube.ide.mcu.externaltools.gnu-tools-for-stm32.10.3-2021.10.win32_1.0.0.202111181127/tools/bin/../lib/gcc/arm-none-eabi/10.3.1/thumb/v7-m/nofp/crtbegin.o

.ARM.extab      0x0000000008007ce4        0x0
                0x0000000008007ce4                . = ALIGN (0x4)
 *(.ARM.extab* .gnu.linkonce.armextab.*)
                0x0000000008007ce4                . = ALIGN (0x4)

.ARM            0x0000000008007ce4        0x0
                0x0000000008007ce4                . = ALIGN (0x4)
                0x0000000008007ce4                __exidx_start = .
 *(.ARM.exidx*)
                0x0000000008007ce4                __exidx_end = .
                0x0000000008007ce4                . = ALIGN (0x4)

.preinit_array  0x0000000008007ce4        0x0
                0x0000000008007ce4                . = ALIGN (0x4)
                0x0000000008007ce4                PROVIDE (__preinit_array_start = .)
 *(.preinit_array*)
                0x0000000008007ce4                PROVIDE (__preinit_array_end = .)
                0x0000000008007ce4                . = ALIGN (0x4)

.init_array     0x0000000008007ce4        0x4
                0x0000000008007ce4                . = ALIGN (0x4)
                0x0000000008007ce4                PROVIDE (__init_array_start = .)
 *(SORT_BY_NAME(.init_array.*))
 *(.init_array*)
 .init_array    0x0000000008007ce4        0x4 c:/st/stm32cubeide_1.9.0/stm32cubeide/plugins/com.st.stm32cube.ide.mcu.externaltools.gnu-tools-for-stm32.10.3-2021.10.win32_1.0.0.202111181127/tools/bin/../lib/gcc/arm-none-eabi/10.3.1/thumb/v7-m/nofp/crtbegin.o
                0x0000000008007ce8                PROVIDE (__init_array_end = .)
                0x0000000008007ce8                . = ALIGN (0x4)

.fini_array     0x0000000008007ce8        0x4
                0x0000000008007ce8                . = ALIGN (0x4)
                [!provide]                        PROVIDE (__fini_array_start = .)
 *(SORT_BY_NAME(.fini_array.*))
 *(.fini_array*)
 .fini_array    0x0000000008007ce8        0x4 c:/st/stm32cubeide_1.9.0/stm32cubeide/plugins/com.st.stm32cube.ide.mcu.externaltools.gnu-tools-for-stm32.10.3-2021.10.win32_1.0.0.202111181127/tools/bin/../lib/gcc/arm-none-eabi/10.3.1/thumb/v7-m/nofp/crtbegin.o
                [!provide]                        PROVIDE (__fini_array_end = .)
                0x0000000008007cec                . = ALIGN (0x4)
                0x0000000008007cec                _sidata = LOADADDR (.data)

.data           0x0000000020000000       0x70 load address 0x0000000008007cec
                0x0000000020000000                . = ALIGN (0x4)
                0x0000000020000000                _sdata = .
 *(.data)
 *(.data*)
 .data.SystemCoreClock
                0x0000000020000000        0x4 ./Core/Src/system_stm32f1xx.o
                0x0000000020000000                SystemCoreClock
 .data.uwTickPrio
                0x0000000020000004        0x4 ./Drivers/STM32F1xx_HAL_Driver/Src/stm32f1xx_hal.o
                0x0000000020000004                uwTickPrio
 .data.uwTickFreq
                0x0000000020000008        0x1 ./Drivers/STM32F1xx_HAL_Driver/Src/stm32f1xx_hal.o
                0x0000000020000008                uwTickFreq
 *fill*         0x0000000020000009        0x3 
 .data._impure_ptr
                0x000000002000000c        0x4 c:/st/stm32cubeide_1.9.0/stm32cubeide/plugins/com.st.stm32cube.ide.mcu.externaltools.gnu-tools-for-stm32.10.3-2021.10.win32_1.0.0.202111181127/tools/bin/../lib/gcc/arm-none-eabi/10.3.1/../../../../arm-none-eabi/lib/thumb/v7-m/nofp\libc_nano.a(lib_a-impure.o)
                0x000000002000000c                _impure_ptr
 .data.impure_data
                0x0000000020000010       0x60 c:/st/stm32cubeide_1.9.0/stm32cubeide/plugins/com.st.stm32cube.ide.mcu.externaltools.gnu-tools-for-stm32.10.3-2021.10.win32_1.0.0.202111181127/tools/bin/../lib/gcc/arm-none-eabi/10.3.1/../../../../arm-none-eabi/lib/thumb/v7-m/nofp\libc_nano.a(lib_a-impure.o)
 *(.RamFunc)
 *(.RamFunc*)
                0x0000000020000070                . = ALIGN (0x4)
                0x0000000020000070                _edata = .

.igot.plt       0x0000000020000070        0x0 load address 0x0000000008007d5c
 .igot.plt      0x0000000020000070        0x0 c:/st/stm32cubeide_1.9.0/stm32cubeide/plugins/com.st.stm32cube.ide.mcu.externaltools.gnu-tools-for-stm32.10.3-2021.10.win32_1.0.0.202111181127/tools/bin/../lib/gcc/arm-none-eabi/10.3.1/thumb/v7-m/nofp/crtbegin.o
                0x0000000020000070                . = ALIGN (0x4)

.bss            0x0000000020000070      0x1f4 load address 0x0000000008007d5c
                0x0000000020000070                _sbss = .
                0x0000000020000070                __bss_start__ = _sbss
 *(.bss)
 .bss           0x0000000020000070       0x1c c:/st/stm32cubeide_1.9.0/stm32cubeide/plugins/com.st.stm32cube.ide.mcu.externaltools.gnu-tools-for-stm32.10.3-2021.10.win32_1.0.0.202111181127/tools/bin/../lib/gcc/arm-none-eabi/10.3.1/thumb/v7-m/nofp/crtbegin.o
 *(.bss*)
 .bss.LCD_Opts_High
                0x000000002000008c        0x5 ./Core/Src/LCD.o
 *fill*         0x0000000020000091        0x3 
 .bss.LCD_Opts_Low
                0x0000000020000094        0x5 ./Core/Src/LCD.o
 .bss.ADS1256_DATAC_Active
                0x0000000020000099        0x1 ./Core/Src/ads1256.o
 .bss.ADS1256_DATAC_RequestToStop
                0x000000002000009a        0x1 ./Core/Src/ads1256.o
 *fill*         0x000000002000009b        0x1 
 .bss.ADS1256_DATAC_TxBuffer
                0x000000002000009c        0x3 ./Core/Src/ads1256.o
 *fill*         0x000000002000009f        0x1 
 .bss.ADS1256_DATAC_RxBuffer
                0x00000000200000a0        0x3 ./Core/Src/ads1256.o
 *fill*         0x00000000200000a3        0x1 
 .bss.ADS1256_DataRegistrator
                0x00000000200000a4        0x4 ./Core/Src/ads1256.o
 .bss.AttemptsCounter.0
                0x00000000200000a8        0x1 ./Core/Src/ads1256.o
 *fill*         0x00000000200000a9        0x3 
 .bss.hspi2     0x00000000200000ac       0x58 ./Core/Src/spi.o
                0x00000000200000ac                hspi2
 .bss.__sbrk_heap_end
                0x0000000020000104        0x4 ./Core/Src/sysmem.o
 .bss.htim1     0x0000000020000108       0x48 ./Core/Src/tim.o
                0x0000000020000108                htim1
 .bss.huart1    0x0000000020000150       0x48 ./Core/Src/usart.o
                0x0000000020000150                huart1
 .bss.uwTick    0x0000000020000198        0x4 ./Drivers/STM32F1xx_HAL_Driver/Src/stm32f1xx_hal.o
                0x0000000020000198                uwTick
 .bss.pxCurrentTCB
                0x000000002000019c        0x4 ./Middlewares/Third_Party/FreeRTOS/Source/tasks.o
                0x000000002000019c                pxCurrentTCB
 .bss.pxReadyTasksLists
                0x00000000200001a0       0x8c ./Middlewares/Third_Party/FreeRTOS/Source/tasks.o
 .bss.pxDelayedTaskList
                0x000000002000022c        0x4 ./Middlewares/Third_Party/FreeRTOS/Source/tasks.o
 .bss.pxOverflowDelayedTaskList
                0x0000000020000230        0x4 ./Middlewares/Third_Party/FreeRTOS/Source/tasks.o
 .bss.xTickCount
                0x0000000020000234        0x4 ./Middlewares/Third_Party/FreeRTOS/Source/tasks.o
 .bss.uxTopReadyPriority
                0x0000000020000238        0x4 ./Middlewares/Third_Party/FreeRTOS/Source/tasks.o
 .bss.xSchedulerRunning
                0x000000002000023c        0x4 ./Middlewares/Third_Party/FreeRTOS/Source/tasks.o
 .bss.uxPendedTicks
                0x0000000020000240        0x4 ./Middlewares/Third_Party/FreeRTOS/Source/tasks.o
 .bss.xYieldPending
                0x0000000020000244        0x4 ./Middlewares/Third_Party/FreeRTOS/Source/tasks.o
 .bss.xNumOfOverflows
                0x0000000020000248        0x4 ./Middlewares/Third_Party/FreeRTOS/Source/tasks.o
 .bss.xNextTaskUnblockTime
                0x000000002000024c        0x4 ./Middlewares/Third_Party/FreeRTOS/Source/tasks.o
 .bss.uxSchedulerSuspended
                0x0000000020000250        0x4 ./Middlewares/Third_Party/FreeRTOS/Source/tasks.o
 .bss.__lock___malloc_recursive_mutex
                0x0000000020000254        0x1 c:/st/stm32cubeide_1.9.0/stm32cubeide/plugins/com.st.stm32cube.ide.mcu.externaltools.gnu-tools-for-stm32.10.3-2021.10.win32_1.0.0.202111181127/tools/bin/../lib/gcc/arm-none-eabi/10.3.1/../../../../arm-none-eabi/lib/thumb/v7-m/nofp\libc_nano.a(lib_a-lock.o)
                0x0000000020000254                __lock___malloc_recursive_mutex
 .bss.__lock___sfp_recursive_mutex
                0x0000000020000255        0x1 c:/st/stm32cubeide_1.9.0/stm32cubeide/plugins/com.st.stm32cube.ide.mcu.externaltools.gnu-tools-for-stm32.10.3-2021.10.win32_1.0.0.202111181127/tools/bin/../lib/gcc/arm-none-eabi/10.3.1/../../../../arm-none-eabi/lib/thumb/v7-m/nofp\libc_nano.a(lib_a-lock.o)
                0x0000000020000255                __lock___sfp_recursive_mutex
 .bss.__lock___sinit_recursive_mutex
                0x0000000020000256        0x1 c:/st/stm32cubeide_1.9.0/stm32cubeide/plugins/com.st.stm32cube.ide.mcu.externaltools.gnu-tools-for-stm32.10.3-2021.10.win32_1.0.0.202111181127/tools/bin/../lib/gcc/arm-none-eabi/10.3.1/../../../../arm-none-eabi/lib/thumb/v7-m/nofp\libc_nano.a(lib_a-lock.o)
                0x0000000020000256                __lock___sinit_recursive_mutex
 *fill*         0x0000000020000257        0x1 
 .bss.__malloc_free_list
                0x0000000020000258        0x4 c:/st/stm32cubeide_1.9.0/stm32cubeide/plugins/com.st.stm32cube.ide.mcu.externaltools.gnu-tools-for-stm32.10.3-2021.10.win32_1.0.0.202111181127/tools/bin/../lib/gcc/arm-none-eabi/10.3.1/../../../../arm-none-eabi/lib/thumb/v7-m/nofp\libc_nano.a(lib_a-nano-mallocr.o)
                0x0000000020000258                __malloc_free_list
 .bss.__malloc_sbrk_start
                0x000000002000025c        0x4 c:/st/stm32cubeide_1.9.0/stm32cubeide/plugins/com.st.stm32cube.ide.mcu.externaltools.gnu-tools-for-stm32.10.3-2021.10.win32_1.0.0.202111181127/tools/bin/../lib/gcc/arm-none-eabi/10.3.1/../../../../arm-none-eabi/lib/thumb/v7-m/nofp\libc_nano.a(lib_a-nano-mallocr.o)
                0x000000002000025c                __malloc_sbrk_start
 .bss.errno     0x0000000020000260        0x4 c:/st/stm32cubeide_1.9.0/stm32cubeide/plugins/com.st.stm32cube.ide.mcu.externaltools.gnu-tools-for-stm32.10.3-2021.10.win32_1.0.0.202111181127/tools/bin/../lib/gcc/arm-none-eabi/10.3.1/../../../../arm-none-eabi/lib/thumb/v7-m/nofp\libc_nano.a(lib_a-reent.o)
                0x0000000020000260                errno
 *(COMMON)
                0x0000000020000264                . = ALIGN (0x4)
                0x0000000020000264                _ebss = .
                0x0000000020000264                __bss_end__ = _ebss

._user_heap_stack
                0x0000000020000264      0x604 load address 0x0000000008007d5c
                0x0000000020000268                . = ALIGN (0x8)
 *fill*         0x0000000020000264        0x4 
                [!provide]                        PROVIDE (end = .)
                0x0000000020000268                PROVIDE (_end = .)
                0x0000000020000468                . = (. + _Min_Heap_Size)
 *fill*         0x0000000020000268      0x200 
                0x0000000020000868                . = (. + _Min_Stack_Size)
 *fill*         0x0000000020000468      0x400 
                0x0000000020000868                . = ALIGN (0x8)

/DISCARD/
 libc.a(*)
 libm.a(*)
 libgcc.a(*)

.ARM.attributes
                0x0000000000000000       0x29
 *(.ARM.attributes)
 .ARM.attributes
                0x0000000000000000       0x1d c:/st/stm32cubeide_1.9.0/stm32cubeide/plugins/com.st.stm32cube.ide.mcu.externaltools.gnu-tools-for-stm32.10.3-2021.10.win32_1.0.0.202111181127/tools/bin/../lib/gcc/arm-none-eabi/10.3.1/thumb/v7-m/nofp/crti.o
 .ARM.attributes
                0x000000000000001d       0x2d c:/st/stm32cubeide_1.9.0/stm32cubeide/plugins/com.st.stm32cube.ide.mcu.externaltools.gnu-tools-for-stm32.10.3-2021.10.win32_1.0.0.202111181127/tools/bin/../lib/gcc/arm-none-eabi/10.3.1/thumb/v7-m/nofp/crtbegin.o
 .ARM.attributes
                0x000000000000004a       0x2d ./Core/Src/LCD.o
 .ARM.attributes
                0x0000000000000077       0x2d ./Core/Src/ads1256.o
 .ARM.attributes
                0x00000000000000a4       0x2d ./Core/Src/ads1256_InterruptHandlersConnector.o
 .ARM.attributes
                0x00000000000000d1       0x2d ./Core/Src/gpio.o
 .ARM.attributes
                0x00000000000000fe       0x2d ./Core/Src/main.o
 .ARM.attributes
                0x000000000000012b       0x2d ./Core/Src/spi.o
 .ARM.attributes
                0x0000000000000158       0x2d ./Core/Src/stm32f1xx_hal_msp.o
 .ARM.attributes
                0x0000000000000185       0x2d ./Core/Src/stm32f1xx_it.o
 .ARM.attributes
                0x00000000000001b2       0x2d ./Core/Src/syscalls.o
 .ARM.attributes
                0x00000000000001df       0x2d ./Core/Src/sysmem.o
 .ARM.attributes
                0x000000000000020c       0x2d ./Core/Src/system_stm32f1xx.o
 .ARM.attributes
                0x0000000000000239       0x2d ./Core/Src/tim.o
 .ARM.attributes
                0x0000000000000266       0x2d ./Core/Src/usart.o
 .ARM.attributes
                0x0000000000000293       0x21 ./Core/Startup/startup_stm32f103c8tx.o
 .ARM.attributes
                0x00000000000002b4       0x2d ./Drivers/STM32F1xx_HAL_Driver/Src/stm32f1xx_hal.o
 .ARM.attributes
                0x00000000000002e1       0x2d ./Drivers/STM32F1xx_HAL_Driver/Src/stm32f1xx_hal_cortex.o
 .ARM.attributes
                0x000000000000030e       0x2d ./Drivers/STM32F1xx_HAL_Driver/Src/stm32f1xx_hal_dma.o
 .ARM.attributes
                0x000000000000033b       0x2d ./Drivers/STM32F1xx_HAL_Driver/Src/stm32f1xx_hal_gpio.o
 .ARM.attributes
                0x0000000000000368       0x2d ./Drivers/STM32F1xx_HAL_Driver/Src/stm32f1xx_hal_rcc.o
 .ARM.attributes
                0x0000000000000395       0x2d ./Drivers/STM32F1xx_HAL_Driver/Src/stm32f1xx_hal_spi.o
 .ARM.attributes
                0x00000000000003c2       0x2d ./Drivers/STM32F1xx_HAL_Driver/Src/stm32f1xx_hal_tim.o
 .ARM.attributes
                0x00000000000003ef       0x2d ./Drivers/STM32F1xx_HAL_Driver/Src/stm32f1xx_hal_tim_ex.o
 .ARM.attributes
                0x000000000000041c       0x2d ./Drivers/STM32F1xx_HAL_Driver/Src/stm32f1xx_hal_uart.o
 .ARM.attributes
                0x0000000000000449       0x2d ./Middlewares/Third_Party/FreeRTOS/Source/list.o
 .ARM.attributes
                0x0000000000000476       0x2d ./Middlewares/Third_Party/FreeRTOS/Source/tasks.o
 .ARM.attributes
                0x00000000000004a3       0x2d ./Middlewares/Third_Party/FreeRTOS/Source/portable/GCC/ARM_CM3/port.o
 .ARM.attributes
                0x00000000000004d0       0x2d c:/st/stm32cubeide_1.9.0/stm32cubeide/plugins/com.st.stm32cube.ide.mcu.externaltools.gnu-tools-for-stm32.10.3-2021.10.win32_1.0.0.202111181127/tools/bin/../lib/gcc/arm-none-eabi/10.3.1/../../../../arm-none-eabi/lib/thumb/v7-m/nofp\libc_nano.a(lib_a-errno.o)
 .ARM.attributes
                0x00000000000004fd       0x2d c:/st/stm32cubeide_1.9.0/stm32cubeide/plugins/com.st.stm32cube.ide.mcu.externaltools.gnu-tools-for-stm32.10.3-2021.10.win32_1.0.0.202111181127/tools/bin/../lib/gcc/arm-none-eabi/10.3.1/../../../../arm-none-eabi/lib/thumb/v7-m/nofp\libc_nano.a(lib_a-impure.o)
 .ARM.attributes
                0x000000000000052a       0x2d c:/st/stm32cubeide_1.9.0/stm32cubeide/plugins/com.st.stm32cube.ide.mcu.externaltools.gnu-tools-for-stm32.10.3-2021.10.win32_1.0.0.202111181127/tools/bin/../lib/gcc/arm-none-eabi/10.3.1/../../../../arm-none-eabi/lib/thumb/v7-m/nofp\libc_nano.a(lib_a-init.o)
 .ARM.attributes
                0x0000000000000557       0x2d c:/st/stm32cubeide_1.9.0/stm32cubeide/plugins/com.st.stm32cube.ide.mcu.externaltools.gnu-tools-for-stm32.10.3-2021.10.win32_1.0.0.202111181127/tools/bin/../lib/gcc/arm-none-eabi/10.3.1/../../../../arm-none-eabi/lib/thumb/v7-m/nofp\libc_nano.a(lib_a-memset.o)
 .ARM.attributes
                0x0000000000000584       0x2d c:/st/stm32cubeide_1.9.0/stm32cubeide/plugins/com.st.stm32cube.ide.mcu.externaltools.gnu-tools-for-stm32.10.3-2021.10.win32_1.0.0.202111181127/tools/bin/../lib/gcc/arm-none-eabi/10.3.1/../../../../arm-none-eabi/lib/thumb/v7-m/nofp\libc_nano.a(lib_a-printf.o)
 .ARM.attributes
                0x00000000000005b1       0x2d c:/st/stm32cubeide_1.9.0/stm32cubeide/plugins/com.st.stm32cube.ide.mcu.externaltools.gnu-tools-for-stm32.10.3-2021.10.win32_1.0.0.202111181127/tools/bin/../lib/gcc/arm-none-eabi/10.3.1/../../../../arm-none-eabi/lib/thumb/v7-m/nofp\libc_nano.a(lib_a-puts.o)
 .ARM.attributes
                0x00000000000005de       0x2d c:/st/stm32cubeide_1.9.0/stm32cubeide/plugins/com.st.stm32cube.ide.mcu.externaltools.gnu-tools-for-stm32.10.3-2021.10.win32_1.0.0.202111181127/tools/bin/../lib/gcc/arm-none-eabi/10.3.1/../../../../arm-none-eabi/lib/thumb/v7-m/nofp\libc_nano.a(lib_a-wbuf.o)
 .ARM.attributes
                0x000000000000060b       0x2d c:/st/stm32cubeide_1.9.0/stm32cubeide/plugins/com.st.stm32cube.ide.mcu.externaltools.gnu-tools-for-stm32.10.3-2021.10.win32_1.0.0.202111181127/tools/bin/../lib/gcc/arm-none-eabi/10.3.1/../../../../arm-none-eabi/lib/thumb/v7-m/nofp\libc_nano.a(lib_a-wsetup.o)
 .ARM.attributes
                0x0000000000000638       0x2d c:/st/stm32cubeide_1.9.0/stm32cubeide/plugins/com.st.stm32cube.ide.mcu.externaltools.gnu-tools-for-stm32.10.3-2021.10.win32_1.0.0.202111181127/tools/bin/../lib/gcc/arm-none-eabi/10.3.1/../../../../arm-none-eabi/lib/thumb/v7-m/nofp\libc_nano.a(lib_a-fflush.o)
 .ARM.attributes
                0x0000000000000665       0x2d c:/st/stm32cubeide_1.9.0/stm32cubeide/plugins/com.st.stm32cube.ide.mcu.externaltools.gnu-tools-for-stm32.10.3-2021.10.win32_1.0.0.202111181127/tools/bin/../lib/gcc/arm-none-eabi/10.3.1/../../../../arm-none-eabi/lib/thumb/v7-m/nofp\libc_nano.a(lib_a-findfp.o)
 .ARM.attributes
                0x0000000000000692       0x2d c:/st/stm32cubeide_1.9.0/stm32cubeide/plugins/com.st.stm32cube.ide.mcu.externaltools.gnu-tools-for-stm32.10.3-2021.10.win32_1.0.0.202111181127/tools/bin/../lib/gcc/arm-none-eabi/10.3.1/../../../../arm-none-eabi/lib/thumb/v7-m/nofp\libc_nano.a(lib_a-fwalk.o)
 .ARM.attributes
                0x00000000000006bf       0x2d c:/st/stm32cubeide_1.9.0/stm32cubeide/plugins/com.st.stm32cube.ide.mcu.externaltools.gnu-tools-for-stm32.10.3-2021.10.win32_1.0.0.202111181127/tools/bin/../lib/gcc/arm-none-eabi/10.3.1/../../../../arm-none-eabi/lib/thumb/v7-m/nofp\libc_nano.a(lib_a-lock.o)
 .ARM.attributes
                0x00000000000006ec       0x2d c:/st/stm32cubeide_1.9.0/stm32cubeide/plugins/com.st.stm32cube.ide.mcu.externaltools.gnu-tools-for-stm32.10.3-2021.10.win32_1.0.0.202111181127/tools/bin/../lib/gcc/arm-none-eabi/10.3.1/../../../../arm-none-eabi/lib/thumb/v7-m/nofp\libc_nano.a(lib_a-makebuf.o)
 .ARM.attributes
                0x0000000000000719       0x2d c:/st/stm32cubeide_1.9.0/stm32cubeide/plugins/com.st.stm32cube.ide.mcu.externaltools.gnu-tools-for-stm32.10.3-2021.10.win32_1.0.0.202111181127/tools/bin/../lib/gcc/arm-none-eabi/10.3.1/../../../../arm-none-eabi/lib/thumb/v7-m/nofp\libc_nano.a(lib_a-nano-freer.o)
 .ARM.attributes
                0x0000000000000746       0x2d c:/st/stm32cubeide_1.9.0/stm32cubeide/plugins/com.st.stm32cube.ide.mcu.externaltools.gnu-tools-for-stm32.10.3-2021.10.win32_1.0.0.202111181127/tools/bin/../lib/gcc/arm-none-eabi/10.3.1/../../../../arm-none-eabi/lib/thumb/v7-m/nofp\libc_nano.a(lib_a-nano-mallocr.o)
 .ARM.attributes
                0x0000000000000773       0x2d c:/st/stm32cubeide_1.9.0/stm32cubeide/plugins/com.st.stm32cube.ide.mcu.externaltools.gnu-tools-for-stm32.10.3-2021.10.win32_1.0.0.202111181127/tools/bin/../lib/gcc/arm-none-eabi/10.3.1/../../../../arm-none-eabi/lib/thumb/v7-m/nofp\libc_nano.a(lib_a-nano-vfprintf.o)
 .ARM.attributes
                0x00000000000007a0       0x2d c:/st/stm32cubeide_1.9.0/stm32cubeide/plugins/com.st.stm32cube.ide.mcu.externaltools.gnu-tools-for-stm32.10.3-2021.10.win32_1.0.0.202111181127/tools/bin/../lib/gcc/arm-none-eabi/10.3.1/../../../../arm-none-eabi/lib/thumb/v7-m/nofp\libc_nano.a(lib_a-nano-vfprintf_i.o)
 .ARM.attributes
                0x00000000000007cd       0x2d c:/st/stm32cubeide_1.9.0/stm32cubeide/plugins/com.st.stm32cube.ide.mcu.externaltools.gnu-tools-for-stm32.10.3-2021.10.win32_1.0.0.202111181127/tools/bin/../lib/gcc/arm-none-eabi/10.3.1/../../../../arm-none-eabi/lib/thumb/v7-m/nofp\libc_nano.a(lib_a-sbrkr.o)
 .ARM.attributes
                0x00000000000007fa       0x2d c:/st/stm32cubeide_1.9.0/stm32cubeide/plugins/com.st.stm32cube.ide.mcu.externaltools.gnu-tools-for-stm32.10.3-2021.10.win32_1.0.0.202111181127/tools/bin/../lib/gcc/arm-none-eabi/10.3.1/../../../../arm-none-eabi/lib/thumb/v7-m/nofp\libc_nano.a(lib_a-stdio.o)
 .ARM.attributes
                0x0000000000000827       0x2d c:/st/stm32cubeide_1.9.0/stm32cubeide/plugins/com.st.stm32cube.ide.mcu.externaltools.gnu-tools-for-stm32.10.3-2021.10.win32_1.0.0.202111181127/tools/bin/../lib/gcc/arm-none-eabi/10.3.1/../../../../arm-none-eabi/lib/thumb/v7-m/nofp\libc_nano.a(lib_a-writer.o)
 .ARM.attributes
                0x0000000000000854       0x2d c:/st/stm32cubeide_1.9.0/stm32cubeide/plugins/com.st.stm32cube.ide.mcu.externaltools.gnu-tools-for-stm32.10.3-2021.10.win32_1.0.0.202111181127/tools/bin/../lib/gcc/arm-none-eabi/10.3.1/../../../../arm-none-eabi/lib/thumb/v7-m/nofp\libc_nano.a(lib_a-closer.o)
 .ARM.attributes
                0x0000000000000881       0x2d c:/st/stm32cubeide_1.9.0/stm32cubeide/plugins/com.st.stm32cube.ide.mcu.externaltools.gnu-tools-for-stm32.10.3-2021.10.win32_1.0.0.202111181127/tools/bin/../lib/gcc/arm-none-eabi/10.3.1/../../../../arm-none-eabi/lib/thumb/v7-m/nofp\libc_nano.a(lib_a-fstatr.o)
 .ARM.attributes
                0x00000000000008ae       0x2d c:/st/stm32cubeide_1.9.0/stm32cubeide/plugins/com.st.stm32cube.ide.mcu.externaltools.gnu-tools-for-stm32.10.3-2021.10.win32_1.0.0.202111181127/tools/bin/../lib/gcc/arm-none-eabi/10.3.1/../../../../arm-none-eabi/lib/thumb/v7-m/nofp\libc_nano.a(lib_a-isattyr.o)
 .ARM.attributes
                0x00000000000008db       0x2d c:/st/stm32cubeide_1.9.0/stm32cubeide/plugins/com.st.stm32cube.ide.mcu.externaltools.gnu-tools-for-stm32.10.3-2021.10.win32_1.0.0.202111181127/tools/bin/../lib/gcc/arm-none-eabi/10.3.1/../../../../arm-none-eabi/lib/thumb/v7-m/nofp\libc_nano.a(lib_a-lseekr.o)
 .ARM.attributes
                0x0000000000000908       0x2d c:/st/stm32cubeide_1.9.0/stm32cubeide/plugins/com.st.stm32cube.ide.mcu.externaltools.gnu-tools-for-stm32.10.3-2021.10.win32_1.0.0.202111181127/tools/bin/../lib/gcc/arm-none-eabi/10.3.1/../../../../arm-none-eabi/lib/thumb/v7-m/nofp\libc_nano.a(lib_a-memchr-stub.o)
 .ARM.attributes
                0x0000000000000935       0x2d c:/st/stm32cubeide_1.9.0/stm32cubeide/plugins/com.st.stm32cube.ide.mcu.externaltools.gnu-tools-for-stm32.10.3-2021.10.win32_1.0.0.202111181127/tools/bin/../lib/gcc/arm-none-eabi/10.3.1/../../../../arm-none-eabi/lib/thumb/v7-m/nofp\libc_nano.a(lib_a-mlock.o)
 .ARM.attributes
                0x0000000000000962       0x2d c:/st/stm32cubeide_1.9.0/stm32cubeide/plugins/com.st.stm32cube.ide.mcu.externaltools.gnu-tools-for-stm32.10.3-2021.10.win32_1.0.0.202111181127/tools/bin/../lib/gcc/arm-none-eabi/10.3.1/../../../../arm-none-eabi/lib/thumb/v7-m/nofp\libc_nano.a(lib_a-readr.o)
 .ARM.attributes
                0x000000000000098f       0x2d c:/st/stm32cubeide_1.9.0/stm32cubeide/plugins/com.st.stm32cube.ide.mcu.externaltools.gnu-tools-for-stm32.10.3-2021.10.win32_1.0.0.202111181127/tools/bin/../lib/gcc/arm-none-eabi/10.3.1/../../../../arm-none-eabi/lib/thumb/v7-m/nofp\libc_nano.a(lib_a-reent.o)
 .ARM.attributes
                0x00000000000009bc       0x1d c:/st/stm32cubeide_1.9.0/stm32cubeide/plugins/com.st.stm32cube.ide.mcu.externaltools.gnu-tools-for-stm32.10.3-2021.10.win32_1.0.0.202111181127/tools/bin/../lib/gcc/arm-none-eabi/10.3.1/thumb/v7-m/nofp/crtn.o
OUTPUT(QO100.elf elf32-littlearm)
LOAD linker stubs
LOAD c:/st/stm32cubeide_1.9.0/stm32cubeide/plugins/com.st.stm32cube.ide.mcu.externaltools.gnu-tools-for-stm32.10.3-2021.10.win32_1.0.0.202111181127/tools/bin/../lib/gcc/arm-none-eabi/10.3.1/../../../../arm-none-eabi/lib/thumb/v7-m/nofp\libc.a
LOAD c:/st/stm32cubeide_1.9.0/stm32cubeide/plugins/com.st.stm32cube.ide.mcu.externaltools.gnu-tools-for-stm32.10.3-2021.10.win32_1.0.0.202111181127/tools/bin/../lib/gcc/arm-none-eabi/10.3.1/../../../../arm-none-eabi/lib/thumb/v7-m/nofp\libm.a
LOAD c:/st/stm32cubeide_1.9.0/stm32cubeide/plugins/com.st.stm32cube.ide.mcu.externaltools.gnu-tools-for-stm32.10.3-2021.10.win32_1.0.0.202111181127/tools/bin/../lib/gcc/arm-none-eabi/10.3.1/thumb/v7-m/nofp\libgcc.a

.debug_info     0x0000000000000000    0x13d6a
 .debug_info    0x0000000000000000      0x866 ./Core/Src/LCD.o
 .debug_info    0x0000000000000866     0x1666 ./Core/Src/ads1256.o
 .debug_info    0x0000000000001ecc      0x629 ./Core/Src/ads1256_InterruptHandlersConnector.o
 .debug_info    0x00000000000024f5      0x48e ./Core/Src/gpio.o
 .debug_info    0x0000000000002983      0xd65 ./Core/Src/main.o
 .debug_info    0x00000000000036e8      0x9c5 ./Core/Src/spi.o
 .debug_info    0x00000000000040ad      0x380 ./Core/Src/stm32f1xx_hal_msp.o
 .debug_info    0x000000000000442d      0x683 ./Core/Src/stm32f1xx_it.o
 .debug_info    0x0000000000004ab0      0x6e0 ./Core/Src/syscalls.o
 .debug_info    0x0000000000005190      0x171 ./Core/Src/sysmem.o
 .debug_info    0x0000000000005301      0x23d ./Core/Src/system_stm32f1xx.o
 .debug_info    0x000000000000553e      0x87f ./Core/Src/tim.o
 .debug_info    0x0000000000005dbd      0x810 ./Core/Src/usart.o
 .debug_info    0x00000000000065cd       0x22 ./Core/Startup/startup_stm32f103c8tx.o
 .debug_info    0x00000000000065ef      0x76a ./Drivers/STM32F1xx_HAL_Driver/Src/stm32f1xx_hal.o
 .debug_info    0x0000000000006d59      0xb3e ./Drivers/STM32F1xx_HAL_Driver/Src/stm32f1xx_hal_cortex.o
 .debug_info    0x0000000000007897      0x77a ./Drivers/STM32F1xx_HAL_Driver/Src/stm32f1xx_hal_dma.o
 .debug_info    0x0000000000008011      0x64b ./Drivers/STM32F1xx_HAL_Driver/Src/stm32f1xx_hal_gpio.o
 .debug_info    0x000000000000865c      0x883 ./Drivers/STM32F1xx_HAL_Driver/Src/stm32f1xx_hal_rcc.o
 .debug_info    0x0000000000008edf     0x1675 ./Drivers/STM32F1xx_HAL_Driver/Src/stm32f1xx_hal_spi.o
 .debug_info    0x000000000000a554     0x2be1 ./Drivers/STM32F1xx_HAL_Driver/Src/stm32f1xx_hal_tim.o
 .debug_info    0x000000000000d135     0x15fd ./Drivers/STM32F1xx_HAL_Driver/Src/stm32f1xx_hal_tim_ex.o
 .debug_info    0x000000000000e732     0x31ca ./Drivers/STM32F1xx_HAL_Driver/Src/stm32f1xx_hal_uart.o
 .debug_info    0x00000000000118fc      0x2cb ./Middlewares/Third_Party/FreeRTOS/Source/list.o
 .debug_info    0x0000000000011bc7     0x1cec ./Middlewares/Third_Party/FreeRTOS/Source/tasks.o
 .debug_info    0x00000000000138b3      0x4b7 ./Middlewares/Third_Party/FreeRTOS/Source/portable/GCC/ARM_CM3/port.o

.debug_abbrev   0x0000000000000000     0x33ac
 .debug_abbrev  0x0000000000000000      0x27a ./Core/Src/LCD.o
 .debug_abbrev  0x000000000000027a      0x32d ./Core/Src/ads1256.o
 .debug_abbrev  0x00000000000005a7      0x172 ./Core/Src/ads1256_InterruptHandlersConnector.o
 .debug_abbrev  0x0000000000000719      0x152 ./Core/Src/gpio.o
 .debug_abbrev  0x000000000000086b      0x2b4 ./Core/Src/main.o
 .debug_abbrev  0x0000000000000b1f      0x1ec ./Core/Src/spi.o
 .debug_abbrev  0x0000000000000d0b      0x115 ./Core/Src/stm32f1xx_hal_msp.o
 .debug_abbrev  0x0000000000000e20      0x1ad ./Core/Src/stm32f1xx_it.o
 .debug_abbrev  0x0000000000000fcd      0x1b3 ./Core/Src/syscalls.o
 .debug_abbrev  0x0000000000001180       0xbb ./Core/Src/sysmem.o
 .debug_abbrev  0x000000000000123b      0x13b ./Core/Src/system_stm32f1xx.o
 .debug_abbrev  0x0000000000001376      0x1e0 ./Core/Src/tim.o
 .debug_abbrev  0x0000000000001556      0x1d5 ./Core/Src/usart.o
 .debug_abbrev  0x000000000000172b       0x12 ./Core/Startup/startup_stm32f103c8tx.o
 .debug_abbrev  0x000000000000173d      0x204 ./Drivers/STM32F1xx_HAL_Driver/Src/stm32f1xx_hal.o
 .debug_abbrev  0x0000000000001941      0x2ed ./Drivers/STM32F1xx_HAL_Driver/Src/stm32f1xx_hal_cortex.o
 .debug_abbrev  0x0000000000001c2e      0x213 ./Drivers/STM32F1xx_HAL_Driver/Src/stm32f1xx_hal_dma.o
 .debug_abbrev  0x0000000000001e41      0x1d7 ./Drivers/STM32F1xx_HAL_Driver/Src/stm32f1xx_hal_gpio.o
 .debug_abbrev  0x0000000000002018      0x2a1 ./Drivers/STM32F1xx_HAL_Driver/Src/stm32f1xx_hal_rcc.o
 .debug_abbrev  0x00000000000022b9      0x283 ./Drivers/STM32F1xx_HAL_Driver/Src/stm32f1xx_hal_spi.o
 .debug_abbrev  0x000000000000253c      0x279 ./Drivers/STM32F1xx_HAL_Driver/Src/stm32f1xx_hal_tim.o
 .debug_abbrev  0x00000000000027b5      0x26c ./Drivers/STM32F1xx_HAL_Driver/Src/stm32f1xx_hal_tim_ex.o
 .debug_abbrev  0x0000000000002a21      0x2f4 ./Drivers/STM32F1xx_HAL_Driver/Src/stm32f1xx_hal_uart.o
 .debug_abbrev  0x0000000000002d15       0xf2 ./Middlewares/Third_Party/FreeRTOS/Source/list.o
 .debug_abbrev  0x0000000000002e07      0x34e ./Middlewares/Third_Party/FreeRTOS/Source/tasks.o
 .debug_abbrev  0x0000000000003155      0x257 ./Middlewares/Third_Party/FreeRTOS/Source/portable/GCC/ARM_CM3/port.o

.debug_aranges  0x0000000000000000     0x14f0
 .debug_aranges
                0x0000000000000000      0x158 ./Core/Src/LCD.o
 .debug_aranges
                0x0000000000000158      0x220 ./Core/Src/ads1256.o
 .debug_aranges
                0x0000000000000378       0x30 ./Core/Src/ads1256_InterruptHandlersConnector.o
 .debug_aranges
                0x00000000000003a8       0x20 ./Core/Src/gpio.o
 .debug_aranges
                0x00000000000003c8       0x48 ./Core/Src/main.o
 .debug_aranges
                0x0000000000000410       0x30 ./Core/Src/spi.o
 .debug_aranges
                0x0000000000000440       0x20 ./Core/Src/stm32f1xx_hal_msp.o
 .debug_aranges
                0x0000000000000460       0x60 ./Core/Src/stm32f1xx_it.o
 .debug_aranges
                0x00000000000004c0       0xa8 ./Core/Src/syscalls.o
 .debug_aranges
                0x0000000000000568       0x20 ./Core/Src/sysmem.o
 .debug_aranges
                0x0000000000000588       0x28 ./Core/Src/system_stm32f1xx.o
 .debug_aranges
                0x00000000000005b0       0x30 ./Core/Src/tim.o
 .debug_aranges
                0x00000000000005e0       0x30 ./Core/Src/usart.o
 .debug_aranges
                0x0000000000000610       0x28 ./Core/Startup/startup_stm32f103c8tx.o
 .debug_aranges
                0x0000000000000638       0xe0 ./Drivers/STM32F1xx_HAL_Driver/Src/stm32f1xx_hal.o
 .debug_aranges
                0x0000000000000718      0x100 ./Drivers/STM32F1xx_HAL_Driver/Src/stm32f1xx_hal_cortex.o
 .debug_aranges
                0x0000000000000818       0x80 ./Drivers/STM32F1xx_HAL_Driver/Src/stm32f1xx_hal_dma.o
 .debug_aranges
                0x0000000000000898       0x58 ./Drivers/STM32F1xx_HAL_Driver/Src/stm32f1xx_hal_gpio.o
 .debug_aranges
                0x00000000000008f0       0x90 ./Drivers/STM32F1xx_HAL_Driver/Src/stm32f1xx_hal_rcc.o
 .debug_aranges
                0x0000000000000980      0x1d0 ./Drivers/STM32F1xx_HAL_Driver/Src/stm32f1xx_hal_spi.o
 .debug_aranges
                0x0000000000000b50      0x3d0 ./Drivers/STM32F1xx_HAL_Driver/Src/stm32f1xx_hal_tim.o
 .debug_aranges
                0x0000000000000f20      0x168 ./Drivers/STM32F1xx_HAL_Driver/Src/stm32f1xx_hal_tim_ex.o
 .debug_aranges
                0x0000000000001088      0x208 ./Drivers/STM32F1xx_HAL_Driver/Src/stm32f1xx_hal_uart.o
 .debug_aranges
                0x0000000000001290       0x40 ./Middlewares/Third_Party/FreeRTOS/Source/list.o
 .debug_aranges
                0x00000000000012d0      0x1a8 ./Middlewares/Third_Party/FreeRTOS/Source/tasks.o
 .debug_aranges
                0x0000000000001478       0x78 ./Middlewares/Third_Party/FreeRTOS/Source/portable/GCC/ARM_CM3/port.o

.debug_ranges   0x0000000000000000     0x13a0
 .debug_ranges  0x0000000000000000      0x148 ./Core/Src/LCD.o
 .debug_ranges  0x0000000000000148      0x228 ./Core/Src/ads1256.o
 .debug_ranges  0x0000000000000370       0x20 ./Core/Src/ads1256_InterruptHandlersConnector.o
 .debug_ranges  0x0000000000000390       0x10 ./Core/Src/gpio.o
 .debug_ranges  0x00000000000003a0       0x38 ./Core/Src/main.o
 .debug_ranges  0x00000000000003d8       0x20 ./Core/Src/spi.o
 .debug_ranges  0x00000000000003f8       0x10 ./Core/Src/stm32f1xx_hal_msp.o
 .debug_ranges  0x0000000000000408       0x50 ./Core/Src/stm32f1xx_it.o
 .debug_ranges  0x0000000000000458       0x98 ./Core/Src/syscalls.o
 .debug_ranges  0x00000000000004f0       0x10 ./Core/Src/sysmem.o
 .debug_ranges  0x0000000000000500       0x18 ./Core/Src/system_stm32f1xx.o
 .debug_ranges  0x0000000000000518       0x20 ./Core/Src/tim.o
 .debug_ranges  0x0000000000000538       0x20 ./Core/Src/usart.o
 .debug_ranges  0x0000000000000558       0x20 ./Core/Startup/startup_stm32f103c8tx.o
 .debug_ranges  0x0000000000000578       0xd0 ./Drivers/STM32F1xx_HAL_Driver/Src/stm32f1xx_hal.o
 .debug_ranges  0x0000000000000648       0xf0 ./Drivers/STM32F1xx_HAL_Driver/Src/stm32f1xx_hal_cortex.o
 .debug_ranges  0x0000000000000738       0x70 ./Drivers/STM32F1xx_HAL_Driver/Src/stm32f1xx_hal_dma.o
 .debug_ranges  0x00000000000007a8       0x48 ./Drivers/STM32F1xx_HAL_Driver/Src/stm32f1xx_hal_gpio.o
 .debug_ranges  0x00000000000007f0       0x80 ./Drivers/STM32F1xx_HAL_Driver/Src/stm32f1xx_hal_rcc.o
 .debug_ranges  0x0000000000000870      0x1c0 ./Drivers/STM32F1xx_HAL_Driver/Src/stm32f1xx_hal_spi.o
 .debug_ranges  0x0000000000000a30      0x3c0 ./Drivers/STM32F1xx_HAL_Driver/Src/stm32f1xx_hal_tim.o
 .debug_ranges  0x0000000000000df0      0x158 ./Drivers/STM32F1xx_HAL_Driver/Src/stm32f1xx_hal_tim_ex.o
 .debug_ranges  0x0000000000000f48      0x228 ./Drivers/STM32F1xx_HAL_Driver/Src/stm32f1xx_hal_uart.o
 .debug_ranges  0x0000000000001170       0x30 ./Middlewares/Third_Party/FreeRTOS/Source/list.o
 .debug_ranges  0x00000000000011a0      0x198 ./Middlewares/Third_Party/FreeRTOS/Source/tasks.o
 .debug_ranges  0x0000000000001338       0x68 ./Middlewares/Third_Party/FreeRTOS/Source/portable/GCC/ARM_CM3/port.o

.debug_macro    0x0000000000000000    0x19a50
 .debug_macro   0x0000000000000000      0x29f ./Core/Src/LCD.o
 .debug_macro   0x000000000000029f      0xa6c ./Core/Src/LCD.o
 .debug_macro   0x0000000000000d0b      0x228 ./Core/Src/LCD.o
 .debug_macro   0x0000000000000f33       0x2e ./Core/Src/LCD.o
 .debug_macro   0x0000000000000f61       0x22 ./Core/Src/LCD.o
 .debug_macro   0x0000000000000f83       0x22 ./Core/Src/LCD.o
 .debug_macro   0x0000000000000fa5       0x8e ./Core/Src/LCD.o
 .debug_macro   0x0000000000001033       0x51 ./Core/Src/LCD.o
 .debug_macro   0x0000000000001084      0x103 ./Core/Src/LCD.o
 .debug_macro   0x0000000000001187       0x6a ./Core/Src/LCD.o
 .debug_macro   0x00000000000011f1      0x1df ./Core/Src/LCD.o