Archive member included to satisfy reference by file (symbol)

c:/st/stm32cubeide_1.9.0/stm32cubeide/plugins/com.st.stm32cube.ide.mcu.externaltools.gnu-tools-for-stm32.10.3-2021.10.win32_1.0.0.202111181127/tools/bin/../lib/gcc/arm-none-eabi/10.3.1/../../../../arm-none-eabi/lib/thumb/v7-m/nofp\libc_nano.a(lib_a-errno.o)
                              ./Core/Src/syscalls.o (__errno)
c:/st/stm32cubeide_1.9.0/stm32cubeide/plugins/com.st.stm32cube.ide.mcu.externaltools.gnu-tools-for-stm32.10.3-2021.10.win32_1.0.0.202111181127/tools/bin/../lib/gcc/arm-none-eabi/10.3.1/../../../../arm-none-eabi/lib/thumb/v7-m/nofp\libc_nano.a(lib_a-exit.o)
                              c:/st/stm32cubeide_1.9.0/stm32cubeide/plugins/com.st.stm32cube.ide.mcu.externaltools.gnu-tools-for-stm32.10.3-2021.10.win32_1.0.0.202111181127/tools/bin/../lib/gcc/arm-none-eabi/10.3.1/../../../../arm-none-eabi/lib/thumb/v7-m/nofp/crt0.o (exit)
c:/st/stm32cubeide_1.9.0/stm32cubeide/plugins/com.st.stm32cube.ide.mcu.externaltools.gnu-tools-for-stm32.10.3-2021.10.win32_1.0.0.202111181127/tools/bin/../lib/gcc/arm-none-eabi/10.3.1/../../../../arm-none-eabi/lib/thumb/v7-m/nofp\libc_nano.a(lib_a-impure.o)
                              c:/st/stm32cubeide_1.9.0/stm32cubeide/plugins/com.st.stm32cube.ide.mcu.externaltools.gnu-tools-for-stm32.10.3-2021.10.win32_1.0.0.202111181127/tools/bin/../lib/gcc/arm-none-eabi/10.3.1/../../../../arm-none-eabi/lib/thumb/v7-m/nofp\libc_nano.a(lib_a-exit.o) (_global_impure_ptr)
c:/st/stm32cubeide_1.9.0/stm32cubeide/plugins/com.st.stm32cube.ide.mcu.externaltools.gnu-tools-for-stm32.10.3-2021.10.win32_1.0.0.202111181127/tools/bin/../lib/gcc/arm-none-eabi/10.3.1/../../../../arm-none-eabi/lib/thumb/v7-m/nofp\libc_nano.a(lib_a-init.o)
                              c:/st/stm32cubeide_1.9.0/stm32cubeide/plugins/com.st.stm32cube.ide.mcu.externaltools.gnu-tools-for-stm32.10.3-2021.10.win32_1.0.0.202111181127/tools/bin/../lib/gcc/arm-none-eabi/10.3.1/../../../../arm-none-eabi/lib/thumb/v7-m/nofp/crt0.o (__libc_init_array)
c:/st/stm32cubeide_1.9.0/stm32cubeide/plugins/com.st.stm32cube.ide.mcu.externaltools.gnu-tools-for-stm32.10.3-2021.10.win32_1.0.0.202111181127/tools/bin/../lib/gcc/arm-none-eabi/10.3.1/../../../../arm-none-eabi/lib/thumb/v7-m/nofp\libc_nano.a(lib_a-memset.o)
                              c:/st/stm32cubeide_1.9.0/stm32cubeide/plugins/com.st.stm32cube.ide.mcu.externaltools.gnu-tools-for-stm32.10.3-2021.10.win32_1.0.0.202111181127/tools/bin/../lib/gcc/arm-none-eabi/10.3.1/../../../../arm-none-eabi/lib/thumb/v7-m/nofp/crt0.o (memset)

Discarded input sections

 .text          0x0000000000000000        0x0 c:/st/stm32cubeide_1.9.0/stm32cubeide/plugins/com.st.stm32cube.ide.mcu.externaltools.gnu-tools-for-stm32.10.3-2021.10.win32_1.0.0.202111181127/tools/bin/../lib/gcc/arm-none-eabi/10.3.1/thumb/v7-m/nofp/crti.o
 .data          0x0000000000000000        0x0 c:/st/stm32cubeide_1.9.0/stm32cubeide/plugins/com.st.stm32cube.ide.mcu.externaltools.gnu-tools-for-stm32.10.3-2021.10.win32_1.0.0.202111181127/tools/bin/../lib/gcc/arm-none-eabi/10.3.1/thumb/v7-m/nofp/crti.o
 .bss           0x0000000000000000        0x0 c:/st/stm32cubeide_1.9.0/stm32cubeide/plugins/com.st.stm32cube.ide.mcu.externaltools.gnu-tools-for-stm32.10.3-2021.10.win32_1.0.0.202111181127/tools/bin/../lib/gcc/arm-none-eabi/10.3.1/thumb/v7-m/nofp/crti.o
 .data          0x0000000000000000        0x4 c:/st/stm32cubeide_1.9.0/stm32cubeide/plugins/com.st.stm32cube.ide.mcu.externaltools.gnu-tools-for-stm32.10.3-2021.10.win32_1.0.0.202111181127/tools/bin/../lib/gcc/arm-none-eabi/10.3.1/thumb/v7-m/nofp/crtbegin.o
 .rodata        0x0000000000000000       0x24 c:/st/stm32cubeide_1.9.0/stm32cubeide/plugins/com.st.stm32cube.ide.mcu.externaltools.gnu-tools-for-stm32.10.3-2021.10.win32_1.0.0.202111181127/tools/bin/../lib/gcc/arm-none-eabi/10.3.1/thumb/v7-m/nofp/crtbegin.o
 .text          0x0000000000000000       0x7c c:/st/stm32cubeide_1.9.0/stm32cubeide/plugins/com.st.stm32cube.ide.mcu.externaltools.gnu-tools-for-stm32.10.3-2021.10.win32_1.0.0.202111181127/tools/bin/../lib/gcc/arm-none-eabi/10.3.1/../../../../arm-none-eabi/lib/thumb/v7-m/nofp/crt0.o
 .data          0x0000000000000000        0x0 c:/st/stm32cubeide_1.9.0/stm32cubeide/plugins/com.st.stm32cube.ide.mcu.externaltools.gnu-tools-for-stm32.10.3-2021.10.win32_1.0.0.202111181127/tools/bin/../lib/gcc/arm-none-eabi/10.3.1/../../../../arm-none-eabi/lib/thumb/v7-m/nofp/crt0.o
 .bss           0x0000000000000000        0x0 c:/st/stm32cubeide_1.9.0/stm32cubeide/plugins/com.st.stm32cube.ide.mcu.externaltools.gnu-tools-for-stm32.10.3-2021.10.win32_1.0.0.202111181127/tools/bin/../lib/gcc/arm-none-eabi/10.3.1/../../../../arm-none-eabi/lib/thumb/v7-m/nofp/crt0.o
[...]
Memory Configuration

Name             Origin             Length             Attributes
RAM              0x0000000020000000 0x0000000000005000 xrw
FLASH            0x0000000008000000 0x0000000000010000 xr
*default*        0x0000000000000000 0xffffffffffffffff

Linker script and memory map

LOAD c:/st/stm32cubeide_1.9.0/stm32cubeide/plugins/com.st.stm32cube.ide.mcu.externaltools.gnu-tools-for-stm32.10.3-2021.10.win32_1.0.0.202111181127/tools/bin/../lib/gcc/arm-none-eabi/10.3.1/thumb/v7-m/nofp/crti.o
LOAD c:/st/stm32cubeide_1.9.0/stm32cubeide/plugins/com.st.stm32cube.ide.mcu.externaltools.gnu-tools-for-stm32.10.3-2021.10.win32_1.0.0.202111181127/tools/bin/../lib/gcc/arm-none-eabi/10.3.1/thumb/v7-m/nofp/crtbegin.o
LOAD c:/st/stm32cubeide_1.9.0/stm32cubeide/plugins/com.st.stm32cube.ide.mcu.externaltools.gnu-tools-for-stm32.10.3-2021.10.win32_1.0.0.202111181127/tools/bin/../lib/gcc/arm-none-eabi/10.3.1/../../../../arm-none-eabi/lib/thumb/v7-m/nofp/crt0.o
LOAD ./Core/Src/LCD.o
LOAD ./Core/Src/adc_stat.o
LOAD ./Core/Src/ads1256.o
LOAD ./Core/Src/ads1256_InterruptHandlersConnector.o
LOAD ./Core/Src/gpio.o
LOAD ./Core/Src/main.o
LOAD ./Core/Src/spi.o
LOAD ./Core/Src/stm32f1xx_hal_msp.o
LOAD ./Core/Src/stm32f1xx_it.o
LOAD ./Core/Src/syscalls.o
LOAD ./Core/Src/sysmem.o
LOAD ./Core/Src/system_stm32f1xx.o
LOAD ./Core/Src/usart.o
LOAD ./Core/Startup/startup_stm32f103c8tx.o
LOAD ./Drivers/STM32F1xx_HAL_Driver/Src/stm32f1xx_hal.o
LOAD ./Drivers/STM32F1xx_HAL_Driver/Src/stm32f1xx_hal_cortex.o
LOAD ./Drivers/STM32F1xx_HAL_Driver/Src/stm32f1xx_hal_dma.o
LOAD ./Drivers/STM32F1xx_HAL_Driver/Src/stm32f1xx_hal_exti.o
LOAD ./Drivers/STM32F1xx_HAL_Driver/Src/stm32f1xx_hal_flash.o
LOAD ./Drivers/STM32F1xx_HAL_Driver/Src/stm32f1xx_hal_flash_ex.o
LOAD ./Drivers/STM32F1xx_HAL_Driver/Src/stm32f1xx_hal_gpio.o
LOAD ./Drivers/STM32F1xx_HAL_Driver/Src/stm32f1xx_hal_gpio_ex.o
LOAD ./Drivers/STM32F1xx_HAL_Driver/Src/stm32f1xx_hal_pwr.o
LOAD ./Drivers/STM32F1xx_HAL_Driver/Src/stm32f1xx_hal_rcc.o
LOAD ./Drivers/STM32F1xx_HAL_Driver/Src/stm32f1xx_hal_rcc_ex.o
LOAD ./Drivers/STM32F1xx_HAL_Driver/Src/stm32f1xx_hal_spi.o
LOAD ./Drivers/STM32F1xx_HAL_Driver/Src/stm32f1xx_hal_tim.o
LOAD ./Drivers/STM32F1xx_HAL_Driver/Src/stm32f1xx_hal_tim_ex.o
LOAD ./Drivers/STM32F1xx_HAL_Driver/Src/stm32f1xx_hal_uart.o
START GROUP
LOAD c:/st/stm32cubeide_1.9.0/stm32cubeide/plugins/com.st.stm32cube.ide.mcu.externaltools.gnu-tools-for-stm32.10.3-2021.10.win32_1.0.0.202111181127/tools/bin/../lib/gcc/arm-none-eabi/10.3.1/../../../../arm-none-eabi/lib/thumb/v7-m/nofp\libc_nano.a
LOAD c:/st/stm32cubeide_1.9.0/stm32cubeide/plugins/com.st.stm32cube.ide.mcu.externaltools.gnu-tools-for-stm32.10.3-2021.10.win32_1.0.0.202111181127/tools/bin/../lib/gcc/arm-none-eabi/10.3.1/../../../../arm-none-eabi/lib/thumb/v7-m/nofp\libm.a
END GROUP
START GROUP
LOAD c:/st/stm32cubeide_1.9.0/stm32cubeide/plugins/com.st.stm32cube.ide.mcu.externaltools.gnu-tools-for-stm32.10.3-2021.10.win32_1.0.0.202111181127/tools/bin/../lib/gcc/arm-none-eabi/10.3.1/thumb/v7-m/nofp\libgcc.a
LOAD c:/st/stm32cubeide_1.9.0/stm32cubeide/plugins/com.st.stm32cube.ide.mcu.externaltools.gnu-tools-for-stm32.10.3-2021.10.win32_1.0.0.202111181127/tools/bin/../lib/gcc/arm-none-eabi/10.3.1/../../../../arm-none-eabi/lib/thumb/v7-m/nofp\libc_nano.a
END GROUP
START GROUP
LOAD c:/st/stm32cubeide_1.9.0/stm32cubeide/plugins/com.st.stm32cube.ide.mcu.externaltools.gnu-tools-for-stm32.10.3-2021.10.win32_1.0.0.202111181127/tools/bin/../lib/gcc/arm-none-eabi/10.3.1/thumb/v7-m/nofp\libgcc.a
LOAD c:/st/stm32cubeide_1.9.0/stm32cubeide/plugins/com.st.stm32cube.ide.mcu.externaltools.gnu-tools-for-stm32.10.3-2021.10.win32_1.0.0.202111181127/tools/bin/../lib/gcc/arm-none-eabi/10.3.1/../../../../arm-none-eabi/lib/thumb/v7-m/nofp\libc_nano.a
LOAD c:/st/stm32cubeide_1.9.0/stm32cubeide/plugins/com.st.stm32cube.ide.mcu.externaltools.gnu-tools-for-stm32.10.3-2021.10.win32_1.0.0.202111181127/tools/bin/../lib/gcc/arm-none-eabi/10.3.1/../../../../arm-none-eabi/lib/thumb/v7-m/nofp\libnosys.a
END GROUP
START GROUP
LOAD c:/st/stm32cubeide_1.9.0/stm32cubeide/plugins/com.st.stm32cube.ide.mcu.externaltools.gnu-tools-for-stm32.10.3-2021.10.win32_1.0.0.202111181127/tools/bin/../lib/gcc/arm-none-eabi/10.3.1/thumb/v7-m/nofp\libgcc.a
LOAD c:/st/stm32cubeide_1.9.0/stm32cubeide/plugins/com.st.stm32cube.ide.mcu.externaltools.gnu-tools-for-stm32.10.3-2021.10.win32_1.0.0.202111181127/tools/bin/../lib/gcc/arm-none-eabi/10.3.1/../../../../arm-none-eabi/lib/thumb/v7-m/nofp\libc_nano.a
LOAD c:/st/stm32cubeide_1.9.0/stm32cubeide/plugins/com.st.stm32cube.ide.mcu.externaltools.gnu-tools-for-stm32.10.3-2021.10.win32_1.0.0.202111181127/tools/bin/../lib/gcc/arm-none-eabi/10.3.1/../../../../arm-none-eabi/lib/thumb/v7-m/nofp\libnosys.a
END GROUP
LOAD c:/st/stm32cubeide_1.9.0/stm32cubeide/plugins/com.st.stm32cube.ide.mcu.externaltools.gnu-tools-for-stm32.10.3-2021.10.win32_1.0.0.202111181127/tools/bin/../lib/gcc/arm-none-eabi/10.3.1/thumb/v7-m/nofp/crtend.o
LOAD c:/st/stm32cubeide_1.9.0/stm32cubeide/plugins/com.st.stm32cube.ide.mcu.externaltools.gnu-tools-for-stm32.10.3-2021.10.win32_1.0.0.202111181127/tools/bin/../lib/gcc/arm-none-eabi/10.3.1/thumb/v7-m/nofp/crtn.o
                0x0000000020005000                _estack = (ORIGIN (RAM) + LENGTH (RAM))
                0x0000000000000200                _Min_Heap_Size = 0x200
                0x0000000000000400                _Min_Stack_Size = 0x400

.isr_vector     0x0000000008000000      0x10c
                0x0000000008000000                . = ALIGN (0x4)
 *(.isr_vector)
 .isr_vector    0x0000000008000000      0x10c ./Core/Startup/startup_stm32f103c8tx.o
                0x0000000008000000                g_pfnVectors
                0x000000000800010c                . = ALIGN (0x4)

.text           0x000000000800010c     0x1db8
                0x000000000800010c                . = ALIGN (0x4)
 *(.text)
 .text          0x000000000800010c       0x40 c:/st/stm32cubeide_1.9.0/stm32cubeide/plugins/com.st.stm32cube.ide.mcu.externaltools.gnu-tools-for-stm32.10.3-2021.10.win32_1.0.0.202111181127/tools/bin/../lib/gcc/arm-none-eabi/10.3.1/thumb/v7-m/nofp/crtbegin.o
 *(.text*)
 .text.LCD_Delay_us
                0x000000000800014c       0x78 ./Core/Src/LCD.o
                0x000000000800014c                LCD_Delay_us
 .text.LCD_Delay_ms
                0x00000000080001c4       0x1a ./Core/Src/LCD.o
                0x00000000080001c4                LCD_Delay_ms
 *fill*         0x00000000080001de        0x2 
 .text.LCD_Init_High
                0x00000000080001e0       0xa8 ./Core/Src/LCD.o
                0x00000000080001e0                LCD_Init_High
 .text.LCD_Clear_High
                0x0000000008000288       0x14 ./Core/Src/LCD.o
                0x0000000008000288                LCD_Clear_High
 .text.LCD_Puts_High
                0x000000000800029c       0xb8 ./Core/Src/LCD.o
                0x000000000800029c                LCD_Puts_High
 .text.LCD_DisplayOn_High
                0x0000000008000354       0x2c ./Core/Src/LCD.o
                0x0000000008000354                LCD_DisplayOn_High
 .text.LCD_Cmd_High
                0x0000000008000380       0x3c ./Core/Src/LCD.o
 .text.LCD_Data_High
                0x00000000080003bc       0x3c ./Core/Src/LCD.o
 .text.LCD_Cmd4bit_High
                0x00000000080003f8       0x88 ./Core/Src/LCD.o
 .text.LCD_CursorSet_High
                0x0000000008000480       0x5c ./Core/Src/LCD.o
 .text.LCD_Init_Port
                0x00000000080004dc       0x98 ./Core/Src/LCD.o
                0x00000000080004dc                LCD_Init_Port
 .text.LCD_Init_Low
                0x0000000008000574       0xa8 ./Core/Src/LCD.o
                0x0000000008000574                LCD_Init_Low
 .text.LCD_Clear_Low
                0x000000000800061c       0x14 ./Core/Src/LCD.o
                0x000000000800061c                LCD_Clear_Low
 .text.LCD_Puts_Low
                0x0000000008000630       0xb8 ./Core/Src/LCD.o
                0x0000000008000630                LCD_Puts_Low
 .text.LCD_DisplayOn_Low
                0x00000000080006e8       0x2c ./Core/Src/LCD.o
                0x00000000080006e8                LCD_DisplayOn_Low
 .text.LCD_Cmd_Low
                0x0000000008000714       0x3c ./Core/Src/LCD.o
 .text.LCD_Data_Low
                0x0000000008000750       0x3c ./Core/Src/LCD.o
 .text.LCD_Cmd4bit_Low
                0x000000000800078c       0x88 ./Core/Src/LCD.o
 .text.LCD_CursorSet_Low
                0x0000000008000814       0x5c ./Core/Src/LCD.o
 .text.LCD_Init
                0x0000000008000870       0x14 ./Core/Src/LCD.o
                0x0000000008000870                LCD_Init
 .text.MX_GPIO_Init
                0x0000000008000884      0x120 ./Core/Src/gpio.o
                0x0000000008000884                MX_GPIO_Init
 .text.main     0x00000000080009a4       0x3c ./Core/Src/main.o
                0x00000000080009a4                main
 .text.SystemClock_Config
                0x00000000080009e0       0x86 ./Core/Src/main.o
                0x00000000080009e0                SystemClock_Config
 .text.Error_Handler
                0x0000000008000a66        0xa ./Core/Src/main.o
                0x0000000008000a66                Error_Handler
 .text.MX_SPI2_Init
                0x0000000008000a70       0x6c ./Core/Src/spi.o
                0x0000000008000a70                MX_SPI2_Init
 .text.HAL_SPI_MspInit
                0x0000000008000adc       0x98 ./Core/Src/spi.o
                0x0000000008000adc                HAL_SPI_MspInit
 .text.HAL_MspInit
                0x0000000008000b74       0x5c ./Core/Src/stm32f1xx_hal_msp.o
                0x0000000008000b74                HAL_MspInit
 .text.NMI_Handler
                0x0000000008000bd0        0x6 ./Core/Src/stm32f1xx_it.o
                0x0000000008000bd0                NMI_Handler
 .text.HardFault_Handler
                0x0000000008000bd6        0x6 ./Core/Src/stm32f1xx_it.o
                0x0000000008000bd6                HardFault_Handler
 .text.MemManage_Handler
                0x0000000008000bdc        0x6 ./Core/Src/stm32f1xx_it.o
                0x0000000008000bdc                MemManage_Handler
 .text.BusFault_Handler
                0x0000000008000be2        0x6 ./Core/Src/stm32f1xx_it.o
                0x0000000008000be2                BusFault_Handler
 .text.UsageFault_Handler
                0x0000000008000be8        0x6 ./Core/Src/stm32f1xx_it.o
                0x0000000008000be8                UsageFault_Handler
 .text.SVC_Handler
                0x0000000008000bee        0xc ./Core/Src/stm32f1xx_it.o
                0x0000000008000bee                SVC_Handler
 .text.DebugMon_Handler
                0x0000000008000bfa        0xc ./Core/Src/stm32f1xx_it.o
                0x0000000008000bfa                DebugMon_Handler
 .text.PendSV_Handler
                0x0000000008000c06        0xc ./Core/Src/stm32f1xx_it.o
                0x0000000008000c06                PendSV_Handler
 .text.SysTick_Handler
                0x0000000008000c12        0xc ./Core/Src/stm32f1xx_it.o
                0x0000000008000c12                SysTick_Handler
 .text.SystemInit
                0x0000000008000c1e        0xc ./Core/Src/system_stm32f1xx.o
                0x0000000008000c1e                SystemInit
 *fill*         0x0000000008000c2a        0x2 
 .text.MX_USART1_UART_Init
                0x0000000008000c2c       0x54 ./Core/Src/usart.o
                0x0000000008000c2c                MX_USART1_UART_Init
 .text.HAL_UART_MspInit
                0x0000000008000c80       0x98 ./Core/Src/usart.o
                0x0000000008000c80                HAL_UART_MspInit
 .text.Reset_Handler
                0x0000000008000d18       0x48 ./Core/Startup/startup_stm32f103c8tx.o
                0x0000000008000d18                Reset_Handler
 .text.Default_Handler
                0x0000000008000d60        0x2 ./Core/Startup/startup_stm32f103c8tx.o
                0x0000000008000d60                RTC_Alarm_IRQHandler
                0x0000000008000d60                EXTI2_IRQHandler
                0x0000000008000d60                TIM1_CC_IRQHandler
                0x0000000008000d60                PVD_IRQHandler
                0x0000000008000d60                EXTI3_IRQHandler
                0x0000000008000d60                EXTI0_IRQHandler
                0x0000000008000d60                I2C2_EV_IRQHandler
                0x0000000008000d60                ADC1_2_IRQHandler
                0x0000000008000d60                SPI1_IRQHandler
                0x0000000008000d60                TAMPER_IRQHandler
                0x0000000008000d60                DMA1_Channel4_IRQHandler
                0x0000000008000d60                USART3_IRQHandler
                0x0000000008000d60                RTC_IRQHandler
                0x0000000008000d60                DMA1_Channel7_IRQHandler
                0x0000000008000d60                CAN1_RX1_IRQHandler
                0x0000000008000d60                TIM4_IRQHandler
                0x0000000008000d60                I2C1_EV_IRQHandler
                0x0000000008000d60                DMA1_Channel6_IRQHandler
                0x0000000008000d60                TIM3_IRQHandler
                0x0000000008000d60                RCC_IRQHandler
                0x0000000008000d60                TIM1_TRG_COM_IRQHandler
                0x0000000008000d60                DMA1_Channel1_IRQHandler
                0x0000000008000d60                Default_Handler
                0x0000000008000d60                EXTI15_10_IRQHandler
                0x0000000008000d60                EXTI9_5_IRQHandler
                0x0000000008000d60                SPI2_IRQHandler
                0x0000000008000d60                DMA1_Channel5_IRQHandler
                0x0000000008000d60                EXTI4_IRQHandler
                0x0000000008000d60                USB_LP_CAN1_RX0_IRQHandler
                0x0000000008000d60                USB_HP_CAN1_TX_IRQHandler
                0x0000000008000d60                DMA1_Channel3_IRQHandler
                0x0000000008000d60                TIM1_UP_IRQHandler
                0x0000000008000d60                WWDG_IRQHandler
                0x0000000008000d60                TIM2_IRQHandler
                0x0000000008000d60                TIM1_BRK_IRQHandler
                0x0000000008000d60                EXTI1_IRQHandler
                0x0000000008000d60                USART2_IRQHandler
                0x0000000008000d60                I2C2_ER_IRQHandler
                0x0000000008000d60                DMA1_Channel2_IRQHandler
                0x0000000008000d60                CAN1_SCE_IRQHandler
                0x0000000008000d60                FLASH_IRQHandler
                0x0000000008000d60                USART1_IRQHandler
                0x0000000008000d60                I2C1_ER_IRQHandler
                0x0000000008000d60                USBWakeUp_IRQHandler
 *fill*         0x0000000008000d62        0x2 
 .text.HAL_Init
                0x0000000008000d64       0x2c ./Drivers/STM32F1xx_HAL_Driver/Src/stm32f1xx_hal.o
                0x0000000008000d64                HAL_Init
 .text.HAL_InitTick
                0x0000000008000d90       0x60 ./Drivers/STM32F1xx_HAL_Driver/Src/stm32f1xx_hal.o
                0x0000000008000d90                HAL_InitTick
 .text.HAL_IncTick
                0x0000000008000df0       0x24 ./Drivers/STM32F1xx_HAL_Driver/Src/stm32f1xx_hal.o
                0x0000000008000df0                HAL_IncTick
 .text.HAL_GetTick
                0x0000000008000e14       0x14 ./Drivers/STM32F1xx_HAL_Driver/Src/stm32f1xx_hal.o
                0x0000000008000e14                HAL_GetTick
 .text.HAL_Delay
                0x0000000008000e28       0x48 ./Drivers/STM32F1xx_HAL_Driver/Src/stm32f1xx_hal.o
                0x0000000008000e28                HAL_Delay
 .text.__NVIC_SetPriorityGrouping
                0x0000000008000e70       0x48 ./Drivers/STM32F1xx_HAL_Driver/Src/stm32f1xx_hal_cortex.o
 .text.__NVIC_GetPriorityGrouping
                0x0000000008000eb8       0x1c ./Drivers/STM32F1xx_HAL_Driver/Src/stm32f1xx_hal_cortex.o
 .text.__NVIC_SetPriority
                0x0000000008000ed4       0x54 ./Drivers/STM32F1xx_HAL_Driver/Src/stm32f1xx_hal_cortex.o
 .text.NVIC_EncodePriority
                0x0000000008000f28       0x64 ./Drivers/STM32F1xx_HAL_Driver/Src/stm32f1xx_hal_cortex.o
 .text.SysTick_Config
                0x0000000008000f8c       0x44 ./Drivers/STM32F1xx_HAL_Driver/Src/stm32f1xx_hal_cortex.o
 .text.HAL_NVIC_SetPriorityGrouping
                0x0000000008000fd0       0x16 ./Drivers/STM32F1xx_HAL_Driver/Src/stm32f1xx_hal_cortex.o
                0x0000000008000fd0                HAL_NVIC_SetPriorityGrouping
 .text.HAL_NVIC_SetPriority
                0x0000000008000fe6       0x38 ./Drivers/STM32F1xx_HAL_Driver/Src/stm32f1xx_hal_cortex.o
                0x0000000008000fe6                HAL_NVIC_SetPriority
 .text.HAL_SYSTICK_Config
                0x000000000800101e       0x18 ./Drivers/STM32F1xx_HAL_Driver/Src/stm32f1xx_hal_cortex.o
                0x000000000800101e                HAL_SYSTICK_Config
 *fill*         0x0000000008001036        0x2 
 .text.HAL_GPIO_Init
                0x0000000008001038      0x308 ./Drivers/STM32F1xx_HAL_Driver/Src/stm32f1xx_hal_gpio.o
                0x0000000008001038                HAL_GPIO_Init
 .text.HAL_GPIO_WritePin
                0x0000000008001340       0x30 ./Drivers/STM32F1xx_HAL_Driver/Src/stm32f1xx_hal_gpio.o
                0x0000000008001340                HAL_GPIO_WritePin
 .text.HAL_RCC_OscConfig
                0x0000000008001370      0x504 ./Drivers/STM32F1xx_HAL_Driver/Src/stm32f1xx_hal_rcc.o
                0x0000000008001370                HAL_RCC_OscConfig
 .text.HAL_RCC_ClockConfig
                0x0000000008001874      0x1d4 ./Drivers/STM32F1xx_HAL_Driver/Src/stm32f1xx_hal_rcc.o
                0x0000000008001874                HAL_RCC_ClockConfig
 .text.HAL_RCC_GetSysClockFreq
                0x0000000008001a48       0xa8 ./Drivers/STM32F1xx_HAL_Driver/Src/stm32f1xx_hal_rcc.o
                0x0000000008001a48                HAL_RCC_GetSysClockFreq
 .text.HAL_RCC_GetHCLKFreq
                0x0000000008001af0       0x14 ./Drivers/STM32F1xx_HAL_Driver/Src/stm32f1xx_hal_rcc.o
                0x0000000008001af0                HAL_RCC_GetHCLKFreq
 .text.HAL_RCC_GetPCLK1Freq
                0x0000000008001b04       0x28 ./Drivers/STM32F1xx_HAL_Driver/Src/stm32f1xx_hal_rcc.o
                0x0000000008001b04                HAL_RCC_GetPCLK1Freq
 .text.HAL_RCC_GetPCLK2Freq
                0x0000000008001b2c       0x28 ./Drivers/STM32F1xx_HAL_Driver/Src/stm32f1xx_hal_rcc.o
                0x0000000008001b2c                HAL_RCC_GetPCLK2Freq
 .text.RCC_Delay
                0x0000000008001b54       0x3c ./Drivers/STM32F1xx_HAL_Driver/Src/stm32f1xx_hal_rcc.o
 .text.HAL_SPI_Init
                0x0000000008001b90      0x108 ./Drivers/STM32F1xx_HAL_Driver/Src/stm32f1xx_hal_spi.o
                0x0000000008001b90                HAL_SPI_Init
 .text.HAL_UART_Init
                0x0000000008001c98       0xa0 ./Drivers/STM32F1xx_HAL_Driver/Src/stm32f1xx_hal_uart.o
                0x0000000008001c98                HAL_UART_Init
 .text.UART_SetConfig
                0x0000000008001d38      0x11c ./Drivers/STM32F1xx_HAL_Driver/Src/stm32f1xx_hal_uart.o
 .text.__libc_init_array
                0x0000000008001e54       0x48 c:/st/stm32cubeide_1.9.0/stm32cubeide/plugins/com.st.stm32cube.ide.mcu.externaltools.gnu-tools-for-stm32.10.3-2021.10.win32_1.0.0.202111181127/tools/bin/../lib/gcc/arm-none-eabi/10.3.1/../../../../arm-none-eabi/lib/thumb/v7-m/nofp\libc_nano.a(lib_a-init.o)
                0x0000000008001e54                __libc_init_array
 .text.memset   0x0000000008001e9c       0x10 c:/st/stm32cubeide_1.9.0/stm32cubeide/plugins/com.st.stm32cube.ide.mcu.externaltools.gnu-tools-for-stm32.10.3-2021.10.win32_1.0.0.202111181127/tools/bin/../lib/gcc/arm-none-eabi/10.3.1/../../../../arm-none-eabi/lib/thumb/v7-m/nofp\libc_nano.a(lib_a-memset.o)
                0x0000000008001e9c                memset
 *(.glue_7)
 .glue_7        0x0000000008001eac        0x0 linker stubs
 *(.glue_7t)
 .glue_7t       0x0000000008001eac        0x0 linker stubs
 *(.eh_frame)
 .eh_frame      0x0000000008001eac        0x0 c:/st/stm32cubeide_1.9.0/stm32cubeide/plugins/com.st.stm32cube.ide.mcu.externaltools.gnu-tools-for-stm32.10.3-2021.10.win32_1.0.0.202111181127/tools/bin/../lib/gcc/arm-none-eabi/10.3.1/thumb/v7-m/nofp/crtbegin.o
 *(.init)
 .init          0x0000000008001eac        0x4 c:/st/stm32cubeide_1.9.0/stm32cubeide/plugins/com.st.stm32cube.ide.mcu.externaltools.gnu-tools-for-stm32.10.3-2021.10.win32_1.0.0.202111181127/tools/bin/../lib/gcc/arm-none-eabi/10.3.1/thumb/v7-m/nofp/crti.o
                0x0000000008001eac                _init
 .init          0x0000000008001eb0        0x8 c:/st/stm32cubeide_1.9.0/stm32cubeide/plugins/com.st.stm32cube.ide.mcu.externaltools.gnu-tools-for-stm32.10.3-2021.10.win32_1.0.0.202111181127/tools/bin/../lib/gcc/arm-none-eabi/10.3.1/thumb/v7-m/nofp/crtn.o
 *(.fini)
 .fini          0x0000000008001eb8        0x4 c:/st/stm32cubeide_1.9.0/stm32cubeide/plugins/com.st.stm32cube.ide.mcu.externaltools.gnu-tools-for-stm32.10.3-2021.10.win32_1.0.0.202111181127/tools/bin/../lib/gcc/arm-none-eabi/10.3.1/thumb/v7-m/nofp/crti.o
                0x0000000008001eb8                _fini
 .fini          0x0000000008001ebc        0x8 c:/st/stm32cubeide_1.9.0/stm32cubeide/plugins/com.st.stm32cube.ide.mcu.externaltools.gnu-tools-for-stm32.10.3-2021.10.win32_1.0.0.202111181127/tools/bin/../lib/gcc/arm-none-eabi/10.3.1/thumb/v7-m/nofp/crtn.o
                0x0000000008001ec4                . = ALIGN (0x4)
                0x0000000008001ec4                _etext = .

.vfp11_veneer   0x0000000008001ec4        0x0
 .vfp11_veneer  0x0000000008001ec4        0x0 linker stubs

.v4_bx          0x0000000008001ec4        0x0
 .v4_bx         0x0000000008001ec4        0x0 linker stubs

.iplt           0x0000000008001ec4        0x0
 .iplt          0x0000000008001ec4        0x0 c:/st/stm32cubeide_1.9.0/stm32cubeide/plugins/com.st.stm32cube.ide.mcu.externaltools.gnu-tools-for-stm32.10.3-2021.10.win32_1.0.0.202111181127/tools/bin/../lib/gcc/arm-none-eabi/10.3.1/thumb/v7-m/nofp/crtbegin.o

.rodata         0x0000000008001ec4       0x4c
                0x0000000008001ec4                . = ALIGN (0x4)
 *(.rodata)
 .rodata        0x0000000008001ec4       0x1d ./Core/Src/main.o
 *(.rodata*)
 *fill*         0x0000000008001ee1        0x3 
 .rodata.AHBPrescTable
                0x0000000008001ee4       0x10 ./Core/Src/system_stm32f1xx.o
                0x0000000008001ee4                AHBPrescTable
 .rodata.APBPrescTable
                0x0000000008001ef4        0x8 ./Core/Src/system_stm32f1xx.o
                0x0000000008001ef4                APBPrescTable
 .rodata.aPLLMULFactorTable.1
                0x0000000008001efc       0x10 ./Drivers/STM32F1xx_HAL_Driver/Src/stm32f1xx_hal_rcc.o
 .rodata.aPredivFactorTable.0
                0x0000000008001f0c        0x2 ./Drivers/STM32F1xx_HAL_Driver/Src/stm32f1xx_hal_rcc.o
                0x0000000008001f10                . = ALIGN (0x4)
 *fill*         0x0000000008001f0e        0x2 

.rel.dyn        0x0000000008001f10        0x0
 .rel.iplt      0x0000000008001f10        0x0 c:/st/stm32cubeide_1.9.0/stm32cubeide/plugins/com.st.stm32cube.ide.mcu.externaltools.gnu-tools-for-stm32.10.3-2021.10.win32_1.0.0.202111181127/tools/bin/../lib/gcc/arm-none-eabi/10.3.1/thumb/v7-m/nofp/crtbegin.o

.ARM.extab      0x0000000008001f10        0x0
                0x0000000008001f10                . = ALIGN (0x4)
 *(.ARM.extab* .gnu.linkonce.armextab.*)
                0x0000000008001f10                . = ALIGN (0x4)

.ARM            0x0000000008001f10        0x0
                0x0000000008001f10                . = ALIGN (0x4)
                0x0000000008001f10                __exidx_start = .
 *(.ARM.exidx*)
                0x0000000008001f10                __exidx_end = .
                0x0000000008001f10                . = ALIGN (0x4)

.preinit_array  0x0000000008001f10        0x0
                0x0000000008001f10                . = ALIGN (0x4)
                0x0000000008001f10                PROVIDE (__preinit_array_start = .)
 *(.preinit_array*)
                0x0000000008001f10                PROVIDE (__preinit_array_end = .)
                0x0000000008001f10                . = ALIGN (0x4)

.init_array     0x0000000008001f10        0x4
                0x0000000008001f10                . = ALIGN (0x4)
                0x0000000008001f10                PROVIDE (__init_array_start = .)
 *(SORT_BY_NAME(.init_array.*))
 *(.init_array*)
 .init_array    0x0000000008001f10        0x4 c:/st/stm32cubeide_1.9.0/stm32cubeide/plugins/com.st.stm32cube.ide.mcu.externaltools.gnu-tools-for-stm32.10.3-2021.10.win32_1.0.0.202111181127/tools/bin/../lib/gcc/arm-none-eabi/10.3.1/thumb/v7-m/nofp/crtbegin.o
                0x0000000008001f14                PROVIDE (__init_array_end = .)
                0x0000000008001f14                . = ALIGN (0x4)

.fini_array     0x0000000008001f14        0x4
                0x0000000008001f14                . = ALIGN (0x4)
                [!provide]                        PROVIDE (__fini_array_start = .)
 *(SORT_BY_NAME(.fini_array.*))
 *(.fini_array*)
 .fini_array    0x0000000008001f14        0x4 c:/st/stm32cubeide_1.9.0/stm32cubeide/plugins/com.st.stm32cube.ide.mcu.externaltools.gnu-tools-for-stm32.10.3-2021.10.win32_1.0.0.202111181127/tools/bin/../lib/gcc/arm-none-eabi/10.3.1/thumb/v7-m/nofp/crtbegin.o
                [!provide]                        PROVIDE (__fini_array_end = .)
                0x0000000008001f18                . = ALIGN (0x4)
                0x0000000008001f18                _sidata = LOADADDR (.data)

.data           0x0000000020000000        0xc load address 0x0000000008001f18
                0x0000000020000000                . = ALIGN (0x4)
                0x0000000020000000                _sdata = .
 *(.data)
 *(.data*)
 .data.SystemCoreClock
                0x0000000020000000        0x4 ./Core/Src/system_stm32f1xx.o
                0x0000000020000000                SystemCoreClock
 .data.uwTickPrio
                0x0000000020000004        0x4 ./Drivers/STM32F1xx_HAL_Driver/Src/stm32f1xx_hal.o
                0x0000000020000004                uwTickPrio
 .data.uwTickFreq
                0x0000000020000008        0x1 ./Drivers/STM32F1xx_HAL_Driver/Src/stm32f1xx_hal.o
                0x0000000020000008                uwTickFreq
 *(.RamFunc)
 *(.RamFunc*)
                0x000000002000000c                . = ALIGN (0x4)
 *fill*         0x0000000020000009        0x3 
                0x000000002000000c                _edata = .

.igot.plt       0x000000002000000c        0x0 load address 0x0000000008001f24
 .igot.plt      0x000000002000000c        0x0 c:/st/stm32cubeide_1.9.0/stm32cubeide/plugins/com.st.stm32cube.ide.mcu.externaltools.gnu-tools-for-stm32.10.3-2021.10.win32_1.0.0.202111181127/tools/bin/../lib/gcc/arm-none-eabi/10.3.1/thumb/v7-m/nofp/crtbegin.o
                0x000000002000000c                . = ALIGN (0x4)

.bss            0x000000002000000c       0xd0 load address 0x0000000008001f24
                0x000000002000000c                _sbss = .
                0x000000002000000c                __bss_start__ = _sbss
 *(.bss)
 .bss           0x000000002000000c       0x1c c:/st/stm32cubeide_1.9.0/stm32cubeide/plugins/com.st.stm32cube.ide.mcu.externaltools.gnu-tools-for-stm32.10.3-2021.10.win32_1.0.0.202111181127/tools/bin/../lib/gcc/arm-none-eabi/10.3.1/thumb/v7-m/nofp/crtbegin.o
 *(.bss*)
 .bss.LCD_Opts_High
                0x0000000020000028        0x5 ./Core/Src/LCD.o
 *fill*         0x000000002000002d        0x3 
 .bss.LCD_Opts_Low
                0x0000000020000030        0x5 ./Core/Src/LCD.o
 *fill*         0x0000000020000035        0x3 
 .bss.hspi2     0x0000000020000038       0x58 ./Core/Src/spi.o
                0x0000000020000038                hspi2
 .bss.huart1    0x0000000020000090       0x48 ./Core/Src/usart.o
                0x0000000020000090                huart1
 .bss.uwTick    0x00000000200000d8        0x4 ./Drivers/STM32F1xx_HAL_Driver/Src/stm32f1xx_hal.o
                0x00000000200000d8                uwTick
 *(COMMON)
                0x00000000200000dc                . = ALIGN (0x4)
                0x00000000200000dc                _ebss = .
                0x00000000200000dc                __bss_end__ = _ebss

._user_heap_stack
                0x00000000200000dc      0x604 load address 0x0000000008001f24
                0x00000000200000e0                . = ALIGN (0x8)
 *fill*         0x00000000200000dc        0x4 
                [!provide]                        PROVIDE (end = .)
                0x00000000200000e0                PROVIDE (_end = .)
                0x00000000200002e0                . = (. + _Min_Heap_Size)
 *fill*         0x00000000200000e0      0x200 
                0x00000000200006e0                . = (. + _Min_Stack_Size)
 *fill*         0x00000000200002e0      0x400 
                0x00000000200006e0                . = ALIGN (0x8)

/DISCARD/
 libc.a(*)
 libm.a(*)
 libgcc.a(*)

.ARM.attributes
                0x0000000000000000       0x29
 *(.ARM.attributes)
 .ARM.attributes
                0x0000000000000000       0x1d c:/st/stm32cubeide_1.9.0/stm32cubeide/plugins/com.st.stm32cube.ide.mcu.externaltools.gnu-tools-for-stm32.10.3-2021.10.win32_1.0.0.202111181127/tools/bin/../lib/gcc/arm-none-eabi/10.3.1/thumb/v7-m/nofp/crti.o
 .ARM.attributes
                0x000000000000001d       0x2d c:/st/stm32cubeide_1.9.0/stm32cubeide/plugins/com.st.stm32cube.ide.mcu.externaltools.gnu-tools-for-stm32.10.3-2021.10.win32_1.0.0.202111181127/tools/bin/../lib/gcc/arm-none-eabi/10.3.1/thumb/v7-m/nofp/crtbegin.o
 .ARM.attributes
                0x000000000000004a       0x2d ./Core/Src/LCD.o
 .ARM.attributes
                0x0000000000000077       0x2d ./Core/Src/gpio.o
 .ARM.attributes
                0x00000000000000a4       0x2d ./Core/Src/main.o
 .ARM.attributes
                0x00000000000000d1       0x2d ./Core/Src/spi.o
 .ARM.attributes
                0x00000000000000fe       0x2d ./Core/Src/stm32f1xx_hal_msp.o
 .ARM.attributes
                0x000000000000012b       0x2d ./Core/Src/stm32f1xx_it.o
 .ARM.attributes
                0x0000000000000158       0x2d ./Core/Src/system_stm32f1xx.o
 .ARM.attributes
                0x0000000000000185       0x2d ./Core/Src/usart.o
 .ARM.attributes
                0x00000000000001b2       0x21 ./Core/Startup/startup_stm32f103c8tx.o
 .ARM.attributes
                0x00000000000001d3       0x2d ./Drivers/STM32F1xx_HAL_Driver/Src/stm32f1xx_hal.o
 .ARM.attributes
                0x0000000000000200       0x2d ./Drivers/STM32F1xx_HAL_Driver/Src/stm32f1xx_hal_cortex.o
 .ARM.attributes
                0x000000000000022d       0x2d ./Drivers/STM32F1xx_HAL_Driver/Src/stm32f1xx_hal_gpio.o
 .ARM.attributes
                0x000000000000025a       0x2d ./Drivers/STM32F1xx_HAL_Driver/Src/stm32f1xx_hal_rcc.o
 .ARM.attributes
                0x0000000000000287       0x2d ./Drivers/STM32F1xx_HAL_Driver/Src/stm32f1xx_hal_spi.o
 .ARM.attributes
                0x00000000000002b4       0x2d ./Drivers/STM32F1xx_HAL_Driver/Src/stm32f1xx_hal_uart.o
 .ARM.attributes
                0x00000000000002e1       0x2d c:/st/stm32cubeide_1.9.0/stm32cubeide/plugins/com.st.stm32cube.ide.mcu.externaltools.gnu-tools-for-stm32.10.3-2021.10.win32_1.0.0.202111181127/tools/bin/../lib/gcc/arm-none-eabi/10.3.1/../../../../arm-none-eabi/lib/thumb/v7-m/nofp\libc_nano.a(lib_a-init.o)
 .ARM.attributes
                0x000000000000030e       0x2d c:/st/stm32cubeide_1.9.0/stm32cubeide/plugins/com.st.stm32cube.ide.mcu.externaltools.gnu-tools-for-stm32.10.3-2021.10.win32_1.0.0.202111181127/tools/bin/../lib/gcc/arm-none-eabi/10.3.1/../../../../arm-none-eabi/lib/thumb/v7-m/nofp\libc_nano.a(lib_a-memset.o)
 .ARM.attributes
                0x000000000000033b       0x1d c:/st/stm32cubeide_1.9.0/stm32cubeide/plugins/com.st.stm32cube.ide.mcu.externaltools.gnu-tools-for-stm32.10.3-2021.10.win32_1.0.0.202111181127/tools/bin/../lib/gcc/arm-none-eabi/10.3.1/thumb/v7-m/nofp/crtn.o
OUTPUT(QO100.elf elf32-littlearm)
LOAD linker stubs
LOAD c:/st/stm32cubeide_1.9.0/stm32cubeide/plugins/com.st.stm32cube.ide.mcu.externaltools.gnu-tools-for-stm32.10.3-2021.10.win32_1.0.0.202111181127/tools/bin/../lib/gcc/arm-none-eabi/10.3.1/../../../../arm-none-eabi/lib/thumb/v7-m/nofp\libc.a
LOAD c:/st/stm32cubeide_1.9.0/stm32cubeide/plugins/com.st.stm32cube.ide.mcu.externaltools.gnu-tools-for-stm32.10.3-2021.10.win32_1.0.0.202111181127/tools/bin/../lib/gcc/arm-none-eabi/10.3.1/../../../../arm-none-eabi/lib/thumb/v7-m/nofp\libm.a
LOAD c:/st/stm32cubeide_1.9.0/stm32cubeide/plugins/com.st.stm32cube.ide.mcu.externaltools.gnu-tools-for-stm32.10.3-2021.10.win32_1.0.0.202111181127/tools/bin/../lib/gcc/arm-none-eabi/10.3.1/thumb/v7-m/nofp\libgcc.a

.debug_info     0x0000000000000000     0x8d38
 .debug_info    0x0000000000000000      0x866 ./Core/Src/LCD.o
 .debug_info    0x0000000000000866      0x30b ./Core/Src/gpio.o
 .debug_info    0x0000000000000b71      0x31a ./Core/Src/main.o
 .debug_info    0x0000000000000e8b      0x82f ./Core/Src/spi.o
 .debug_info    0x00000000000016ba      0x210 ./Core/Src/stm32f1xx_hal_msp.o
 .debug_info    0x00000000000018ca      0x122 ./Core/Src/stm32f1xx_it.o
 .debug_info    0x00000000000019ec      0x23d ./Core/Src/system_stm32f1xx.o
 .debug_info    0x0000000000001c29      0x810 ./Core/Src/usart.o
 .debug_info    0x0000000000002439       0x22 ./Core/Startup/startup_stm32f103c8tx.o
 .debug_info    0x000000000000245b      0x734 ./Drivers/STM32F1xx_HAL_Driver/Src/stm32f1xx_hal.o
 .debug_info    0x0000000000002b8f      0xb20 ./Drivers/STM32F1xx_HAL_Driver/Src/stm32f1xx_hal_cortex.o
 .debug_info    0x00000000000036af      0x615 ./Drivers/STM32F1xx_HAL_Driver/Src/stm32f1xx_hal_gpio.o
 .debug_info    0x0000000000003cc4      0x865 ./Drivers/STM32F1xx_HAL_Driver/Src/stm32f1xx_hal_rcc.o
 .debug_info    0x0000000000004529     0x165d ./Drivers/STM32F1xx_HAL_Driver/Src/stm32f1xx_hal_spi.o
 .debug_info    0x0000000000005b86     0x31b2 ./Drivers/STM32F1xx_HAL_Driver/Src/stm32f1xx_hal_uart.o

.debug_abbrev   0x0000000000000000     0x1a01
 .debug_abbrev  0x0000000000000000      0x27a ./Core/Src/LCD.o
 .debug_abbrev  0x000000000000027a      0x134 ./Core/Src/gpio.o
 .debug_abbrev  0x00000000000003ae      0x183 ./Core/Src/main.o
 .debug_abbrev  0x0000000000000531      0x1ce ./Core/Src/spi.o
 .debug_abbrev  0x00000000000006ff       0xd4 ./Core/Src/stm32f1xx_hal_msp.o
 .debug_abbrev  0x00000000000007d3       0x74 ./Core/Src/stm32f1xx_it.o
 .debug_abbrev  0x0000000000000847      0x13b ./Core/Src/system_stm32f1xx.o
 .debug_abbrev  0x0000000000000982      0x1d5 ./Core/Src/usart.o
 .debug_abbrev  0x0000000000000b57       0x12 ./Core/Startup/startup_stm32f103c8tx.o
 .debug_abbrev  0x0000000000000b69      0x1fb ./Drivers/STM32F1xx_HAL_Driver/Src/stm32f1xx_hal.o
 .debug_abbrev  0x0000000000000d64      0x2ed ./Drivers/STM32F1xx_HAL_Driver/Src/stm32f1xx_hal_cortex.o
 .debug_abbrev  0x0000000000001051      0x1bb ./Drivers/STM32F1xx_HAL_Driver/Src/stm32f1xx_hal_gpio.o
 .debug_abbrev  0x000000000000120c      0x2a8 ./Drivers/STM32F1xx_HAL_Driver/Src/stm32f1xx_hal_rcc.o
 .debug_abbrev  0x00000000000014b4      0x26e ./Drivers/STM32F1xx_HAL_Driver/Src/stm32f1xx_hal_spi.o
 .debug_abbrev  0x0000000000001722      0x2df ./Drivers/STM32F1xx_HAL_Driver/Src/stm32f1xx_hal_uart.o

.debug_aranges  0x0000000000000000      0x978
 .debug_aranges
                0x0000000000000000      0x158 ./Core/Src/LCD.o
 .debug_aranges
                0x0000000000000158       0x20 ./Core/Src/gpio.o
 .debug_aranges
                0x0000000000000178       0x30 ./Core/Src/main.o
 .debug_aranges
                0x00000000000001a8       0x30 ./Core/Src/spi.o
 .debug_aranges
                0x00000000000001d8       0x20 ./Core/Src/stm32f1xx_hal_msp.o
 .debug_aranges
                0x00000000000001f8       0x60 ./Core/Src/stm32f1xx_it.o
 .debug_aranges
                0x0000000000000258       0x28 ./Core/Src/system_stm32f1xx.o
 .debug_aranges
                0x0000000000000280       0x30 ./Core/Src/usart.o
 .debug_aranges
                0x00000000000002b0       0x28 ./Core/Startup/startup_stm32f103c8tx.o
 .debug_aranges
                0x00000000000002d8       0xe0 ./Drivers/STM32F1xx_HAL_Driver/Src/stm32f1xx_hal.o
 .debug_aranges
                0x00000000000003b8      0x100 ./Drivers/STM32F1xx_HAL_Driver/Src/stm32f1xx_hal_cortex.o
 .debug_aranges
                0x00000000000004b8       0x58 ./Drivers/STM32F1xx_HAL_Driver/Src/stm32f1xx_hal_gpio.o
 .debug_aranges
                0x0000000000000510       0x90 ./Drivers/STM32F1xx_HAL_Driver/Src/stm32f1xx_hal_rcc.o
 .debug_aranges
                0x00000000000005a0      0x1d0 ./Drivers/STM32F1xx_HAL_Driver/Src/stm32f1xx_hal_spi.o
 .debug_aranges
                0x0000000000000770      0x208 ./Drivers/STM32F1xx_HAL_Driver/Src/stm32f1xx_hal_uart.o

.debug_ranges   0x0000000000000000      0x8c0
 .debug_ranges  0x0000000000000000      0x148 ./Core/Src/LCD.o
 .debug_ranges  0x0000000000000148       0x10 ./Core/Src/gpio.o
 .debug_ranges  0x0000000000000158       0x20 ./Core/Src/main.o
 .debug_ranges  0x0000000000000178       0x20 ./Core/Src/spi.o
 .debug_ranges  0x0000000000000198       0x10 ./Core/Src/stm32f1xx_hal_msp.o
 .debug_ranges  0x00000000000001a8       0x50 ./Core/Src/stm32f1xx_it.o
 .debug_ranges  0x00000000000001f8       0x18 ./Core/Src/system_stm32f1xx.o
 .debug_ranges  0x0000000000000210       0x20 ./Core/Src/usart.o
 .debug_ranges  0x0000000000000230       0x20 ./Core/Startup/startup_stm32f103c8tx.o
 .debug_ranges  0x0000000000000250       0xd0 ./Drivers/STM32F1xx_HAL_Driver/Src/stm32f1xx_hal.o
 .debug_ranges  0x0000000000000320       0xf0 ./Drivers/STM32F1xx_HAL_Driver/Src/stm32f1xx_hal_cortex.o
 .debug_ranges  0x0000000000000410       0x48 ./Drivers/STM32F1xx_HAL_Driver/Src/stm32f1xx_hal_gpio.o
 .debug_ranges  0x0000000000000458       0x80 ./Drivers/STM32F1xx_HAL_Driver/Src/stm32f1xx_hal_rcc.o
 .debug_ranges  0x00000000000004d8      0x1c0 ./Drivers/STM32F1xx_HAL_Driver/Src/stm32f1xx_hal_spi.o
 .debug_ranges  0x0000000000000698      0x228 ./Drivers/STM32F1xx_HAL_Driver/Src/stm32f1xx_hal_uart.o

.debug_macro    0x0000000000000000    0x16a48
 .debug_macro   0x0000000000000000      0x28a ./Core/Src/LCD.o
 .debug_macro   0x000000000000028a      0xa6c ./Core/Src/LCD.o
 .debug_macro   0x0000000000000cf6      0x21b ./Core/Src/LCD.o
 .debug_macro   0x0000000000000f11       0x2e ./Core/Src/LCD.o
 .debug_macro   0x0000000000000f3f       0x22 ./Core/Src/LCD.o
 .debug_macro   0x0000000000000f61       0x22 ./Core/Src/LCD.o
 .debug_macro   0x0000000000000f83       0x8e ./Core/Src/LCD.o
 .debug_macro   0x0000000000001011       0x51 ./Core/Src/LCD.o
 .debug_macro   0x0000000000001062      0x103 ./Core/Src/LCD.o
 .debug_macro   0x0000000000001165       0x6a ./Core/Src/LCD.o
 .debug_macro   0x00000000000011cf      0x1df ./Core/Src/LCD.o
 .debug_macro   0x00000000000013ae       0x1c ./Core/Src/LCD.o
 .debug_macro   0x00000000000013ca       0x22 ./Core/Src/LCD.o
 .debug_macro   0x00000000000013ec       0xbd ./Core/Src/LCD.o
 .debug_macro   0x00000000000014a9      0xd23 ./Core/Src/LCD.o
 .debug_macro   0x00000000000021cc     0xe09e ./Core/Src/LCD.o
 .debug_macro   0x000000000001026a       0x6d ./Core/Src/LCD.o
 .debug_macro   0x00000000000102d7     0x348d ./Core/Src/LCD.o
 .debug_macro   0x0000000000013764      0x174 ./Core/Src/LCD.o
 .debug_macro   0x00000000000138d8       0x5c ./Core/Src/LCD.o
 .debug_macro   0x0000000000013934      0x5bc ./Core/Src/LCD.o
 .debug_macro   0x0000000000013ef0      0x289 ./Core/Src/LCD.o
 .debug_macro   0x0000000000014179      0x1cb ./Core/Src/LCD.o
 .debug_macro   0x0000000000014344      0x114 ./Core/Src/LCD.o
 .debug_macro   0x0000000000014458      0x1b2 ./Core/Src/LCD.o
 .debug_macro   0x000000000001460a       0x27 ./Core/Src/LCD.o
 .debug_macro   0x0000000000014631      0x136 ./Core/Src/LCD.o
 .debug_macro   0x0000000000014767      0x1bc ./Core/Src/LCD.o
 .debug_macro   0x0000000000014923       0x34 ./Core/Src/LCD.o
 .debug_macro   0x0000000000014957       0x3c ./Core/Src/LCD.o
 .debug_macro   0x0000000000014993       0x57 ./Core/Src/LCD.o
 .debug_macro   0x00000000000149ea       0x87 ./Core/Src/LCD.o
 .debug_macro   0x0000000000014a71      0x240 ./Core/Src/LCD.o
 .debug_macro   0x0000000000014cb1      0x140 ./Core/Src/LCD.o
 .debug_macro   0x0000000000014df1      0x217 ./Core/Src/LCD.o
 .debug_macro   0x0000000000015008      0x28e ./Core/Src/LCD.o
 .debug_macro   0x0000000000015296       0x83 ./Core/Src/LCD.o
 .debug_macro   0x0000000000015319       0x94 ./Core/Src/LCD.o
 .debug_macro   0x00000000000153ad       0x82 ./Core/Src/LCD.o
 .debug_macro   0x000000000001542f      0x1b1 ./Core/Src/gpio.o
 .debug_macro   0x00000000000155e0      0x1dc ./Core/Src/main.o
 .debug_macro   0x00000000000157bc      0x1b1 ./Core/Src/spi.o
 .debug_macro   0x000000000001596d      0x1a7 ./Core/Src/stm32f1xx_hal_msp.o
 .debug_macro   0x0000000000015b14      0x1b1 ./Core/Src/stm32f1xx_it.o
 .debug_macro   0x0000000000015cc5      0x198 ./Core/Src/system_stm32f1xx.o
 .debug_macro   0x0000000000015e5d      0x1b1 ./Core/Src/usart.o
 .debug_macro   0x000000000001600e      0x1bc ./Drivers/STM32F1xx_HAL_Driver/Src/stm32f1xx_hal.o
 .debug_macro   0x00000000000161ca      0x198 ./Drivers/STM32F1xx_HAL_Driver/Src/stm32f1xx_hal_cortex.o
 .debug_macro   0x0000000000016362      0x203 ./Drivers/STM32F1xx_HAL_Driver/Src/stm32f1xx_hal_gpio.o
 .debug_macro   0x0000000000016565      0x1aa ./Drivers/STM32F1xx_HAL_Driver/Src/stm32f1xx_hal_rcc.o
 .debug_macro   0x000000000001670f      0x1a0 ./Drivers/STM32F1xx_HAL_Driver/Src/stm32f1xx_hal_spi.o
 .debug_macro   0x00000000000168af      0x199 ./Drivers/STM32F1xx_HAL_Driver/Src/stm32f1xx_hal_uart.o

.debug_line     0x0000000000000000     0xaa92
 .debug_line    0x0000000000000000      0xc87 ./Core/Src/LCD.o
 .debug_line    0x0000000000000c87      0x689 ./Core/Src/gpio.o
 .debug_line    0x0000000000001310      0x6f9 ./Core/Src/main.o
 .debug_line    0x0000000000001a09      0x6cb ./Core/Src/spi.o
 .debug_line    0x00000000000020d4      0x654 ./Core/Src/stm32f1xx_hal_msp.o
 .debug_line    0x0000000000002728      0x716 ./Core/Src/stm32f1xx_it.o
 .debug_line    0x0000000000002e3e      0x6d2 ./Core/Src/system_stm32f1xx.o
 .debug_line    0x0000000000003510      0x6c3 ./Core/Src/usart.o
 .debug_line    0x0000000000003bd3       0x86 ./Core/Startup/startup_stm32f103c8tx.o
 .debug_line    0x0000000000003c59      0x8ff ./Drivers/STM32F1xx_HAL_Driver/Src/stm32f1xx_hal.o
 .debug_line    0x0000000000004558      0xae7 ./Drivers/STM32F1xx_HAL_Driver/Src/stm32f1xx_hal_cortex.o
 .debug_line    0x000000000000503f      0x998 ./Drivers/STM32F1xx_HAL_Driver/Src/stm32f1xx_hal_gpio.o
 .debug_line    0x00000000000059d7      0xd0b ./Drivers/STM32F1xx_HAL_Driver/Src/stm32f1xx_hal_rcc.o
 .debug_line    0x00000000000066e2     0x1b80 ./Drivers/STM32F1xx_HAL_Driver/Src/stm32f1xx_hal_spi.o
 .debug_line    0x0000000000008262     0x2830 ./Drivers/STM32F1xx_HAL_Driver/Src/stm32f1xx_hal_uart.o

.debug_str      0x0000000000000000    0x8071e
 .debug_str     0x0000000000000000    0x7e3d7 ./Core/Src/LCD.o
                                      0x7e71a (size before relaxing)
 .debug_str     0x000000000007e3d7       0x71 ./Core/Src/gpio.o
                                      0x7de3f (size before relaxing)
 .debug_str     0x000000000007e448      0x222 ./Core/Src/main.o
                                      0x7df9f (size before relaxing)
 .debug_str     0x000000000007e66a      0x3c0 ./Core/Src/spi.o
                                      0x7e250 (size before relaxing)
 .debug_str     0x000000000007ea2a       0x5a ./Core/Src/stm32f1xx_hal_msp.o
                                      0x7ddc7 (size before relaxing)
 .debug_str     0x000000000007ea84       0xc9 ./Core/Src/stm32f1xx_it.o
                                      0x7dddc (size before relaxing)
 .debug_str     0x000000000007eb4d       0x7e ./Core/Src/system_stm32f1xx.o
                                      0x7dc00 (size before relaxing)
 .debug_str     0x000000000007ebcb      0x1e4 ./Core/Src/usart.o
                                      0x7e287 (size before relaxing)
 .debug_str     0x000000000007edaf       0x36 ./Core/Startup/startup_stm32f103c8tx.o
                                         0x5a (size before relaxing)
 .debug_str     0x000000000007ede5      0x5d9 ./Drivers/STM32F1xx_HAL_Driver/Src/stm32f1xx_hal.o
                                      0x7e333 (size before relaxing)
 .debug_str     0x000000000007f3be      0x2bb ./Drivers/STM32F1xx_HAL_Driver/Src/stm32f1xx_hal_cortex.o
                                      0x7e27f (size before relaxing)
 .debug_str     0x000000000007f679      0x2e6 ./Drivers/STM32F1xx_HAL_Driver/Src/stm32f1xx_hal_gpio.o
                                      0x7df86 (size before relaxing)
 .debug_str     0x000000000007f95f      0x224 ./Drivers/STM32F1xx_HAL_Driver/Src/stm32f1xx_hal_rcc.o
                                      0x7e02f (size before relaxing)
 .debug_str     0x000000000007fb83      0x576 ./Drivers/STM32F1xx_HAL_Driver/Src/stm32f1xx_hal_spi.o
                                      0x7e52c (size before relaxing)
 .debug_str     0x00000000000800f9      0x625 ./Drivers/STM32F1xx_HAL_Driver/Src/stm32f1xx_hal_uart.o
                                      0x7e6a0 (size before relaxing)

.comment        0x0000000000000000       0x50
 .comment       0x0000000000000000       0x50 ./Core/Src/LCD.o
                                         0x51 (size before relaxing)
 .comment       0x0000000000000050       0x51 ./Core/Src/gpio.o
 .comment       0x0000000000000050       0x51 ./Core/Src/main.o
 .comment       0x0000000000000050       0x51 ./Core/Src/spi.o
 .comment       0x0000000000000050       0x51 ./Core/Src/stm32f1xx_hal_msp.o
 .comment       0x0000000000000050       0x51 ./Core/Src/stm32f1xx_it.o
 .comment       0x0000000000000050       0x51 ./Core/Src/system_stm32f1xx.o
 .comment       0x0000000000000050       0x51 ./Core/Src/usart.o
 .comment       0x0000000000000050       0x51 ./Drivers/STM32F1xx_HAL_Driver/Src/stm32f1xx_hal.o
 .comment       0x0000000000000050       0x51 ./Drivers/STM32F1xx_HAL_Driver/Src/stm32f1xx_hal_cortex.o
 .comment       0x0000000000000050       0x51 ./Drivers/STM32F1xx_HAL_Driver/Src/stm32f1xx_hal_gpio.o
 .comment       0x0000000000000050       0x51 ./Drivers/STM32F1xx_HAL_Driver/Src/stm32f1xx_hal_rcc.o
 .comment       0x0000000000000050       0x51 ./Drivers/STM32F1xx_HAL_Driver/Src/stm32f1xx_hal_spi.o
 .comment       0x0000000000000050       0x51 ./Drivers/STM32F1xx_HAL_Driver/Src/stm32f1xx_hal_uart.o

.debug_frame    0x0000000000000000     0x2494
 .debug_frame   0x0000000000000000      0x508 ./Core/Src/LCD.o
 .debug_frame   0x0000000000000508       0x34 ./Core/Src/gpio.o
 .debug_frame   0x000000000000053c       0x68 ./Core/Src/main.o
 .debug_frame   0x00000000000005a4       0x74 ./Core/Src/spi.o
 .debug_frame   0x0000000000000618       0x38 ./Core/Src/stm32f1xx_hal_msp.o
 .debug_frame   0x0000000000000650      0x104 ./Core/Src/stm32f1xx_it.o
 .debug_frame   0x0000000000000754       0x58 ./Core/Src/system_stm32f1xx.o
 .debug_frame   0x00000000000007ac       0x74 ./Core/Src/usart.o
 .debug_frame   0x0000000000000820      0x334 ./Drivers/STM32F1xx_HAL_Driver/Src/stm32f1xx_hal.o
 .debug_frame   0x0000000000000b54      0x428 ./Drivers/STM32F1xx_HAL_Driver/Src/stm32f1xx_hal_cortex.o
 .debug_frame   0x0000000000000f7c      0x14c ./Drivers/STM32F1xx_HAL_Driver/Src/stm32f1xx_hal_gpio.o
 .debug_frame   0x00000000000010c8      0x218 ./Drivers/STM32F1xx_HAL_Driver/Src/stm32f1xx_hal_rcc.o
 .debug_frame   0x00000000000012e0      0x824 ./Drivers/STM32F1xx_HAL_Driver/Src/stm32f1xx_hal_spi.o
 .debug_frame   0x0000000000001b04      0x944 ./Drivers/STM32F1xx_HAL_Driver/Src/stm32f1xx_hal_uart.o
 .debug_frame   0x0000000000002448       0x2c c:/st/stm32cubeide_1.9.0/stm32cubeide/plugins/com.st.stm32cube.ide.mcu.externaltools.gnu-tools-for-stm32.10.3-2021.10.win32_1.0.0.202111181127/tools/bin/../lib/gcc/arm-none-eabi/10.3.1/../../../../arm-none-eabi/lib/thumb/v7-m/nofp\libc_nano.a(lib_a-init.o)
 .debug_frame   0x0000000000002474       0x20 c:/st/stm32cubeide_1.9.0/stm32cubeide/plugins/com.st.stm32cube.ide.mcu.externaltools.gnu-tools-for-stm32.10.3-2021.10.win32_1.0.0.202111181127/tools/bin/../lib/gcc/arm-none-eabi/10.3.1/../../../../arm-none-eabi/lib/thumb/v7-m/nofp\libc_nano.a(lib_a-memset.o)
