../Core/Src/adc_stat.c:87:6:ADC_AVG_ResetArray	4	static
../Core/Src/adc_stat.c:113:6:ADC_AVG_IncludeSample	40	static
../Core/Src/adc_stat.c:191:9:ADC_AVG_GetMovingAverage	16	static
../Core/Src/adc_stat.c:221:25:ADC_AVG_GetHistoricalMax	4	static
../Core/Src/adc_stat.c:230:25:ADC_AVG_GetHistoricalMin	4	static
../Core/Src/adc_stat.c:257:10:sqrt_int32	32	static
../Core/Src/adc_stat.c:295:6:ADC_AVG_CalcArrayStatistics	32	static
../Core/Src/adc_stat.c:339:25:ADC_AVG_GetArrayMax	4	static
../Core/Src/adc_stat.c:347:25:ADC_AVG_GetArrayMin	4	static
../Core/Src/adc_stat.c:357:25:ADC_AVG_GetArrayStdDev	4	static
../Core/Src/adc_stat.c:383:22:ADC_CNV_RecalculateOffsetCoefficient	16	static
../Core/Src/adc_stat.c:390:22:ADC_CNV_RecalculateFullscaleCoefficient	16	static
../Core/Src/adc_stat.c:402:22:ADC_CNV_GetCalibrationCoefficient	16	static
../Core/Src/adc_stat.c:410:22:ADC_CNV_SetCalibrationCoefficient	16	static
../Core/Src/adc_stat.c:423:25:ADC_CNV_ConvertCode2Real	16	static
../Core/Src/adc_stat.c:433:25:ADC_CNV_ConvertReal2Code	16	static
../Core/Src/adc_stat.c:444:25:ADC_CNV_ConvertDeltaCode2Real	16	static
../Core/Src/adc_stat.c:454:25:ADC_CNV_ConvertDeltaReal2Code	16	static
../Core/Src/adc_stat.c:470:6:ADC_AVG_Init	16	static
