../Core/Src/ads1256.c:323:6:ADS1256_Command_Reset	16	static
../Core/Src/ads1256.c:346:9:ADS1256_Command_ReadFromRegister	24	static
../Core/Src/ads1256.c:379:6:ADS1256_Command_WriteToRegister	24	static
../Core/Src/ads1256.c:420:6:ADS1256_Command_SelfCalibration	16	static
../Core/Src/ads1256.c:441:6:ADS1256_Command_SelfOffsetCalibration	16	static
../Core/Src/ads1256.c:462:6:ADS1256_Command_SelfGainCalibration	16	static
../Core/Src/ads1256.c:483:6:ADS1256_Command_SystemOffsetCalibration	16	static
../Core/Src/ads1256.c:504:6:ADS1256_Command_SystemGainCalibration	16	static
../Core/Src/ads1256.c:536:6:ADS1256_Command_Synchronize	16	static
../Core/Src/ads1256.c:559:6:ADS1256_Command_Standby	16	static
../Core/Src/ads1256.c:581:6:ADS1256_Command_WakeUp	16	static
../Core/Src/ads1256.c:620:6:ADS1256_API_Reset	8	static
../Core/Src/ads1256.c:637:6:ADS1256_API_Synchronize	8	static
../Core/Src/ads1256.c:654:6:ADS1256_API_Standby	8	static
../Core/Src/ads1256.c:671:6:ADS1256_API_WakeUp	8	static
../Core/Src/ads1256.c:694:9:ADS1256_API_GetDeviceID	16	static
../Core/Src/ads1256.c:716:9:ADS1256_API_GetBitOrderMode	16	static
../Core/Src/ads1256.c:733:6:ADS1256_API_SetBitOrderMode	24	static
../Core/Src/ads1256.c:765:9:ADS1256_API_GetAutoCalibrationMode	16	static
../Core/Src/ads1256.c:782:6:ADS1256_API_SetAutoCalibrationMode	24	static
../Core/Src/ads1256.c:804:25:ADS1256_API_IfAutoCalibrationOn	8	static
../Core/Src/ads1256.c:815:9:ADS1256_API_GetInputBufferMode	16	static
../Core/Src/ads1256.c:832:6:ADS1256_API_SetInputBufferMode	24	static
../Core/Src/ads1256.c:861:25:ADS1256_API_IfInputBufferOn	8	static
../Core/Src/ads1256.c:872:9:ADS1256_API_GetDataReadyBit	16	static
../Core/Src/ads1256.c:890:25:ADS1256_API_IfDataReady	8	static
../Core/Src/ads1256.c:902:6:ADS1256_API_WaitDRDY	8	static
../Core/Src/ads1256.c:931:22:ADS1256_API_SetMultiplexerSingleP	16	static
../Core/Src/ads1256.c:939:22:ADS1256_API_SetMultiplexerSingleN	16	static
../Core/Src/ads1256.c:947:6:ADS1256_API_SetMultiplexerDifferential	24	static
../Core/Src/ads1256.c:1045:9:ADS1256_API_GetClockOutMode	16	static
../Core/Src/ads1256.c:1062:6:ADS1256_API_SetClockOutMode	24	static
../Core/Src/ads1256.c:1085:25:ADS1256_API_IfClockOutOn	8	static
../Core/Src/ads1256.c:1102:9:ADS1256_API_GetSensorDetectionCurrentSources	16	static
../Core/Src/ads1256.c:1119:6:ADS1256_API_SetSensorDetectionCurrentSources	24	static
../Core/Src/ads1256.c:1142:25:ADS1256_API_IfSensorDetectionCurrentSourcesOn	8	static
../Core/Src/ads1256.c:1154:9:ADS1256_API_GetProgrammableGainAmplifierMode	16	static
../Core/Src/ads1256.c:1171:6:ADS1256_API_SetProgrammableGainAmplifierMode	24	static
../Core/Src/ads1256.c:1218:9:ADS1256_Convert_SPS2DRATE	16	static
../Core/Src/ads1256.c:1258:10:ADS1256_Convert_DRATE2SPS	16	static
../Core/Src/ads1256.c:1308:6:ADS1256_API_SetDataRateMode	16	static
../Core/Src/ads1256.c:1339:22:ADS1256_API_SetDataRateModeSPS	16	static
../Core/Src/ads1256.c:1346:26:ADS1256_API_GetDataRateModeSPS	16	static
../Core/Src/ads1256.c:1376:10:ADS1256_API_GetOffsetCalibrationCoefficient	16	static
../Core/Src/ads1256.c:1399:6:ADS1256_API_SetOffsetCalibrationCoefficient	16	static
../Core/Src/ads1256.c:1420:10:ADS1256_API_GetFullscaleCallibrationCoefficient	16	static
../Core/Src/ads1256.c:1443:6:ADS1256_API_SetFullscaleCallibrationCoefficient	16	static
../Core/Src/ads1256.c:1464:6:ADS1256_API_DoSelfCalibration	8	static
../Core/Src/ads1256.c:1490:6:ADS1256_Init	8	static
../Core/Src/ads1256.c:1545:6:ADS1256_Test	8	static
../Core/Src/ads1256.c:1562:9:ADS1256_Command_ReadData	16	static
../Core/Src/ads1256.c:1614:9:ADS1256_API_ConvertDataOnce	16	static
../Core/Src/ads1256.c:1637:9:ADS1256_API_ReadLastData	16	static
../Core/Src/ads1256.c:1696:34:ADS1256_API_GetDataRegistrator	4	static
../Core/Src/ads1256.c:1705:22:ADS1256_API_SetDataRegistrator	16	static
../Core/Src/ads1256.c:1714:6:ADS1256_Command_RunDataContinuousMode	16	static
../Core/Src/ads1256.c:1734:6:ADS1256_API_RunDataContinuousMode	8	static
../Core/Src/ads1256.c:1763:6:ADS1256_API_StopDataContinuousMode	8	static
../Core/Src/ads1256.c:1786:6:ADS1256_API_StopDataContinuousModeSynchronous	8	static
../Core/Src/ads1256.c:1799:25:ADS1256_API_IfDataContinuousMode	4	static
../Core/Src/ads1256.c:1809:22:ADS1256_INTERRUPT_OnDRDY	24	static
../Core/Src/ads1256.c:1883:22:ADS1256_INTERRUPT_OnSPI	24	static
