../Core/Src/LCD.c:75:7:LCD_Delay_us	24	static
../Core/Src/LCD.c:82:7:LCD_Delay_ms	16	static
../Core/Src/LCD.c:91:6:LCD_Init_High	8	static
../Core/Src/LCD.c:125:6:LCD_Clear_High	8	static
../Core/Src/LCD.c:131:6:LCD_Puts_High	16	static
../Core/Src/LCD.c:160:6:LCD_DisplayOn_High	8	static
../Core/Src/LCD.c:166:6:LCD_DisplayOff_High	8	static
../Core/Src/LCD.c:172:6:LCD_BlinkOn_High	8	static
../Core/Src/LCD.c:178:6:LCD_BlinkOff_High	8	static
../Core/Src/LCD.c:184:6:LCD_CursorOn_High	8	static
../Core/Src/LCD.c:190:6:LCD_CursorOff_High	8	static
../Core/Src/LCD.c:196:6:LCD_ScrollLeft_High	8	static
../Core/Src/LCD.c:201:6:LCD_ScrollRight_High	8	static
../Core/Src/LCD.c:206:6:LCD_CreateChar_High	24	static
../Core/Src/LCD.c:218:6:LCD_Put_High	16	static
../Core/Src/LCD.c:224:6:LCD_PutCustom_High	16	static
../Core/Src/LCD.c:230:13:LCD_Cmd_High	16	static
../Core/Src/LCD.c:237:13:LCD_Data_High	16	static
../Core/Src/LCD.c:244:13:LCD_Cmd4bit_High	16	static
../Core/Src/LCD.c:253:13:LCD_CursorSet_High	24	static
../Core/Src/LCD.c:263:6:LCD_Init_Port	24	static
../Core/Src/LCD.c:289:6:LCD_Init_Low	8	static
../Core/Src/LCD.c:323:6:LCD_Clear_Low	8	static
../Core/Src/LCD.c:329:6:LCD_Puts_Low	16	static
../Core/Src/LCD.c:358:6:LCD_DisplayOn_Low	8	static
../Core/Src/LCD.c:364:6:LCD_DisplayOff_Low	8	static
../Core/Src/LCD.c:370:6:LCD_BlinkOn_Low	8	static
../Core/Src/LCD.c:376:6:LCD_BlinkOff_Low	8	static
../Core/Src/LCD.c:382:6:LCD_CursorOn_Low	8	static
../Core/Src/LCD.c:388:6:LCD_CursorOff_Low	8	static
../Core/Src/LCD.c:394:6:LCD_ScrollLeft_Low	8	static
../Core/Src/LCD.c:399:6:LCD_ScrollRight_Low	8	static
../Core/Src/LCD.c:404:6:LCD_CreateChar_Low	24	static
../Core/Src/LCD.c:416:6:LCD_Put_Low	16	static
../Core/Src/LCD.c:422:6:LCD_PutCustom_Low	16	static
../Core/Src/LCD.c:428:13:LCD_Cmd_Low	16	static
../Core/Src/LCD.c:435:13:LCD_Data_Low	16	static
../Core/Src/LCD.c:442:13:LCD_Cmd4bit_Low	16	static
../Core/Src/LCD.c:451:13:LCD_CursorSet_Low	24	static
../Core/Src/LCD.c:461:6:LCD_Init	8	static
